
Memory Configuration

Name             Origin             Length             Attributes
*default*        0x00000000         0xffffffff

Linker script and memory map

LOAD ll40ls.cpp.o

.interp
 *(.interp)

.note.gnu.build-id
 *(.note.gnu.build-id)

.hash
 *(.hash)

.gnu.hash
 *(.gnu.hash)

.dynsym
 *(.dynsym)

.dynstr
 *(.dynstr)

.gnu.version
 *(.gnu.version)

.gnu.version_d
 *(.gnu.version_d)

.gnu.version_r
 *(.gnu.version_r)

.rel.init
 *(.rel.init)

.rela.init
 *(.rela.init)

.rel.text
 *(.rel.text)

.rela.text
 *(.rela.text)

.rel.fini
 *(.rel.fini)

.rela.fini
 *(.rela.fini)

.rel.rodata
 *(.rel.rodata)

.rela.rodata
 *(.rela.rodata)

.rel.data.rel.ro
 *(.rel.data.rel.ro)

.rela.data.rel.ro
 *(.rela.data.rel.ro)

.rel.data
 *(.rel.data)

.rela.data
 *(.rela.data)

.rel.tdata
 *(.rel.tdata)

.rela.tdata
 *(.rela.tdata)

.rel.tbss
 *(.rel.tbss)

.rela.tbss
 *(.rela.tbss)

.rel.ctors
 *(.rel.ctors)

.rela.ctors
 *(.rela.ctors)

.rel.dtors
 *(.rel.dtors)

.rela.dtors
 *(.rela.dtors)

.rel.got
 *(.rel.got)

.rela.got
 *(.rela.got)

.rel.bss
 *(.rel.bss)

.rela.bss
 *(.rela.bss)

.rel.iplt
 *(.rel.iplt)

.rela.iplt
 *(.rela.iplt)

.rel.plt
 *(.rel.plt)

.rela.plt
 *(.rela.plt)

.init
 *(.init)

.plt
 *(.plt)

.iplt
 *(.iplt)

.text           0x00000000        0x0
 *(.text .stub)
 .text          0x00000000        0x0 ll40ls.cpp.o
 *(.gnu.warning)

.text._ZN6ll40ls4stopEv
                0x00000000       0x34
 .text._ZN6ll40ls4stopEv
                0x00000000       0x34 ll40ls.cpp.o
                0x00000000                ll40ls::stop()

.text._ZN6ll40ls5resetEv
                0x00000000       0x68
 .text._ZN6ll40ls5resetEv
                0x00000000       0x68 ll40ls.cpp.o
                0x00000000                ll40ls::reset()

.text._ZN6ll40ls4testEv
                0x00000000      0x124
 .text._ZN6ll40ls4testEv
                0x00000000      0x124 ll40ls.cpp.o
                0x00000000                ll40ls::test()

.text._ZN6LL40LS20get_maximum_distanceEv
                0x00000000       0x30
 .text._ZN6LL40LS20get_maximum_distanceEv
                0x00000000       0x30 ll40ls.cpp.o
                0x00000000                LL40LS::get_maximum_distance()

.text._ZN6LL40LS20get_minimum_distanceEv
                0x00000000       0x30
 .text._ZN6LL40LS20get_minimum_distanceEv
                0x00000000       0x30 ll40ls.cpp.o
                0x00000000                LL40LS::get_minimum_distance()

.text._ZN6LL40LS20set_maximum_distanceEf
                0x00000000       0x30
 .text._ZN6LL40LS20set_maximum_distanceEf
                0x00000000       0x30 ll40ls.cpp.o
                0x00000000                LL40LS::set_maximum_distance(float)

.text._ZN6LL40LS20set_minimum_distanceEf
                0x00000000       0x30
 .text._ZN6LL40LS20set_minimum_distanceEf
                0x00000000       0x30 ll40ls.cpp.o
                0x00000000                LL40LS::set_minimum_distance(float)

.text._ZN10RingBuffer10print_infoEPKc
                0x00000000       0x44
 .text._ZN10RingBuffer10print_infoEPKc
                0x00000000       0x44 ll40ls.cpp.o
                0x00000000                RingBuffer::print_info(char const*)

.text._ZN6LL40LS10print_infoEv
                0x00000000       0x54
 .text._ZN6LL40LS10print_infoEv
                0x00000000       0x54 ll40ls.cpp.o
                0x00000000                LL40LS::print_info()

.text._ZN6ll40ls4infoEv
                0x00000000       0x3c
 .text._ZN6ll40ls4infoEv
                0x00000000       0x3c ll40ls.cpp.o
                0x00000000                ll40ls::info()

.text._ZN10RingBuffer5spaceEv
                0x00000000       0x38
 .text._ZN10RingBuffer5spaceEv
                0x00000000       0x38 ll40ls.cpp.o
                0x00000000                RingBuffer::space()

.text._ZN10RingBuffer5countEv
                0x00000000       0x2c
 .text._ZN10RingBuffer5countEv
                0x00000000       0x2c ll40ls.cpp.o
                0x00000000                RingBuffer::count()

.text._ZN10RingBuffer4sizeEv
                0x00000000       0x24
 .text._ZN10RingBuffer4sizeEv
                0x00000000       0x24 ll40ls.cpp.o
                0x00000000                RingBuffer::size()

.text._ZN10RingBuffer5emptyEv
                0x00000000       0x2c
 .text._ZN10RingBuffer5emptyEv
                0x00000000       0x2c ll40ls.cpp.o
                0x00000000                RingBuffer::empty()

.text._ZN10RingBuffer5_nextEj
                0x00000000       0x28
 .text._ZN10RingBuffer5_nextEj
                0x00000000       0x28 ll40ls.cpp.o
                0x00000000                RingBuffer::_next(unsigned int)

.text._ZN10RingBuffer4fullEv
                0x00000000       0x34
 .text._ZN10RingBuffer4fullEv
                0x00000000       0x34 ll40ls.cpp.o
                0x00000000                RingBuffer::full()

.text._ZN6LL40LS4stopEv
                0x00000000       0x2c
 .text._ZN6LL40LS4stopEv
                0x00000000       0x2c ll40ls.cpp.o
                0x00000000                LL40LS::stop()

.text._ZN6LL40LS7measureEv
                0x00000000       0x54
 .text._ZN6LL40LS7measureEv
                0x00000000       0x54 ll40ls.cpp.o
                0x00000000                LL40LS::measure()

.text._ZN6LL40LS5probeEv
                0x00000000       0x28
 .text._ZN6LL40LS5probeEv
                0x00000000       0x28 ll40ls.cpp.o
                0x00000000                LL40LS::probe()

.text._ZN6LL40LSD2Ev
                0x00000000       0x6c
 .text._ZN6LL40LSD2Ev
                0x00000000       0x6c ll40ls.cpp.o
                0x00000000                LL40LS::~LL40LS()
                0x00000000                LL40LS::~LL40LS()

.text._ZN6LL40LSD0Ev
                0x00000000       0x2c
 .text._ZN6LL40LSD0Ev
                0x00000000       0x2c ll40ls.cpp.o
                0x00000000                LL40LS::~LL40LS()

.text._ZN6LL40LSC2Eii
                0x00000000       0xc0
 .text._ZN6LL40LSC2Eii
                0x00000000       0xc0 ll40ls.cpp.o
                0x00000000                LL40LS::LL40LS(int, int)
                0x00000000                LL40LS::LL40LS(int, int)

.text._ZN6ll40ls5startEv
                0x00000000       0x88
 .text._ZN6ll40ls5startEv
                0x00000000       0x88 ll40ls.cpp.o
                0x00000000                ll40ls::start()

.text.ll40ls_main
                0x00000000       0x88
 .text.ll40ls_main
                0x00000000       0x88 ll40ls.cpp.o
                0x00000000                ll40ls_main

.text._ZN10RingBufferC2Ejj
                0x00000000       0x44
 .text._ZN10RingBufferC2Ejj
                0x00000000       0x44 ll40ls.cpp.o
                0x00000000                RingBuffer::RingBuffer(unsigned int, unsigned int)
                0x00000000                RingBuffer::RingBuffer(unsigned int, unsigned int)

.text._ZN10RingBuffer6resizeEj
                0x00000000       0x48
 .text._ZN10RingBuffer6resizeEj
                0x00000000       0x48 ll40ls.cpp.o
                0x00000000                RingBuffer::resize(unsigned int)

.text._ZN10RingBufferD2Ev
                0x00000000       0x30
 .text._ZN10RingBufferD2Ev
                0x00000000       0x30 ll40ls.cpp.o
                0x00000000                RingBuffer::~RingBuffer()
                0x00000000                RingBuffer::~RingBuffer()

.text._ZN10RingBufferD0Ev
                0x00000000       0x2c
 .text._ZN10RingBufferD0Ev
                0x00000000       0x2c ll40ls.cpp.o
                0x00000000                RingBuffer::~RingBuffer()

.text._ZN10RingBuffer3putEPKvj
                0x00000000       0x60
 .text._ZN10RingBuffer3putEPKvj
                0x00000000       0x60 ll40ls.cpp.o
                0x00000000                RingBuffer::put(void const*, unsigned int)

.text._ZN10RingBuffer3putEd
                0x00000000       0x34
 .text._ZN10RingBuffer3putEd
                0x00000000       0x34 ll40ls.cpp.o
                0x00000000                RingBuffer::put(double)

.text._ZN10RingBuffer3putEf
                0x00000000       0x34
 .text._ZN10RingBuffer3putEf
                0x00000000       0x34 ll40ls.cpp.o
                0x00000000                RingBuffer::put(float)

.text._ZN10RingBuffer3putEy
                0x00000000       0x34
 .text._ZN10RingBuffer3putEy
                0x00000000       0x34 ll40ls.cpp.o
                0x00000000                RingBuffer::put(unsigned long long)

.text._ZN10RingBuffer3putEx
                0x00000000       0x34
 .text._ZN10RingBuffer3putEx
                0x00000000       0x34 ll40ls.cpp.o
                0x00000000                RingBuffer::put(long long)

.text._ZN10RingBuffer3putEj
                0x00000000       0x34
 .text._ZN10RingBuffer3putEj
                0x00000000       0x34 ll40ls.cpp.o
                0x00000000                RingBuffer::put(unsigned int)

.text._ZN10RingBuffer3putEi
                0x00000000       0x34
 .text._ZN10RingBuffer3putEi
                0x00000000       0x34 ll40ls.cpp.o
                0x00000000                RingBuffer::put(int)

.text._ZN10RingBuffer3putEt
                0x00000000       0x34
 .text._ZN10RingBuffer3putEt
                0x00000000       0x34 ll40ls.cpp.o
                0x00000000                RingBuffer::put(unsigned short)

.text._ZN10RingBuffer3putEs
                0x00000000       0x34
 .text._ZN10RingBuffer3putEs
                0x00000000       0x34 ll40ls.cpp.o
                0x00000000                RingBuffer::put(short)

.text._ZN10RingBuffer3putEh
                0x00000000       0x34
 .text._ZN10RingBuffer3putEh
                0x00000000       0x34 ll40ls.cpp.o
                0x00000000                RingBuffer::put(unsigned char)

.text._ZN10RingBuffer3putEa
                0x00000000       0x34
 .text._ZN10RingBuffer3putEa
                0x00000000       0x34 ll40ls.cpp.o
                0x00000000                RingBuffer::put(signed char)

.text._ZN10RingBuffer3getEPvj
                0x00000000       0x84
 .text._ZN10RingBuffer3getEPvj
                0x00000000       0x84 ll40ls.cpp.o
                0x00000000                RingBuffer::get(void*, unsigned int)

.text._ZN6LL40LS4initEv
                0x00000000       0x98
 .text._ZN6LL40LS4initEv
                0x00000000       0x98 ll40ls.cpp.o
                0x00000000                LL40LS::init()

.text._ZN10RingBuffer3getERd
                0x00000000       0x30
 .text._ZN10RingBuffer3getERd
                0x00000000       0x30 ll40ls.cpp.o
                0x00000000                RingBuffer::get(double&)

.text._ZN10RingBuffer3getERf
                0x00000000       0x30
 .text._ZN10RingBuffer3getERf
                0x00000000       0x30 ll40ls.cpp.o
                0x00000000                RingBuffer::get(float&)

.text._ZN10RingBuffer3getERy
                0x00000000       0x30
 .text._ZN10RingBuffer3getERy
                0x00000000       0x30 ll40ls.cpp.o
                0x00000000                RingBuffer::get(unsigned long long&)

.text._ZN10RingBuffer3getERx
                0x00000000       0x30
 .text._ZN10RingBuffer3getERx
                0x00000000       0x30 ll40ls.cpp.o
                0x00000000                RingBuffer::get(long long&)

.text._ZN10RingBuffer3getERj
                0x00000000       0x30
 .text._ZN10RingBuffer3getERj
                0x00000000       0x30 ll40ls.cpp.o
                0x00000000                RingBuffer::get(unsigned int&)

.text._ZN10RingBuffer3getERi
                0x00000000       0x30
 .text._ZN10RingBuffer3getERi
                0x00000000       0x30 ll40ls.cpp.o
                0x00000000                RingBuffer::get(int&)

.text._ZN10RingBuffer3getERt
                0x00000000       0x30
 .text._ZN10RingBuffer3getERt
                0x00000000       0x30 ll40ls.cpp.o
                0x00000000                RingBuffer::get(unsigned short&)

.text._ZN10RingBuffer3getERs
                0x00000000       0x30
 .text._ZN10RingBuffer3getERs
                0x00000000       0x30 ll40ls.cpp.o
                0x00000000                RingBuffer::get(short&)

.text._ZN10RingBuffer3getERh
                0x00000000       0x30
 .text._ZN10RingBuffer3getERh
                0x00000000       0x30 ll40ls.cpp.o
                0x00000000                RingBuffer::get(unsigned char&)

.text._ZN10RingBuffer3getERa
                0x00000000       0x30
 .text._ZN10RingBuffer3getERa
                0x00000000       0x30 ll40ls.cpp.o
                0x00000000                RingBuffer::get(signed char&)

.text._ZN10RingBuffer5forceEPKvj
                0x00000000       0x44
 .text._ZN10RingBuffer5forceEPKvj
                0x00000000       0x44 ll40ls.cpp.o
                0x00000000                RingBuffer::force(void const*, unsigned int)

.text._ZN6LL40LS7collectEv
                0x00000000      0x118
 .text._ZN6LL40LS7collectEv
                0x00000000      0x118 ll40ls.cpp.o
                0x00000000                LL40LS::collect()

.text._ZN10RingBuffer5forceEd
                0x00000000       0x34
 .text._ZN10RingBuffer5forceEd
                0x00000000       0x34 ll40ls.cpp.o
                0x00000000                RingBuffer::force(double)

.text._ZN10RingBuffer5forceEf
                0x00000000       0x34
 .text._ZN10RingBuffer5forceEf
                0x00000000       0x34 ll40ls.cpp.o
                0x00000000                RingBuffer::force(float)

.text._ZN10RingBuffer5forceEy
                0x00000000       0x34
 .text._ZN10RingBuffer5forceEy
                0x00000000       0x34 ll40ls.cpp.o
                0x00000000                RingBuffer::force(unsigned long long)

.text._ZN10RingBuffer5forceEx
                0x00000000       0x34
 .text._ZN10RingBuffer5forceEx
                0x00000000       0x34 ll40ls.cpp.o
                0x00000000                RingBuffer::force(long long)

.text._ZN10RingBuffer5forceEj
                0x00000000       0x34
 .text._ZN10RingBuffer5forceEj
                0x00000000       0x34 ll40ls.cpp.o
                0x00000000                RingBuffer::force(unsigned int)

.text._ZN10RingBuffer5forceEi
                0x00000000       0x34
 .text._ZN10RingBuffer5forceEi
                0x00000000       0x34 ll40ls.cpp.o
                0x00000000                RingBuffer::force(int)

.text._ZN10RingBuffer5forceEt
                0x00000000       0x34
 .text._ZN10RingBuffer5forceEt
                0x00000000       0x34 ll40ls.cpp.o
                0x00000000                RingBuffer::force(unsigned short)

.text._ZN10RingBuffer5forceEs
                0x00000000       0x34
 .text._ZN10RingBuffer5forceEs
                0x00000000       0x34 ll40ls.cpp.o
                0x00000000                RingBuffer::force(short)

.text._ZN10RingBuffer5forceEh
                0x00000000       0x34
 .text._ZN10RingBuffer5forceEh
                0x00000000       0x34 ll40ls.cpp.o
                0x00000000                RingBuffer::force(unsigned char)

.text._ZN10RingBuffer5forceEa
                0x00000000       0x34
 .text._ZN10RingBuffer5forceEa
                0x00000000       0x34 ll40ls.cpp.o
                0x00000000                RingBuffer::force(signed char)

.text._ZN10RingBuffer5flushEv
                0x00000000       0x34
 .text._ZN10RingBuffer5flushEv
                0x00000000       0x34 ll40ls.cpp.o
                0x00000000                RingBuffer::flush()

.text._ZN6LL40LS5startEv
                0x00000000       0x70
 .text._ZN6LL40LS5startEv
                0x00000000       0x70 ll40ls.cpp.o
                0x00000000                LL40LS::start()

.text._ZN6LL40LS5cycleEv
                0x00000000       0x88
 .text._ZN6LL40LS5cycleEv
                0x00000000       0x88 ll40ls.cpp.o
                0x00000000                LL40LS::cycle()

.text._ZN6LL40LS16cycle_trampolineEPv
                0x00000000       0x28
 .text._ZN6LL40LS16cycle_trampolineEPv
                0x00000000       0x28 ll40ls.cpp.o
                0x00000000                LL40LS::cycle_trampoline(void*)

.text._ZN6LL40LS5ioctlEP4fileim
                0x00000000      0x144
 .text._ZN6LL40LS5ioctlEP4fileim
                0x00000000      0x144 ll40ls.cpp.o
                0x00000000                LL40LS::ioctl(file*, int, unsigned long)

.text._ZN6LL40LS4readEP4filePcj
                0x00000000       0x9c
 .text._ZN6LL40LS4readEP4filePcj
                0x00000000       0x9c ll40ls.cpp.o
                0x00000000                LL40LS::read(file*, char*, unsigned int)

.fini
 *(.fini)

.rodata         0x00000000        0x8
 *(.rodata)
 .rodata        0x00000000        0x8 ll40ls.cpp.o

.rodata._ZTV6LL40LS
                0x00000000       0x60
 .rodata._ZTV6LL40LS
                0x00000000       0x60 ll40ls.cpp.o
                0x00000000                vtable for LL40LS

.rodata.str1.1  0x00000000      0x331
 .rodata.str1.1
                0x00000000      0x331 ll40ls.cpp.o

.rodata._ZTV10RingBuffer
                0x00000000       0x10
 .rodata._ZTV10RingBuffer
                0x00000000       0x10 ll40ls.cpp.o
                0x00000000                vtable for RingBuffer

.rodata1
 *(.rodata1)

.ARM.extab
 *(.ARM.extab)

.ARM.exidx
 *(.ARM.exidx)

.eh_frame_hdr
 *(.eh_frame_hdr)

.eh_frame
 *(.eh_frame)

.gcc_except_table
 *(.gcc_except_table .gcc_except_table.*)

.eh_frame
 *(.eh_frame)

.gcc_except_table
 *(.gcc_except_table .gcc_except_table.*)

.tdata
 *(.tdata)

.tbss
 *(.tbss)

.preinit_array
 *(.preinit_array)

.jcr
 *(.jcr)

.dynamic
 *(.dynamic)

.got
 *(.got.plt)
 *(.igot.plt)
 *(.got)
 *(.igot)

.data           0x00000000        0x0
 *(.data)
 .data          0x00000000        0x0 ll40ls.cpp.o

.data._ZZN6LL40LS5startEvE3pub
                0x00000000        0x4
 .data._ZZN6LL40LS5startEvE3pub
                0x00000000        0x4 ll40ls.cpp.o

.data1
 *(.data1)

.bss            0x00000000        0x0
 *(.dynbss)
 *(.bss)
 .bss           0x00000000        0x0 ll40ls.cpp.o
 *(COMMON)

.bss._ZN6ll40ls5g_devE
                0x00000000        0x4
 .bss._ZN6ll40ls5g_devE
                0x00000000        0x4 ll40ls.cpp.o
                0x00000000                ll40ls::g_dev

.stab
 *(.stab)

.stabstr
 *(.stabstr)

.stab.excl
 *(.stab.excl)

.stab.exclstr
 *(.stab.exclstr)

.stab.index
 *(.stab.index)

.stab.indexstr
 *(.stab.indexstr)

.comment        0x00000000       0x71
 *(.comment)
 .comment       0x00000000       0x71 ll40ls.cpp.o

.debug
 *(.debug)

.line
 *(.line)

.debug_srcinfo
 *(.debug_srcinfo)

.debug_sfnames
 *(.debug_sfnames)

.debug_aranges  0x00000000      0x240
 *(.debug_aranges)
 .debug_aranges
                0x00000000      0x240 ll40ls.cpp.o

.debug_pubnames
 *(.debug_pubnames)

.debug_info     0x00000000     0x2f04
 *(.debug_info)
 .debug_info    0x00000000     0x2f04 ll40ls.cpp.o

.debug_abbrev   0x00000000      0x5e2
 *(.debug_abbrev)
 .debug_abbrev  0x00000000      0x5e2 ll40ls.cpp.o

.debug_line     0x00000000      0xbbb
 *(.debug_line)
 .debug_line    0x00000000      0xbbb ll40ls.cpp.o

.debug_frame    0x00000000      0x8d4
 *(.debug_frame)
 .debug_frame   0x00000000      0x8d4 ll40ls.cpp.o

.debug_str      0x00000000     0x13ff
 *(.debug_str)
 .debug_str     0x00000000     0x13ff ll40ls.cpp.o

.debug_loc      0x00000000     0x1c0f
 *(.debug_loc)
 .debug_loc     0x00000000     0x1c0f ll40ls.cpp.o

.debug_macinfo
 *(.debug_macinfo)

.debug_weaknames
 *(.debug_weaknames)

.debug_funcnames
 *(.debug_funcnames)

.debug_typenames
 *(.debug_typenames)

.debug_varnames
 *(.debug_varnames)

.debug_pubtypes
 *(.debug_pubtypes)

.debug_ranges   0x00000000      0x3f0
 *(.debug_ranges)
 .debug_ranges  0x00000000      0x3f0 ll40ls.cpp.o

.stack
 *(.stack)

.ARM.attributes
                0x00000000       0x37
 *(.ARM.attributes)
 .ARM.attributes
                0x00000000       0x37 ll40ls.cpp.o
 *(.gnu.attributes)

.note.gnu.arm.ident
 *(.note.gnu.arm.ident)
OUTPUT(c:/px4/workspace/PX4Firmware/Build/px4fmu-v1_APM.build/c/px4/workspace/PX4Firmware/src/drivers/ll40ls/module.pre.o elf32-littlearm)
