Archive member included because of file (symbol)

c:/px4/workspace/PX4Firmware/Build/px4io-v1_default.build/nuttx-export/libs\libnuttx.a(sched-irq_attach.o)
                              c:/px4/workspace/PX4Firmware/Build/px4io-v1_default.build/c/px4/workspace/PX4Firmware/src/drivers/stm32/module.pre.o (irq_attach)
c:/px4/workspace/PX4Firmware/Build/px4io-v1_default.build/nuttx-export/libs\libnuttx.a(sched-irq_initialize.o)
                              c:/px4/workspace/PX4Firmware/Build/px4io-v1_default.build/nuttx-export/libs\libnuttx.a(sched-irq_attach.o) (g_irqvector)
c:/px4/workspace/PX4Firmware/Build/px4io-v1_default.build/nuttx-export/libs\libnuttx.a(sched-irq_unexpectedisr.o)
                              c:/px4/workspace/PX4Firmware/Build/px4io-v1_default.build/nuttx-export/libs\libnuttx.a(sched-irq_attach.o) (irq_unexpected_isr)
c:/px4/workspace/PX4Firmware/Build/px4io-v1_default.build/nuttx-export/libs\libnuttx.a(c-lib_abort.o)
                              (abort)
c:/px4/workspace/PX4Firmware/Build/px4io-v1_default.build/nuttx-export/libs\libnuttx.a(c-lib_cfsetspeed.o)
                              c:/px4/workspace/PX4Firmware/Build/px4io-v1_default.build/c/px4/workspace/PX4Firmware/src/modules/px4iofirmware/module.pre.o (cfsetspeed)
c:/px4/workspace/PX4Firmware/Build/px4io-v1_default.build/nuttx-export/libs\libnuttx.a(c-lib_crc32.o)
                              c:/px4/workspace/PX4Firmware/Build/px4io-v1_default.build/c/px4/workspace/PX4Firmware/src/modules/px4iofirmware/module.pre.o (crc32part)
c:/px4/workspace/PX4Firmware/Build/px4io-v1_default.build/nuttx-export/libs\libnuttx.a(c-lib_lowsyslog.o)
                              c:/px4/workspace/PX4Firmware/Build/px4io-v1_default.build/c/px4/workspace/PX4Firmware/src/modules/px4iofirmware/module.pre.o (lowsyslog)
c:/px4/workspace/PX4Firmware/Build/px4io-v1_default.build/nuttx-export/libs\libnuttx.a(c-lib_memchr.o)
                              c:/px4/workspace/PX4Firmware/Build/px4io-v1_default.build/c/px4/workspace/PX4Firmware/src/modules/px4iofirmware/module.pre.o (memchr)
c:/px4/workspace/PX4Firmware/Build/px4io-v1_default.build/nuttx-export/libs\libnuttx.a(c-lib_memcpy.o)
                              c:/px4/workspace/PX4Firmware/Build/px4io-v1_default.build/c/px4/workspace/PX4Firmware/src/modules/px4iofirmware/module.pre.o (memcpy)
c:/px4/workspace/PX4Firmware/Build/px4io-v1_default.build/nuttx-export/libs\libnuttx.a(c-lib_memset.o)
                              c:/px4/workspace/PX4Firmware/Build/px4io-v1_default.build/c/px4/workspace/PX4Firmware/src/drivers/stm32/module.pre.o (memset)
c:/px4/workspace/PX4Firmware/Build/px4io-v1_default.build/nuttx-export/libs\libnuttx.a(c-lib_printf.o)
                              c:/px4/workspace/PX4Firmware/Build/px4io-v1_default.build/c/px4/workspace/PX4Firmware/src/modules/px4iofirmware/module.pre.o (printf)
c:/px4/workspace/PX4Firmware/Build/px4io-v1_default.build/nuttx-export/libs\libnuttx.a(c-lib_sscanf.o)
                              c:/px4/workspace/PX4Firmware/Build/px4io-v1_default.build/c/px4/workspace/PX4Firmware/src/modules/px4iofirmware/module.pre.o (sscanf)
c:/px4/workspace/PX4Firmware/Build/px4io-v1_default.build/nuttx-export/libs\libnuttx.a(c-lib_strchr.o)
                              c:/px4/workspace/PX4Firmware/Build/px4io-v1_default.build/nuttx-export/libs\libnuttx.a(c-lib_sscanf.o) (strchr)
c:/px4/workspace/PX4Firmware/Build/px4io-v1_default.build/nuttx-export/libs\libnuttx.a(c-lib_strcmp.o)
                              c:/px4/workspace/PX4Firmware/Build/px4io-v1_default.build/c/px4/workspace/PX4Firmware/src/modules/px4iofirmware/module.pre.o (strcmp)
c:/px4/workspace/PX4Firmware/Build/px4io-v1_default.build/nuttx-export/libs\libnuttx.a(c-lib_strcspn.o)
                              c:/px4/workspace/PX4Firmware/Build/px4io-v1_default.build/nuttx-export/libs\libnuttx.a(c-lib_sscanf.o) (strcspn)
c:/px4/workspace/PX4Firmware/Build/px4io-v1_default.build/nuttx-export/libs\libnuttx.a(c-lib_strncpy.o)
                              c:/px4/workspace/PX4Firmware/Build/px4io-v1_default.build/nuttx-export/libs\libnuttx.a(c-lib_sscanf.o) (strncpy)
c:/px4/workspace/PX4Firmware/Build/px4io-v1_default.build/nuttx-export/libs\libnuttx.a(c-lib_strtol.o)
                              c:/px4/workspace/PX4Firmware/Build/px4io-v1_default.build/nuttx-export/libs\libnuttx.a(c-lib_sscanf.o) (strtol)
c:/px4/workspace/PX4Firmware/Build/px4io-v1_default.build/nuttx-export/libs\libnuttx.a(c-lib_strtoul.o)
                              c:/px4/workspace/PX4Firmware/Build/px4io-v1_default.build/nuttx-export/libs\libnuttx.a(c-lib_strtol.o) (strtoul)
c:/px4/workspace/PX4Firmware/Build/px4io-v1_default.build/nuttx-export/libs\libnuttx.a(c-lib_syslog.o)
                              c:/px4/workspace/PX4Firmware/Build/px4io-v1_default.build/nuttx-export/libs\libnuttx.a(c-lib_printf.o) (vsyslog)
c:/px4/workspace/PX4Firmware/Build/px4io-v1_default.build/nuttx-export/libs\libnuttx.a(c-lib_tcgetattr.o)
[...]
Memory Configuration

Name             Origin             Length             Attributes
flash            0x08001000         0x0000f000         xr
sram             0x20000000         0x00002000         xrw
*default*        0x00000000         0xffffffff

Linker script and memory map


.text           0x08001000     0xafd4
                0x08001000                _stext = ABSOLUTE (.)
 *(.vectors)
 .vectors       0x08001000      0x134 c:/px4/workspace/PX4Firmware/Build/px4io-v1_default.build/nuttx-export/libs\libnuttx.a(arch-up_vectors.o)
                0x08001000                _vectors
 *(.text .text.*)
 .text.stm32_boardinitialize
                0x08001134       0x8c c:/px4/workspace/PX4Firmware/Build/px4io-v1_default.build/c/px4/workspace/PX4Firmware/src/drivers/boards/px4io-v1/module.pre.o
                0x08001134                stm32_boardinitialize
 .text.hrt_call_enter
                0x080011c0       0xf0 c:/px4/workspace/PX4Firmware/Build/px4io-v1_default.build/c/px4/workspace/PX4Firmware/src/drivers/stm32/module.pre.o
 .text.hrt_tim_isr
                0x080012b0      0x4d8 c:/px4/workspace/PX4Firmware/Build/px4io-v1_default.build/c/px4/workspace/PX4Firmware/src/drivers/stm32/module.pre.o
 .text.hrt_absolute_time
                0x08001788       0x50 c:/px4/workspace/PX4Firmware/Build/px4io-v1_default.build/c/px4/workspace/PX4Firmware/src/drivers/stm32/module.pre.o
                0x08001788                hrt_absolute_time
 .text.hrt_elapsed_time
                0x080017d8       0x6c c:/px4/workspace/PX4Firmware/Build/px4io-v1_default.build/c/px4/workspace/PX4Firmware/src/drivers/stm32/module.pre.o
                0x080017d8                hrt_elapsed_time
 .text.hrt_init
                0x08001844       0xe4 c:/px4/workspace/PX4Firmware/Build/px4io-v1_default.build/c/px4/workspace/PX4Firmware/src/drivers/stm32/module.pre.o
                0x08001844                hrt_init
 .text.hrt_call_every
                0x08001928       0xa0 c:/px4/workspace/PX4Firmware/Build/px4io-v1_default.build/c/px4/workspace/PX4Firmware/src/drivers/stm32/module.pre.o
                0x08001928                hrt_call_every
 .text.up_pwm_servo_set
                0x080019c8       0x64 c:/px4/workspace/PX4Firmware/Build/px4io-v1_default.build/c/px4/workspace/PX4Firmware/src/drivers/stm32/module.pre.o
                0x080019c8                up_pwm_servo_set
 .text.up_pwm_servo_init
                0x08001a2c      0x6d4 c:/px4/workspace/PX4Firmware/Build/px4io-v1_default.build/c/px4/workspace/PX4Firmware/src/drivers/stm32/module.pre.o
                0x08001a2c                up_pwm_servo_init
 .text.up_pwm_servo_set_rate_group_update
                0x08002100       0x44 c:/px4/workspace/PX4Firmware/Build/px4io-v1_default.build/c/px4/workspace/PX4Firmware/src/drivers/stm32/module.pre.o
                0x08002100                up_pwm_servo_set_rate_group_update
 .text.up_pwm_servo_get_rate_group
                0x08002144       0x9c c:/px4/workspace/PX4Firmware/Build/px4io-v1_default.build/c/px4/workspace/PX4Firmware/src/drivers/stm32/module.pre.o
                0x08002144                up_pwm_servo_get_rate_group
 .text.up_pwm_servo_arm
                0x080021e0       0x68 c:/px4/workspace/PX4Firmware/Build/px4io-v1_default.build/c/px4/workspace/PX4Firmware/src/drivers/stm32/module.pre.o
                0x080021e0                up_pwm_servo_arm
 .text.adc_init
                0x08002248       0xc4 c:/px4/workspace/PX4Firmware/Build/px4io-v1_default.build/c/px4/workspace/PX4Firmware/src/modules/px4iofirmware/module.pre.o
 .text.adc_measure
                0x0800230c       0xa0 c:/px4/workspace/PX4Firmware/Build/px4io-v1_default.build/c/px4/workspace/PX4Firmware/src/modules/px4iofirmware/module.pre.o
 .text.controls_init
                0x080023ac       0xb0 c:/px4/workspace/PX4Firmware/Build/px4io-v1_default.build/c/px4/workspace/PX4Firmware/src/modules/px4iofirmware/module.pre.o
 *fill*         0x0800245c        0x4 00
 .text.controls_tick
                0x08002460      0x6e8 c:/px4/workspace/PX4Firmware/Build/px4io-v1_default.build/c/px4/workspace/PX4Firmware/src/modules/px4iofirmware/module.pre.o
 .text.dsm_guess_format
                0x08002b48      0x254 c:/px4/workspace/PX4Firmware/Build/px4io-v1_default.build/c/px4/workspace/PX4Firmware/src/modules/px4iofirmware/module.pre.o
 .text.dsm_init
                0x08002d9c       0x70 c:/px4/workspace/PX4Firmware/Build/px4io-v1_default.build/c/px4/workspace/PX4Firmware/src/modules/px4iofirmware/module.pre.o
 .text.dsm_bind
                0x08002e0c      0x100 c:/px4/workspace/PX4Firmware/Build/px4io-v1_default.build/c/px4/workspace/PX4Firmware/src/modules/px4iofirmware/module.pre.o
 .text.dsm_input
                0x08002f0c      0x738 c:/px4/workspace/PX4Firmware/Build/px4io-v1_default.build/c/px4/workspace/PX4Firmware/src/modules/px4iofirmware/module.pre.o
 .text.isr_debug
                0x08003644       0x5c c:/px4/workspace/PX4Firmware/Build/px4io-v1_default.build/c/px4/workspace/PX4Firmware/src/modules/px4iofirmware/module.pre.o
 .text.schedule_reboot
                0x080036a0       0x1c c:/px4/workspace/PX4Firmware/Build/px4io-v1_default.build/c/px4/workspace/PX4Firmware/src/modules/px4iofirmware/module.pre.o
 .text.user_start
                0x080036bc      0x33c c:/px4/workspace/PX4Firmware/Build/px4io-v1_default.build/c/px4/workspace/PX4Firmware/src/modules/px4iofirmware/module.pre.o
                0x080036bc                user_start
 .text.pwm_configure_rates
                0x080039f8      0x2fc c:/px4/workspace/PX4Firmware/Build/px4io-v1_default.build/c/px4/workspace/PX4Firmware/src/modules/px4iofirmware/module.pre.o
 .text.registers_set
                0x08003cf4      0x878 c:/px4/workspace/PX4Firmware/Build/px4io-v1_default.build/c/px4/workspace/PX4Firmware/src/modules/px4iofirmware/module.pre.o
 .text.registers_get
                0x0800456c      0x2b4 c:/px4/workspace/PX4Firmware/Build/px4io-v1_default.build/c/px4/workspace/PX4Firmware/src/modules/px4iofirmware/module.pre.o
 .text.safety_check_button
                0x08004820      0x104 c:/px4/workspace/PX4Firmware/Build/px4io-v1_default.build/c/px4/workspace/PX4Firmware/src/modules/px4iofirmware/module.pre.o
 .text.failsafe_blink
                0x08004924       0x3c c:/px4/workspace/PX4Firmware/Build/px4io-v1_default.build/c/px4/workspace/PX4Firmware/src/modules/px4iofirmware/module.pre.o
 .text.safety_init
                0x08004960       0x38 c:/px4/workspace/PX4Firmware/Build/px4io-v1_default.build/c/px4/workspace/PX4Firmware/src/modules/px4iofirmware/module.pre.o
 .text.failsafe_led_init
                0x08004998       0x38 c:/px4/workspace/PX4Firmware/Build/px4io-v1_default.build/c/px4/workspace/PX4Firmware/src/modules/px4iofirmware/module.pre.o
 .text.sbus_init
                0x080049d0       0x80 c:/px4/workspace/PX4Firmware/Build/px4io-v1_default.build/c/px4/workspace/PX4Firmware/src/modules/px4iofirmware/module.pre.o
 .text.sbus_input
                0x08004a50      0x1e0 c:/px4/workspace/PX4Firmware/Build/px4io-v1_default.build/c/px4/workspace/PX4Firmware/src/modules/px4iofirmware/module.pre.o
 .text.up_cxxinitialize
                0x08004c30       0x94 c:/px4/workspace/PX4Firmware/Build/px4io-v1_default.build/c/px4/workspace/PX4Firmware/src/modules/px4iofirmware/module.pre.o
                0x08004c30                up_cxxinitialize
 .text.perf_alloc
                0x08004cc4       0x50 c:/px4/workspace/PX4Firmware/Build/px4io-v1_default.build/c/px4/workspace/PX4Firmware/src/modules/px4iofirmware/module.pre.o
                0x08004cc4                perf_alloc
 .text.perf_count
                0x08004d14       0xa8 c:/px4/workspace/PX4Firmware/Build/px4io-v1_default.build/c/px4/workspace/PX4Firmware/src/modules/px4iofirmware/module.pre.o
                0x08004d14                perf_count
 .text.perf_begin
                0x08004dbc       0x1c c:/px4/workspace/PX4Firmware/Build/px4io-v1_default.build/c/px4/workspace/PX4Firmware/src/modules/px4iofirmware/module.pre.o
                0x08004dbc                perf_begin
 .text.perf_end
                0x08004dd8       0x84 c:/px4/workspace/PX4Firmware/Build/px4io-v1_default.build/c/px4/workspace/PX4Firmware/src/modules/px4iofirmware/module.pre.o
                0x08004dd8                perf_end
 .text._ZL14mixer_callbackjhhRf
                0x08004e5c       0xcc c:/px4/workspace/PX4Firmware/Build/px4io-v1_default.build/c/px4/workspace/PX4Firmware/src/modules/px4iofirmware/module.pre.o
 .text.mixer_tick
                0x08004f28      0x5ac c:/px4/workspace/PX4Firmware/Build/px4io-v1_default.build/c/px4/workspace/PX4Firmware/src/modules/px4iofirmware/module.pre.o
 .text.mixer_handle_text
                0x080054d4      0x2e0 c:/px4/workspace/PX4Firmware/Build/px4io-v1_default.build/c/px4/workspace/PX4Firmware/src/modules/px4iofirmware/module.pre.o
 .text.startup._GLOBAL__sub_I_mixer_tick
                0x080057b4       0x34 c:/px4/workspace/PX4Firmware/Build/px4io-v1_default.build/c/px4/workspace/PX4Firmware/src/modules/px4iofirmware/module.pre.o
 .text._ZN5MixerD2Ev
                0x080057e8        0xc c:/px4/workspace/PX4Firmware/Build/px4io-v1_default.build/c/px4/workspace/PX4Firmware/src/modules/px4iofirmware/module.pre.o
                0x080057e8                Mixer::~Mixer()
                0x080057e8                Mixer::~Mixer()
 .text._ZN9NullMixerD2Ev
                0x080057f4        0xc c:/px4/workspace/PX4Firmware/Build/px4io-v1_default.build/c/px4/workspace/PX4Firmware/src/modules/px4iofirmware/module.pre.o
                0x080057f4                NullMixer::~NullMixer()
                0x080057f4                NullMixer::~NullMixer()
 .text._ZN9NullMixer3mixEPfj
                0x08005800       0x10 c:/px4/workspace/PX4Firmware/Build/px4io-v1_default.build/c/px4/workspace/PX4Firmware/src/modules/px4iofirmware/module.pre.o
                0x08005800                NullMixer::mix(float*, unsigned int)
 .text._ZN9NullMixer15groups_requiredERj
                0x08005810        0x4 c:/px4/workspace/PX4Firmware/Build/px4io-v1_default.build/c/px4/workspace/PX4Firmware/src/modules/px4iofirmware/module.pre.o
                0x08005810                NullMixer::groups_required(unsigned int&)
 .text._ZN9NullMixerD0Ev
                0x08005814       0x14 c:/px4/workspace/PX4Firmware/Build/px4io-v1_default.build/c/px4/workspace/PX4Firmware/src/modules/px4iofirmware/module.pre.o
                0x08005814                NullMixer::~NullMixer()
 .text._ZN5MixerD0Ev
                0x08005828       0x14 c:/px4/workspace/PX4Firmware/Build/px4io-v1_default.build/c/px4/workspace/PX4Firmware/src/modules/px4iofirmware/module.pre.o
                0x08005828                Mixer::~Mixer()
 .text._ZN5MixerC2EPFijhhRfEj
                0x0800583c       0x14 c:/px4/workspace/PX4Firmware/Build/px4io-v1_default.build/c/px4/workspace/PX4Firmware/src/modules/px4iofirmware/module.pre.o
                0x0800583c                Mixer::Mixer(int (*)(unsigned int, unsigned char, unsigned char, float&), unsigned int)
                0x0800583c                Mixer::Mixer(int (*)(unsigned int, unsigned char, unsigned char, float&), unsigned int)
 .text._ZN5Mixer11get_controlEhh
                0x08005850       0x14 c:/px4/workspace/PX4Firmware/Build/px4io-v1_default.build/c/px4/workspace/PX4Firmware/src/modules/px4iofirmware/module.pre.o
                0x08005850                Mixer::get_control(unsigned char, unsigned char)
 .text._ZN5Mixer5scaleERK14mixer_scaler_sf
                0x08005864       0x44 c:/px4/workspace/PX4Firmware/Build/px4io-v1_default.build/c/px4/workspace/PX4Firmware/src/modules/px4iofirmware/module.pre.o
                0x08005864                Mixer::scale(mixer_scaler_s const&, float)
 .text._ZN5Mixer7findtagEPKcRjc
                0x080058a8       0x70 c:/px4/workspace/PX4Firmware/Build/px4io-v1_default.build/c/px4/workspace/PX4Firmware/src/modules/px4iofirmware/module.pre.o
                0x080058a8                Mixer::findtag(char const*, unsigned int&, char)
 .text._ZN5Mixer8skiplineEPKcRj
                0x08005918       0x30 c:/px4/workspace/PX4Firmware/Build/px4io-v1_default.build/c/px4/workspace/PX4Firmware/src/modules/px4iofirmware/module.pre.o
                0x08005918                Mixer::skipline(char const*, unsigned int&)
 .text._ZN9NullMixer9from_textEPKcRj
                0x08005948       0x78 c:/px4/workspace/PX4Firmware/Build/px4io-v1_default.build/c/px4/workspace/PX4Firmware/src/modules/px4iofirmware/module.pre.o
                0x08005948                NullMixer::from_text(char const*, unsigned int&)
 .text._ZN10MixerGroupD2Ev
                0x080059c0       0x30 c:/px4/workspace/PX4Firmware/Build/px4io-v1_default.build/c/px4/workspace/PX4Firmware/src/modules/px4iofirmware/module.pre.o
                0x080059c0                MixerGroup::~MixerGroup()
                0x080059c0                MixerGroup::~MixerGroup()
 .text._ZN10MixerGroup3mixEPfj
                0x080059f0       0x34 c:/px4/workspace/PX4Firmware/Build/px4io-v1_default.build/c/px4/workspace/PX4Firmware/src/modules/px4iofirmware/module.pre.o
                0x080059f0                MixerGroup::mix(float*, unsigned int)
 .text._ZN10MixerGroup15groups_requiredERj
                0x08005a24       0x1c c:/px4/workspace/PX4Firmware/Build/px4io-v1_default.build/c/px4/workspace/PX4Firmware/src/modules/px4iofirmware/module.pre.o
                0x08005a24                MixerGroup::groups_required(unsigned int&)
 .text._ZN10MixerGroupD0Ev
                0x08005a40       0x34 c:/px4/workspace/PX4Firmware/Build/px4io-v1_default.build/c/px4/workspace/PX4Firmware/src/modules/px4iofirmware/module.pre.o
                0x08005a40                MixerGroup::~MixerGroup()
 .text._ZN10MixerGroupC2EPFijhhRfEj
                0x08005a74       0x18 c:/px4/workspace/PX4Firmware/Build/px4io-v1_default.build/c/px4/workspace/PX4Firmware/src/modules/px4iofirmware/module.pre.o
                0x08005a74                MixerGroup::MixerGroup(int (*)(unsigned int, unsigned char, unsigned char, float&), unsigned int)
                0x08005a74                MixerGroup::MixerGroup(int (*)(unsigned int, unsigned char, unsigned char, float&), unsigned int)
 .text._ZN10MixerGroup5resetEv
                0x08005a8c       0x1c c:/px4/workspace/PX4Firmware/Build/px4io-v1_default.build/c/px4/workspace/PX4Firmware/src/modules/px4iofirmware/module.pre.o
                0x08005a8c                MixerGroup::reset()
 .text._ZN10MixerGroup13load_from_bufEPKcRj
                0x08005aa8       0x8c c:/px4/workspace/PX4Firmware/Build/px4io-v1_default.build/c/px4/workspace/PX4Firmware/src/modules/px4iofirmware/module.pre.o
                0x08005aa8                MixerGroup::load_from_buf(char const*, unsigned int&)
 .text._ZN15MultirotorMixerD2Ev
                0x08005b34        0xc c:/px4/workspace/PX4Firmware/Build/px4io-v1_default.build/c/px4/workspace/PX4Firmware/src/modules/px4iofirmware/module.pre.o
                0x08005b34                MultirotorMixer::~MultirotorMixer()
                0x08005b34                MultirotorMixer::~MultirotorMixer()
 .text._ZN15MultirotorMixer15groups_requiredERj
                0x08005b40        0xc c:/px4/workspace/PX4Firmware/Build/px4io-v1_default.build/c/px4/workspace/PX4Firmware/src/modules/px4iofirmware/module.pre.o
                0x08005b40                MultirotorMixer::groups_required(unsigned int&)
 .text._ZN15MultirotorMixer3mixEPfj
                0x08005b4c      0x190 c:/px4/workspace/PX4Firmware/Build/px4io-v1_default.build/c/px4/workspace/PX4Firmware/src/modules/px4iofirmware/module.pre.o
                0x08005b4c                MultirotorMixer::mix(float*, unsigned int)
 .text._ZN15MultirotorMixerD0Ev
                0x08005cdc       0x14 c:/px4/workspace/PX4Firmware/Build/px4io-v1_default.build/c/px4/workspace/PX4Firmware/src/modules/px4iofirmware/module.pre.o
                0x08005cdc                MultirotorMixer::~MultirotorMixer()
 .text._ZN15MultirotorMixer9from_textEPFijhhRfEjPKcRj
                0x08005cf0      0x1e0 c:/px4/workspace/PX4Firmware/Build/px4io-v1_default.build/c/px4/workspace/PX4Firmware/src/modules/px4iofirmware/module.pre.o
                0x08005cf0                MultirotorMixer::from_text(int (*)(unsigned int, unsigned char, unsigned char, float&), unsigned int, char const*, unsigned int&)
 .text._ZN11SimpleMixer15groups_requiredERj
                0x08005ed0       0x2c c:/px4/workspace/PX4Firmware/Build/px4io-v1_default.build/c/px4/workspace/PX4Firmware/src/modules/px4iofirmware/module.pre.o
                0x08005ed0                SimpleMixer::groups_required(unsigned int&)
 .text._ZN11SimpleMixerD2Ev
                0x08005efc       0x20 c:/px4/workspace/PX4Firmware/Build/px4io-v1_default.build/c/px4/workspace/PX4Firmware/src/modules/px4iofirmware/module.pre.o
                0x08005efc                SimpleMixer::~SimpleMixer()
                0x08005efc                SimpleMixer::~SimpleMixer()
 .text._ZN11SimpleMixer3mixEPfj
                0x08005f1c       0x70 c:/px4/workspace/PX4Firmware/Build/px4io-v1_default.build/c/px4/workspace/PX4Firmware/src/modules/px4iofirmware/module.pre.o
                0x08005f1c                SimpleMixer::mix(float*, unsigned int)
 .text._ZN11SimpleMixerD0Ev
                0x08005f8c       0x28 c:/px4/workspace/PX4Firmware/Build/px4io-v1_default.build/c/px4/workspace/PX4Firmware/src/modules/px4iofirmware/module.pre.o
                0x08005f8c                SimpleMixer::~SimpleMixer()
 .text._ZN11SimpleMixer19parse_output_scalerEPKcRjR14mixer_scaler_s
                0x08005fb4       0xcc c:/px4/workspace/PX4Firmware/Build/px4io-v1_default.build/c/px4/workspace/PX4Firmware/src/modules/px4iofirmware/module.pre.o
                0x08005fb4                SimpleMixer::parse_output_scaler(char const*, unsigned int&, mixer_scaler_s&)
 .text._ZN11SimpleMixer20parse_control_scalerEPKcRjR14mixer_scaler_sRhS5_
                0x08006080       0xdc c:/px4/workspace/PX4Firmware/Build/px4io-v1_default.build/c/px4/workspace/PX4Firmware/src/modules/px4iofirmware/module.pre.o
                0x08006080                SimpleMixer::parse_control_scaler(char const*, unsigned int&, mixer_scaler_s&, unsigned char&, unsigned char&)
 .text._ZN11SimpleMixer9from_textEPFijhhRfEjPKcRj
                0x0800615c       0xc0 c:/px4/workspace/PX4Firmware/Build/px4io-v1_default.build/c/px4/workspace/PX4Firmware/src/modules/px4iofirmware/module.pre.o
                0x0800615c                SimpleMixer::from_text(int (*)(unsigned int, unsigned char, unsigned char, float&), unsigned int, char const*, unsigned int&)
 .text.pwm_limit_init
                0x0800621c       0x10 c:/px4/workspace/PX4Firmware/Build/px4io-v1_default.build/c/px4/workspace/PX4Firmware/src/modules/px4iofirmware/module.pre.o
                0x0800621c                pwm_limit_init
 *fill*         0x0800622c        0x4 00
 .text.pwm_limit_calc
                0x08006230      0x568 c:/px4/workspace/PX4Firmware/Build/px4io-v1_default.build/c/px4/workspace/PX4Firmware/src/modules/px4iofirmware/module.pre.o
                0x08006230                pwm_limit_calc
 .text.i2c_interrupt
                0x08006798      0x1ec c:/px4/workspace/PX4Firmware/Build/px4io-v1_default.build/c/px4/workspace/PX4Firmware/src/modules/px4iofirmware/module.pre.o
 .text.interface_init
                0x08006984      0x180 c:/px4/workspace/PX4Firmware/Build/px4io-v1_default.build/c/px4/workspace/PX4Firmware/src/modules/px4iofirmware/module.pre.o
 .text.irq_attach
                0x08006b04       0x38 c:/px4/workspace/PX4Firmware/Build/px4io-v1_default.build/nuttx-export/libs\libnuttx.a(sched-irq_attach.o)
                0x08006b04                irq_attach
 .text.irq_initialize
                0x08006b3c       0x1c c:/px4/workspace/PX4Firmware/Build/px4io-v1_default.build/nuttx-export/libs\libnuttx.a(sched-irq_initialize.o)
                0x08006b3c                irq_initialize
 .text.irq_unexpected_isr
                0x08006b58       0x14 c:/px4/workspace/PX4Firmware/Build/px4io-v1_default.build/nuttx-export/libs\libnuttx.a(sched-irq_unexpectedisr.o)
                0x08006b58                irq_unexpected_isr
 .text.abort    0x08006b6c        0x8 c:/px4/workspace/PX4Firmware/Build/px4io-v1_default.build/nuttx-export/libs\libnuttx.a(c-lib_abort.o)
                0x08006b6c                abort
 .text.cfsetspeed
                0x08006b74        0x6 c:/px4/workspace/PX4Firmware/Build/px4io-v1_default.build/nuttx-export/libs\libnuttx.a(c-lib_cfsetspeed.o)
                0x08006b74                cfsetspeed
 *fill*         0x08006b7a        0x2 00
 .text.crc32part
                0x08006b7c       0x28 c:/px4/workspace/PX4Firmware/Build/px4io-v1_default.build/nuttx-export/libs\libnuttx.a(c-lib_crc32.o)
                0x08006b7c                crc32part
 .text.lowvsyslog
                0x08006ba4       0x18 c:/px4/workspace/PX4Firmware/Build/px4io-v1_default.build/nuttx-export/libs\libnuttx.a(c-lib_lowsyslog.o)
                0x08006ba4                lowvsyslog
 .text.lowsyslog
                0x08006bbc       0x18 c:/px4/workspace/PX4Firmware/Build/px4io-v1_default.build/nuttx-export/libs\libnuttx.a(c-lib_lowsyslog.o)
                0x08006bbc                lowsyslog
 .text.memchr   0x08006bd4       0x1c c:/px4/workspace/PX4Firmware/Build/px4io-v1_default.build/nuttx-export/libs\libnuttx.a(c-lib_memchr.o)
                0x08006bd4                memchr
 .text.memcpy   0x08006bf0       0x12 c:/px4/workspace/PX4Firmware/Build/px4io-v1_default.build/nuttx-export/libs\libnuttx.a(c-lib_memcpy.o)
                0x08006bf0                memcpy
 .text.memset   0x08006c02        0xe c:/px4/workspace/PX4Firmware/Build/px4io-v1_default.build/nuttx-export/libs\libnuttx.a(c-lib_memset.o)
                0x08006c02                memset
 .text.findwidth
                0x08006c10       0x40 c:/px4/workspace/PX4Firmware/Build/px4io-v1_default.build/nuttx-export/libs\libnuttx.a(c-lib_sscanf.o)
 .text.vsscanf  0x08006c50      0x370 c:/px4/workspace/PX4Firmware/Build/px4io-v1_default.build/nuttx-export/libs\libnuttx.a(c-lib_sscanf.o)
                0x08006c50                vsscanf
 .text.sscanf   0x08006fc0       0x18 c:/px4/workspace/PX4Firmware/Build/px4io-v1_default.build/nuttx-export/libs\libnuttx.a(c-lib_sscanf.o)
                0x08006fc0                sscanf
 .text.strchr   0x08006fd8       0x14 c:/px4/workspace/PX4Firmware/Build/px4io-v1_default.build/nuttx-export/libs\libnuttx.a(c-lib_strchr.o)
                0x08006fd8                strchr
 .text.strcmp   0x08006fec       0x16 c:/px4/workspace/PX4Firmware/Build/px4io-v1_default.build/nuttx-export/libs\libnuttx.a(c-lib_strcmp.o)
                0x08006fec                strcmp
 .text.strcspn  0x08007002       0x1e c:/px4/workspace/PX4Firmware/Build/px4io-v1_default.build/nuttx-export/libs\libnuttx.a(c-lib_strcspn.o)
                0x08007002                strcspn
 .text.strncpy  0x08007020       0x24 c:/px4/workspace/PX4Firmware/Build/px4io-v1_default.build/nuttx-export/libs\libnuttx.a(c-lib_strncpy.o)
                0x08007020                strncpy
 .text.strtol   0x08007044       0x3a c:/px4/workspace/PX4Firmware/Build/px4io-v1_default.build/nuttx-export/libs\libnuttx.a(c-lib_strtol.o)
                0x08007044                strtol
 .text.strtoul  0x0800707e       0x48 c:/px4/workspace/PX4Firmware/Build/px4io-v1_default.build/nuttx-export/libs\libnuttx.a(c-lib_strtoul.o)
                0x0800707e                strtoul
 .text.tcgetattr
                0x080070c6        0xa c:/px4/workspace/PX4Firmware/Build/px4io-v1_default.build/nuttx-export/libs\libnuttx.a(c-lib_tcgetattr.o)
                0x080070c6                tcgetattr
 .text.tcsetattr
                0x080070d0       0x10 c:/px4/workspace/PX4Firmware/Build/px4io-v1_default.build/nuttx-export/libs\libnuttx.a(c-lib_tcsetattr.o)
                0x080070d0                tcsetattr
 .text.vsnprintf
                0x080070e0       0x24 c:/px4/workspace/PX4Firmware/Build/px4io-v1_default.build/nuttx-export/libs\libnuttx.a(c-lib_vsnprintf.o)
                0x080070e0                vsnprintf
 .text.sq_addafter
                0x08007104       0x1c c:/px4/workspace/PX4Firmware/Build/px4io-v1_default.build/nuttx-export/libs\libnuttx.a(c-sq_addafter.o)
                0x08007104                sq_addafter
 .text.sq_addfirst
                0x08007120        0xe c:/px4/workspace/PX4Firmware/Build/px4io-v1_default.build/nuttx-export/libs\libnuttx.a(c-sq_addfirst.o)
                0x08007120                sq_addfirst
 .text.sq_addlast
                0x0800712e       0x14 c:/px4/workspace/PX4Firmware/Build/px4io-v1_default.build/nuttx-export/libs\libnuttx.a(c-sq_addlast.o)
                0x0800712e                sq_addlast
 .text.sq_rem   0x08007142       0x2c c:/px4/workspace/PX4Firmware/Build/px4io-v1_default.build/nuttx-export/libs\libnuttx.a(c-sq_rem.o)
                0x08007142                sq_rem
 .text.sq_remafter
                0x0800716e       0x22 c:/px4/workspace/PX4Firmware/Build/px4io-v1_default.build/nuttx-export/libs\libnuttx.a(c-sq_remafter.o)
                0x0800716e                sq_remafter
 .text.calloc   0x08007190        0xe c:/px4/workspace/PX4Firmware/Build/px4io-v1_default.build/nuttx-export/libs\libnuttx.a(mm-mm_calloc.o)
                0x08007190                calloc
 *fill*         0x0800719e        0x2 00
 .text.free     0x080071a0       0xa8 c:/px4/workspace/PX4Firmware/Build/px4io-v1_default.build/nuttx-export/libs\libnuttx.a(mm-mm_free.o)
                0x080071a0                free
 .text.mallinfo
                0x08007248       0x64 c:/px4/workspace/PX4Firmware/Build/px4io-v1_default.build/nuttx-export/libs\libnuttx.a(mm-mm_mallinfo.o)
                0x08007248                mallinfo
 .text.malloc   0x080072ac       0x98 c:/px4/workspace/PX4Firmware/Build/px4io-v1_default.build/nuttx-export/libs\libnuttx.a(mm-mm_malloc.o)
                0x080072ac                malloc
 .text.mm_seminitialize
                0x08007344       0x18 c:/px4/workspace/PX4Firmware/Build/px4io-v1_default.build/nuttx-export/libs\libnuttx.a(mm-mm_sem.o)
                0x08007344                mm_seminitialize
 .text.mm_trysemaphore
                0x0800735c       0x32 c:/px4/workspace/PX4Firmware/Build/px4io-v1_default.build/nuttx-export/libs\libnuttx.a(mm-mm_sem.o)
                0x0800735c                mm_trysemaphore
 *fill*         0x0800738e        0x2 00
 .text.mm_takesemaphore
                0x08007390       0x40 c:/px4/workspace/PX4Firmware/Build/px4io-v1_default.build/nuttx-export/libs\libnuttx.a(mm-mm_sem.o)
                0x08007390                mm_takesemaphore
 .text.mm_givesemaphore
                0x080073d0       0x2c c:/px4/workspace/PX4Firmware/Build/px4io-v1_default.build/nuttx-export/libs\libnuttx.a(mm-mm_sem.o)
                0x080073d0                mm_givesemaphore
 .text.mm_size2ndx
                0x080073fc       0x1a c:/px4/workspace/PX4Firmware/Build/px4io-v1_default.build/nuttx-export/libs\libnuttx.a(mm-mm_size2ndx.o)
                0x080073fc                mm_size2ndx
 *fill*         0x08007416        0x2 00
 .text.umm_initialize
                0x08007418       0x10 c:/px4/workspace/PX4Firmware/Build/px4io-v1_default.build/nuttx-export/libs\libnuttx.a(mm-mm_user.o)
                0x08007418                umm_initialize
 .text.umm_trysemaphore
                0x08007428        0xc c:/px4/workspace/PX4Firmware/Build/px4io-v1_default.build/nuttx-export/libs\libnuttx.a(mm-mm_user.o)
                0x08007428                umm_trysemaphore
 .text.umm_givesemaphore
                0x08007434        0xc c:/px4/workspace/PX4Firmware/Build/px4io-v1_default.build/nuttx-export/libs\libnuttx.a(mm-mm_user.o)
                0x08007434                umm_givesemaphore
 .text.zalloc   0x08007440       0x18 c:/px4/workspace/PX4Firmware/Build/px4io-v1_default.build/nuttx-export/libs\libnuttx.a(mm-mm_zalloc.o)
                0x08007440                zalloc
 .text.stm32_dmachandisable
                0x08007458       0x22 c:/px4/workspace/PX4Firmware/Build/px4io-v1_default.build/nuttx-export/libs\libnuttx.a(arch-stm32_dma.o)
 *fill*         0x0800747a        0x2 00
 .text.stm32_dmainterrupt
                0x0800747c       0x54 c:/px4/workspace/PX4Firmware/Build/px4io-v1_default.build/nuttx-export/libs\libnuttx.a(arch-stm32_dma.o)
 .text.up_dmainitialize
                0x080074d0       0x40 c:/px4/workspace/PX4Firmware/Build/px4io-v1_default.build/nuttx-export/libs\libnuttx.a(arch-stm32_dma.o)
                0x080074d0                up_dmainitialize
 .text.stm32_dmachannel
                0x08007510       0x34 c:/px4/workspace/PX4Firmware/Build/px4io-v1_default.build/nuttx-export/libs\libnuttx.a(arch-stm32_dma.o)
                0x08007510                stm32_dmachannel
 .text.stm32_dmafree
                0x08007544        0x6 c:/px4/workspace/PX4Firmware/Build/px4io-v1_default.build/nuttx-export/libs\libnuttx.a(arch-stm32_dma.o)
                0x08007544                stm32_dmafree
 .text.stm32_dmasetup
                0x0800754a       0x28 c:/px4/workspace/PX4Firmware/Build/px4io-v1_default.build/nuttx-export/libs\libnuttx.a(arch-stm32_dma.o)
                0x0800754a                stm32_dmasetup
 .text.stm32_dmastart
                0x08007572       0x28 c:/px4/workspace/PX4Firmware/Build/px4io-v1_default.build/nuttx-export/libs\libnuttx.a(arch-stm32_dma.o)
                0x08007572                stm32_dmastart
 .text.stm32_dmastop
                0x0800759a        0x4 c:/px4/workspace/PX4Firmware/Build/px4io-v1_default.build/nuttx-export/libs\libnuttx.a(arch-stm32_dma.o)
                0x0800759a                stm32_dmastop
 .text.stm32_dmaresidual
                0x0800759e        0x6 c:/px4/workspace/PX4Firmware/Build/px4io-v1_default.build/nuttx-export/libs\libnuttx.a(arch-stm32_dma.o)
                0x0800759e                stm32_dmaresidual
 .text.stm32_gpioinit
                0x080075a4        0xc c:/px4/workspace/PX4Firmware/Build/px4io-v1_default.build/nuttx-export/libs\libnuttx.a(arch-stm32_gpio.o)
                0x080075a4                stm32_gpioinit
 .text.stm32_configgpio
                0x080075b0       0xe0 c:/px4/workspace/PX4Firmware/Build/px4io-v1_default.build/nuttx-export/libs\libnuttx.a(arch-stm32_gpio.o)
                0x080075b0                stm32_configgpio
 .text.stm32_gpiowrite
                0x08007690       0x28 c:/px4/workspace/PX4Firmware/Build/px4io-v1_default.build/nuttx-export/libs\libnuttx.a(arch-stm32_gpio.o)
                0x08007690                stm32_gpiowrite
 .text.stm32_gpioread
                0x080076b8       0x2c c:/px4/workspace/PX4Firmware/Build/px4io-v1_default.build/nuttx-export/libs\libnuttx.a(arch-stm32_gpio.o)
                0x080076b8                stm32_gpioread
 .text.stm32_irqinfo
                0x080076e4       0x74 c:/px4/workspace/PX4Firmware/Build/px4io-v1_default.build/nuttx-export/libs\libnuttx.a(arch-stm32_irq.o)
 .text.up_irqinitialize
                0x08007758       0x68 c:/px4/workspace/PX4Firmware/Build/px4io-v1_default.build/nuttx-export/libs\libnuttx.a(arch-stm32_irq.o)
                0x08007758                up_irqinitialize
 .text.up_disable_irq
                0x080077c0       0x1a c:/px4/workspace/PX4Firmware/Build/px4io-v1_default.build/nuttx-export/libs\libnuttx.a(arch-stm32_irq.o)
                0x080077c0                up_disable_irq
 .text.up_enable_irq
                0x080077da       0x18 c:/px4/workspace/PX4Firmware/Build/px4io-v1_default.build/nuttx-export/libs\libnuttx.a(arch-stm32_irq.o)
                0x080077da                up_enable_irq
 .text.up_maskack_irq
                0x080077f2        0x4 c:/px4/workspace/PX4Firmware/Build/px4io-v1_default.build/nuttx-export/libs\libnuttx.a(arch-stm32_irq.o)
                0x080077f2                up_maskack_irq
 *fill*         0x080077f6        0x2 00
 .text.up_prioritize_irq
                0x080077f8       0x44 c:/px4/workspace/PX4Firmware/Build/px4io-v1_default.build/nuttx-export/libs\libnuttx.a(arch-stm32_irq.o)
                0x080077f8                up_prioritize_irq
 .text.up_restoreusartint
                0x0800783c       0x26 c:/px4/workspace/PX4Firmware/Build/px4io-v1_default.build/nuttx-export/libs\libnuttx.a(arch-stm32_serial.o)
 .text.up_disableusartint
                0x08007862       0x20 c:/px4/workspace/PX4Firmware/Build/px4io-v1_default.build/nuttx-export/libs\libnuttx.a(arch-stm32_serial.o)
 .text.up_set_format
                0x08007882       0x5e c:/px4/workspace/PX4Firmware/Build/px4io-v1_default.build/nuttx-export/libs\libnuttx.a(arch-stm32_serial.o)
 .text.up_shutdown
                0x080078e0       0x1c c:/px4/workspace/PX4Firmware/Build/px4io-v1_default.build/nuttx-export/libs\libnuttx.a(arch-stm32_serial.o)
 .text.up_receive
                0x080078fc       0x16 c:/px4/workspace/PX4Firmware/Build/px4io-v1_default.build/nuttx-export/libs\libnuttx.a(arch-stm32_serial.o)
 .text.up_rxint
                0x08007912       0x28 c:/px4/workspace/PX4Firmware/Build/px4io-v1_default.build/nuttx-export/libs\libnuttx.a(arch-stm32_serial.o)
 .text.up_rxavailable
                0x0800793a        0xc c:/px4/workspace/PX4Firmware/Build/px4io-v1_default.build/nuttx-export/libs\libnuttx.a(arch-stm32_serial.o)
 .text.up_dma_rxint
                0x08007946        0x8 c:/px4/workspace/PX4Firmware/Build/px4io-v1_default.build/nuttx-export/libs\libnuttx.a(arch-stm32_serial.o)
 .text.up_send  0x0800794e        0x8 c:/px4/workspace/PX4Firmware/Build/px4io-v1_default.build/nuttx-export/libs\libnuttx.a(arch-stm32_serial.o)
 .text.up_txready
                0x08007956        0xc c:/px4/workspace/PX4Firmware/Build/px4io-v1_default.build/nuttx-export/libs\libnuttx.a(arch-stm32_serial.o)
 .text.up_setup
                0x08007962       0x68 c:/px4/workspace/PX4Firmware/Build/px4io-v1_default.build/nuttx-export/libs\libnuttx.a(arch-stm32_serial.o)
 .text.up_txint
                0x080079ca       0x36 c:/px4/workspace/PX4Firmware/Build/px4io-v1_default.build/nuttx-export/libs\libnuttx.a(arch-stm32_serial.o)
 .text.up_dma_rxavailable
                0x08007a00       0x18 c:/px4/workspace/PX4Firmware/Build/px4io-v1_default.build/nuttx-export/libs\libnuttx.a(arch-stm32_serial.o)
 .text.up_dma_receive
                0x08007a18       0x2a c:/px4/workspace/PX4Firmware/Build/px4io-v1_default.build/nuttx-export/libs\libnuttx.a(arch-stm32_serial.o)
 .text.up_ioctl
                0x08007a42       0xa6 c:/px4/workspace/PX4Firmware/Build/px4io-v1_default.build/nuttx-export/libs\libnuttx.a(arch-stm32_serial.o)
 .text.up_detach
                0x08007ae8       0x1a c:/px4/workspace/PX4Firmware/Build/px4io-v1_default.build/nuttx-export/libs\libnuttx.a(arch-stm32_serial.o)
 .text.up_attach
                0x08007b02       0x1e c:/px4/workspace/PX4Firmware/Build/px4io-v1_default.build/nuttx-export/libs\libnuttx.a(arch-stm32_serial.o)
 .text.up_dma_shutdown
                0x08007b20       0x1a c:/px4/workspace/PX4Firmware/Build/px4io-v1_default.build/nuttx-export/libs\libnuttx.a(arch-stm32_serial.o)
 *fill*         0x08007b3a        0x2 00
 .text.up_dma_setup
                0x08007b3c       0x4c c:/px4/workspace/PX4Firmware/Build/px4io-v1_default.build/nuttx-export/libs\libnuttx.a(arch-stm32_serial.o)
 .text.up_interrupt_common
                0x08007b88       0x4e c:/px4/workspace/PX4Firmware/Build/px4io-v1_default.build/nuttx-export/libs\libnuttx.a(arch-stm32_serial.o)
 *fill*         0x08007bd6        0x2 00
 .text.up_interrupt_usart3
                0x08007bd8        0xc c:/px4/workspace/PX4Firmware/Build/px4io-v1_default.build/nuttx-export/libs\libnuttx.a(arch-stm32_serial.o)
 .text.up_interrupt_usart2
                0x08007be4        0xc c:/px4/workspace/PX4Firmware/Build/px4io-v1_default.build/nuttx-export/libs\libnuttx.a(arch-stm32_serial.o)
 .text.up_interrupt_usart1
                0x08007bf0        0xc c:/px4/workspace/PX4Firmware/Build/px4io-v1_default.build/nuttx-export/libs\libnuttx.a(arch-stm32_serial.o)
 .text.up_dma_rxcallback.part.0
                0x08007bfc       0x16 c:/px4/workspace/PX4Firmware/Build/px4io-v1_default.build/nuttx-export/libs\libnuttx.a(arch-stm32_serial.o)
 .text.up_dma_rxcallback
                0x08007c12        0xe c:/px4/workspace/PX4Firmware/Build/px4io-v1_default.build/nuttx-export/libs\libnuttx.a(arch-stm32_serial.o)
 .text.up_earlyserialinit
                0x08007c20       0x28 c:/px4/workspace/PX4Firmware/Build/px4io-v1_default.build/nuttx-export/libs\libnuttx.a(arch-stm32_serial.o)
                0x08007c20                up_earlyserialinit
 .text.up_serialinit
                0x08007c48       0x60 c:/px4/workspace/PX4Firmware/Build/px4io-v1_default.build/nuttx-export/libs\libnuttx.a(arch-stm32_serial.o)
                0x08007c48                up_serialinit
 .text.stm32_serial_dma_poll
                0x08007ca8       0x3c c:/px4/workspace/PX4Firmware/Build/px4io-v1_default.build/nuttx-export/libs\libnuttx.a(arch-stm32_serial.o)
                0x08007ca8                stm32_serial_dma_poll
 .text.up_putc  0x08007ce4       0x30 c:/px4/workspace/PX4Firmware/Build/px4io-v1_default.build/nuttx-export/libs\libnuttx.a(arch-stm32_serial.o)
                0x08007ce4                up_putc
 .text.__start  0x08007d14       0x54 c:/px4/workspace/PX4Firmware/Build/px4io-v1_default.build/nuttx-export/libs\libnuttx.a(arch-stm32_start.o)
                0x08007d14                __start
 .text.up_assert
                0x08007d68      0x148 c:/px4/workspace/PX4Firmware/Build/px4io-v1_default.build/nuttx-export/libs\libnuttx.a(arch-up_assert.o)
                0x08007d68                up_assert
 .text.up_hardfault
                0x08007eb0       0x40 c:/px4/workspace/PX4Firmware/Build/px4io-v1_default.build/nuttx-export/libs\libnuttx.a(arch-up_hardfault.o)
                0x08007eb0                up_hardfault
 .text.modifyreg32
                0x08007ef0       0x1c c:/px4/workspace/PX4Firmware/Build/px4io-v1_default.build/nuttx-export/libs\libnuttx.a(arch-up_modifyreg32.o)
                0x08007ef0                modifyreg32
 .text.up_svcall
                0x08007f0c       0x38 c:/px4/workspace/PX4Firmware/Build/px4io-v1_default.build/nuttx-export/libs\libnuttx.a(arch-up_svcall.o)
                0x08007f0c                up_svcall
 .text.up_systemreset
                0x08007f44       0x1c c:/px4/workspace/PX4Firmware/Build/px4io-v1_default.build/nuttx-export/libs\libnuttx.a(arch-up_systemreset.o)
                0x08007f44                up_systemreset
 .text.up_udelay
                0x08007f60       0x7c c:/px4/workspace/PX4Firmware/Build/px4io-v1_default.build/nuttx-export/libs\libnuttx.a(arch-up_udelay.o)
                0x08007f60                up_udelay
 .text.__cxa_atexit
                0x08007fdc        0x4 c:/px4/workspace/PX4Firmware/Build/px4io-v1_default.build/nuttx-export/libs\libnuttx.a(cxx-libxx_cxa_atexit.o)
                0x08007fdc                __cxa_atexit
 .text.__cxa_pure_virtual
                0x08007fe0       0x10 c:/px4/workspace/PX4Firmware/Build/px4io-v1_default.build/nuttx-export/libs\libnuttx.a(cxx-libxx_cxapurevirtual.o)
                0x08007fe0                __cxa_pure_virtual
 .text._ZdlPv   0x08007ff0        0x4 c:/px4/workspace/PX4Firmware/Build/px4io-v1_default.build/nuttx-export/libs\libnuttx.a(cxx-libxx_delete.o)
                0x08007ff0                operator delete(void*)
 .text.__aeabi_atexit
                0x08007ff4        0xa c:/px4/workspace/PX4Firmware/Build/px4io-v1_default.build/nuttx-export/libs\libnuttx.a(cxx-libxx_eabi_atexit.o)
                0x08007ff4                __aeabi_atexit
 .text._Znwj    0x08007ffe        0xa c:/px4/workspace/PX4Firmware/Build/px4io-v1_default.build/nuttx-export/libs\libnuttx.a(cxx-libxx_new.o)
                0x08007ffe                operator new(unsigned int)
 .text.ioctl    0x08008008       0x4c c:/px4/workspace/PX4Firmware/Build/px4io-v1_default.build/nuttx-export/libs\libnuttx.a(fs-fs_ioctl.o)
                0x08008008                ioctl
 .text.inode_checkflags
                0x08008054       0x2a c:/px4/workspace/PX4Firmware/Build/px4io-v1_default.build/nuttx-export/libs\libnuttx.a(fs-fs_open.o)
                0x08008054                inode_checkflags
 .text.open     0x0800807e       0x94 c:/px4/workspace/PX4Firmware/Build/px4io-v1_default.build/nuttx-export/libs\libnuttx.a(fs-fs_open.o)
                0x0800807e                open
 .text.read     0x08008112       0x62 c:/px4/workspace/PX4Firmware/Build/px4io-v1_default.build/nuttx-export/libs\libnuttx.a(fs-fs_read.o)
                0x08008112                read
 .text.uart_ioctl
                0x08008174       0xd2 c:/px4/workspace/PX4Firmware/Build/px4io-v1_default.build/nuttx-export/libs\libnuttx.a(drivers-serial.o)
 *fill*         0x08008246        0x2 00
 .text.uart_takesem
                0x08008248       0x34 c:/px4/workspace/PX4Firmware/Build/px4io-v1_default.build/nuttx-export/libs\libnuttx.a(drivers-serial.o)
 .text.uart_putxmitchar
                0x0800827c       0x84 c:/px4/workspace/PX4Firmware/Build/px4io-v1_default.build/nuttx-export/libs\libnuttx.a(drivers-serial.o)
 .text.uart_write
                0x08008300       0xe4 c:/px4/workspace/PX4Firmware/Build/px4io-v1_default.build/nuttx-export/libs\libnuttx.a(drivers-serial.o)
 .text.uart_read
                0x080083e4       0xee c:/px4/workspace/PX4Firmware/Build/px4io-v1_default.build/nuttx-export/libs\libnuttx.a(drivers-serial.o)
 .text.uart_open
                0x080084d2       0x9e c:/px4/workspace/PX4Firmware/Build/px4io-v1_default.build/nuttx-export/libs\libnuttx.a(drivers-serial.o)
 .text.uart_close
                0x08008570       0x80 c:/px4/workspace/PX4Firmware/Build/px4io-v1_default.build/nuttx-export/libs\libnuttx.a(drivers-serial.o)
 .text.uart_register
                0x080085f0       0x54 c:/px4/workspace/PX4Firmware/Build/px4io-v1_default.build/nuttx-export/libs\libnuttx.a(drivers-serial.o)
                0x080085f0                uart_register
 .text.uart_datareceived
                0x08008644       0x10 c:/px4/workspace/PX4Firmware/Build/px4io-v1_default.build/nuttx-export/libs\libnuttx.a(drivers-serial.o)
                0x08008644                uart_datareceived
 .text.uart_datasent
                0x08008654       0x10 c:/px4/workspace/PX4Firmware/Build/px4io-v1_default.build/nuttx-export/libs\libnuttx.a(drivers-serial.o)
                0x08008654                uart_datasent
 .text.uart_xmitchars
                0x08008664       0x6e c:/px4/workspace/PX4Firmware/Build/px4io-v1_default.build/nuttx-export/libs\libnuttx.a(drivers-serialirq.o)
                0x08008664                uart_xmitchars
 .text.uart_recvchars
                0x080086d2       0x5e c:/px4/workspace/PX4Firmware/Build/px4io-v1_default.build/nuttx-export/libs\libnuttx.a(drivers-serialirq.o)
                0x080086d2                uart_recvchars
 .text.get_errno_ptr
                0x08008730       0x28 c:/px4/workspace/PX4Firmware/Build/px4io-v1_default.build/nuttx-export/libs\libnuttx.a(sched-errno_getptr.o)
                0x08008730                get_errno_ptr
 .text.exit     0x08008758       0x1c c:/px4/workspace/PX4Firmware/Build/px4io-v1_default.build/nuttx-export/libs\libnuttx.a(sched-exit.o)
                0x08008758                exit
 .text.getpid   0x08008774       0x10 c:/px4/workspace/PX4Firmware/Build/px4io-v1_default.build/nuttx-export/libs\libnuttx.a(sched-getpid.o)
                0x08008774                getpid
 .text.os_start
                0x08008784      0x124 c:/px4/workspace/PX4Firmware/Build/px4io-v1_default.build/nuttx-export/libs\libnuttx.a(sched-os_start.o)
                0x08008784                os_start
 .text.sched_garbagecollection
                0x080088a8       0x2c c:/px4/workspace/PX4Firmware/Build/px4io-v1_default.build/nuttx-export/libs\libnuttx.a(sched-sched_garbage.o)
                0x080088a8                sched_garbagecollection
 .text.sched_getfiles
                0x080088d4       0x10 c:/px4/workspace/PX4Firmware/Build/px4io-v1_default.build/nuttx-export/libs\libnuttx.a(sched-sched_getfiles.o)
                0x080088d4                sched_getfiles
 .text.sem_post
                0x080088e4       0x5c c:/px4/workspace/PX4Firmware/Build/px4io-v1_default.build/nuttx-export/libs\libnuttx.a(sched-sem_post.o)
                0x080088e4                sem_post
 .text.sem_trywait
                0x08008940       0x4c c:/px4/workspace/PX4Firmware/Build/px4io-v1_default.build/nuttx-export/libs\libnuttx.a(sched-sem_trywait.o)
                0x08008940                sem_trywait
 .text.sem_wait
                0x0800898c       0x84 c:/px4/workspace/PX4Firmware/Build/px4io-v1_default.build/nuttx-export/libs\libnuttx.a(sched-sem_wait.o)
                0x0800898c                sem_wait
 .text.task_exithook
                0x08008a10       0x1e c:/px4/workspace/PX4Firmware/Build/px4io-v1_default.build/nuttx-export/libs\libnuttx.a(sched-task_exithook.o)
                0x08008a10                task_exithook
 .text.task_recover
                0x08008a2e       0x26 c:/px4/workspace/PX4Firmware/Build/px4io-v1_default.build/nuttx-export/libs\libnuttx.a(sched-task_recover.o)
                0x08008a2e                task_recover
 .text.wd_cancel
                0x08008a54       0x6c c:/px4/workspace/PX4Firmware/Build/px4io-v1_default.build/nuttx-export/libs\libnuttx.a(sched-wd_cancel.o)
                0x08008a54                wd_cancel
 .text.wd_delete
                0x08008ac0       0x3c c:/px4/workspace/PX4Firmware/Build/px4io-v1_default.build/nuttx-export/libs\libnuttx.a(sched-wd_delete.o)
                0x08008ac0                wd_delete
 .text.wd_initialize
                0x08008afc       0x44 c:/px4/workspace/PX4Firmware/Build/px4io-v1_default.build/nuttx-export/libs\libnuttx.a(sched-wd_initialize.o)
                0x08008afc                wd_initialize
 .text.dq_addfirst
                0x08008b40       0x18 c:/px4/workspace/PX4Firmware/Build/px4io-v1_default.build/nuttx-export/libs\libnuttx.a(c-dq_addfirst.o)
                0x08008b40                dq_addfirst
 .text.cfgetspeed
                0x08008b58        0x4 c:/px4/workspace/PX4Firmware/Build/px4io-v1_default.build/nuttx-export/libs\libnuttx.a(c-lib_cfgetspeed.o)
                0x08008b58                cfgetspeed
 .text.lib_checkbase
                0x08008b5c       0x50 c:/px4/workspace/PX4Firmware/Build/px4io-v1_default.build/nuttx-export/libs\libnuttx.a(c-lib_checkbase.o)
                0x08008b5c                lib_checkbase
 .text.lib_isbasedigit
                0x08008bac       0x4e c:/px4/workspace/PX4Firmware/Build/px4io-v1_default.build/nuttx-export/libs\libnuttx.a(c-lib_isbasedigit.o)
                0x08008bac                lib_isbasedigit
 .text.utodec   0x08008bfa       0x22 c:/px4/workspace/PX4Firmware/Build/px4io-v1_default.build/nuttx-export/libs\libnuttx.a(c-lib_libvsprintf.o)
 .text.utooct   0x08008c1c       0x1c c:/px4/workspace/PX4Firmware/Build/px4io-v1_default.build/nuttx-export/libs\libnuttx.a(c-lib_libvsprintf.o)
 .text.utobin   0x08008c38       0x1c c:/px4/workspace/PX4Firmware/Build/px4io-v1_default.build/nuttx-export/libs\libnuttx.a(c-lib_libvsprintf.o)
 .text.llutodec
                0x08008c54       0x3e c:/px4/workspace/PX4Firmware/Build/px4io-v1_default.build/nuttx-export/libs\libnuttx.a(c-lib_libvsprintf.o)
 .text.llutooct
                0x08008c92       0x2a c:/px4/workspace/PX4Firmware/Build/px4io-v1_default.build/nuttx-export/libs\libnuttx.a(c-lib_libvsprintf.o)
 .text.llutobin
                0x08008cbc       0x24 c:/px4/workspace/PX4Firmware/Build/px4io-v1_default.build/nuttx-export/libs\libnuttx.a(c-lib_libvsprintf.o)
 .text.prejustify
                0x08008ce0       0x84 c:/px4/workspace/PX4Firmware/Build/px4io-v1_default.build/nuttx-export/libs\libnuttx.a(c-lib_libvsprintf.o)
 .text.utohex   0x08008d64       0x40 c:/px4/workspace/PX4Firmware/Build/px4io-v1_default.build/nuttx-export/libs\libnuttx.a(c-lib_libvsprintf.o)
 .text.utoascii
                0x08008da4       0x8a c:/px4/workspace/PX4Firmware/Build/px4io-v1_default.build/nuttx-export/libs\libnuttx.a(c-lib_libvsprintf.o)
 .text.llutohex
                0x08008e2e       0x4e c:/px4/workspace/PX4Firmware/Build/px4io-v1_default.build/nuttx-export/libs\libnuttx.a(c-lib_libvsprintf.o)
 .text.llutoascii
                0x08008e7c       0x92 c:/px4/workspace/PX4Firmware/Build/px4io-v1_default.build/nuttx-export/libs\libnuttx.a(c-lib_libvsprintf.o)
 .text.postjustify.part.2
                0x08008f0e       0x20 c:/px4/workspace/PX4Firmware/Build/px4io-v1_default.build/nuttx-export/libs\libnuttx.a(c-lib_libvsprintf.o)
 *fill*         0x08008f2e        0x2 00
 .text.lib_vsprintf
                0x08008f30      0x2c8 c:/px4/workspace/PX4Firmware/Build/px4io-v1_default.build/nuttx-export/libs\libnuttx.a(c-lib_libvsprintf.o)
                0x08008f30                lib_vsprintf
 .text.lowoutstream_putc
                0x080091f8       0x16 c:/px4/workspace/PX4Firmware/Build/px4io-v1_default.build/nuttx-export/libs\libnuttx.a(c-lib_lowoutstream.o)
 *fill*         0x0800920e        0x2 00
 .text.lib_lowoutstream
                0x08009210       0x10 c:/px4/workspace/PX4Firmware/Build/px4io-v1_default.build/nuttx-export/libs\libnuttx.a(c-lib_lowoutstream.o)
                0x08009210                lib_lowoutstream
 .text.memoutstream_putc
                0x08009220       0x1a c:/px4/workspace/PX4Firmware/Build/px4io-v1_default.build/nuttx-export/libs\libnuttx.a(c-lib_memoutstream.o)
 *fill*         0x0800923a        0x2 00
 .text.lib_memoutstream
                0x0800923c       0x18 c:/px4/workspace/PX4Firmware/Build/px4io-v1_default.build/nuttx-export/libs\libnuttx.a(c-lib_memoutstream.o)
                0x0800923c                lib_memoutstream
 .text.nulloutstream_putc
                0x08009254        0x8 c:/px4/workspace/PX4Firmware/Build/px4io-v1_default.build/nuttx-export/libs\libnuttx.a(c-lib_nulloutstream.o)
 .text.lib_nulloutstream
                0x0800925c       0x10 c:/px4/workspace/PX4Firmware/Build/px4io-v1_default.build/nuttx-export/libs\libnuttx.a(c-lib_nulloutstream.o)
                0x0800925c                lib_nulloutstream
 .text.lib_skipspace
                0x0800926c       0x24 c:/px4/workspace/PX4Firmware/Build/px4io-v1_default.build/nuttx-export/libs\libnuttx.a(c-lib_skipspace.o)
                0x0800926c                lib_skipspace
 .text.strcpy   0x08009290       0x10 c:/px4/workspace/PX4Firmware/Build/px4io-v1_default.build/nuttx-export/libs\libnuttx.a(c-lib_strcpy.o)
                0x08009290                strcpy
 .text.strlen   0x080092a0       0x10 c:/px4/workspace/PX4Firmware/Build/px4io-v1_default.build/nuttx-export/libs\libnuttx.a(c-lib_strlen.o)
                0x080092a0                strlen
 .text.sem_init
                0x080092b0       0x1e c:/px4/workspace/PX4Firmware/Build/px4io-v1_default.build/nuttx-export/libs\libnuttx.a(c-sem_init.o)
                0x080092b0                sem_init
 .text.sq_remfirst
                0x080092ce       0x14 c:/px4/workspace/PX4Firmware/Build/px4io-v1_default.build/nuttx-export/libs\libnuttx.a(c-sq_remfirst.o)
                0x080092ce                sq_remfirst
 .text.mm_addfreechunk
                0x080092e2       0x36 c:/px4/workspace/PX4Firmware/Build/px4io-v1_default.build/nuttx-export/libs\libnuttx.a(mm-mm_addfreechunk.o)
                0x080092e2                mm_addfreechunk
 .text.mm_addregion
                0x08009318       0x4e c:/px4/workspace/PX4Firmware/Build/px4io-v1_default.build/nuttx-export/libs\libnuttx.a(mm-mm_initialize.o)
                0x08009318                mm_addregion
 .text.mm_initialize
                0x08009366       0x4a c:/px4/workspace/PX4Firmware/Build/px4io-v1_default.build/nuttx-export/libs\libnuttx.a(mm-mm_initialize.o)
                0x08009366                mm_initialize
 .text.up_allocate_heap
                0x080093b0       0x14 c:/px4/workspace/PX4Firmware/Build/px4io-v1_default.build/nuttx-export/libs\libnuttx.a(arch-stm32_allocateheap.o)
                0x080093b0                up_allocate_heap
 .text.up_idle  0x080093c4        0x4 c:/px4/workspace/PX4Firmware/Build/px4io-v1_default.build/nuttx-export/libs\libnuttx.a(arch-stm32_idle.o)
                0x080093c4                up_idle
 .text.up_lowputc
                0x080093c8       0x18 c:/px4/workspace/PX4Firmware/Build/px4io-v1_default.build/nuttx-export/libs\libnuttx.a(arch-stm32_lowputc.o)
                0x080093c8                up_lowputc
 .text.stm32_lowsetup
                0x080093e0       0x68 c:/px4/workspace/PX4Firmware/Build/px4io-v1_default.build/nuttx-export/libs\libnuttx.a(arch-stm32_lowputc.o)
                0x080093e0                stm32_lowsetup
 .text.stm32_clockconfig
                0x08009448       0xcc c:/px4/workspace/PX4Firmware/Build/px4io-v1_default.build/nuttx-export/libs\libnuttx.a(arch-stm32_rcc.o)
                0x08009448                stm32_clockconfig
 .text.up_block_task
                0x08009514       0x70 c:/px4/workspace/PX4Firmware/Build/px4io-v1_default.build/nuttx-export/libs\libnuttx.a(arch-up_blocktask.o)
                0x08009514                up_block_task
 .text.up_copystate
                0x08009584       0x12 c:/px4/workspace/PX4Firmware/Build/px4io-v1_default.build/nuttx-export/libs\libnuttx.a(arch-up_copystate.o)
                0x08009584                up_copystate
 .text          0x08009596       0x5e c:/px4/workspace/PX4Firmware/Build/px4io-v1_default.build/nuttx-export/libs\libnuttx.a(arch-up_exception.o)
                0x08009596                exception_common
 .text._exit    0x080095f4       0x1c c:/px4/workspace/PX4Firmware/Build/px4io-v1_default.build/nuttx-export/libs\libnuttx.a(arch-up_exit.o)
                0x080095f4                _exit
 .text          0x08009610        0xa c:/px4/workspace/PX4Firmware/Build/px4io-v1_default.build/nuttx-export/libs\libnuttx.a(arch-up_fullcontextrestore.o)
                0x08009610                up_fullcontextrestore
 *fill*         0x0800961a        0x2 00
 .text.up_initialize
                0x0800961c       0x28 c:/px4/workspace/PX4Firmware/Build/px4io-v1_default.build/nuttx-export/libs\libnuttx.a(arch-up_initialize.o)
                0x0800961c                up_initialize
 .text.up_initial_state
                0x08009644       0x2c c:/px4/workspace/PX4Firmware/Build/px4io-v1_default.build/nuttx-export/libs\libnuttx.a(arch-up_initialstate.o)
                0x08009644                up_initial_state
 .text.up_interrupt_context
                0x08009670       0x10 c:/px4/workspace/PX4Firmware/Build/px4io-v1_default.build/nuttx-export/libs\libnuttx.a(arch-up_interruptcontext.o)
                0x08009670                up_interrupt_context
 .text.up_mdelay
                0x08009680       0x2c c:/px4/workspace/PX4Firmware/Build/px4io-v1_default.build/nuttx-export/libs\libnuttx.a(arch-up_mdelay.o)
                0x08009680                up_mdelay
 .text          0x080096ac        0xc c:/px4/workspace/PX4Firmware/Build/px4io-v1_default.build/nuttx-export/libs\libnuttx.a(arch-up_switchcontext.o)
                0x080096ac                up_switchcontext
 .text.up_unblock_task
                0x080096b8       0x58 c:/px4/workspace/PX4Firmware/Build/px4io-v1_default.build/nuttx-export/libs\libnuttx.a(arch-up_unblocktask.o)
                0x080096b8                up_unblock_task
 .text._files_close
                0x08009710       0x2a c:/px4/workspace/PX4Firmware/Build/px4io-v1_default.build/nuttx-export/libs\libnuttx.a(fs-fs_files.o)
 *fill*         0x0800973a        0x2 00
 .text._files_semtake
                0x0800973c       0x28 c:/px4/workspace/PX4Firmware/Build/px4io-v1_default.build/nuttx-export/libs\libnuttx.a(fs-fs_files.o)
 .text.files_initialize
                0x08009764        0x2 c:/px4/workspace/PX4Firmware/Build/px4io-v1_default.build/nuttx-export/libs\libnuttx.a(fs-fs_files.o)
                0x08009764                files_initialize
 .text.files_initlist
                0x08009766        0x8 c:/px4/workspace/PX4Firmware/Build/px4io-v1_default.build/nuttx-export/libs\libnuttx.a(fs-fs_files.o)
                0x08009766                files_initlist
 .text.files_releaselist
                0x0800976e       0x20 c:/px4/workspace/PX4Firmware/Build/px4io-v1_default.build/nuttx-export/libs\libnuttx.a(fs-fs_files.o)
                0x0800976e                files_releaselist
 .text.files_dup
                0x0800978e       0x86 c:/px4/workspace/PX4Firmware/Build/px4io-v1_default.build/nuttx-export/libs\libnuttx.a(fs-fs_files.o)
                0x0800978e                files_dup
 .text.files_allocate
                0x08009814       0x54 c:/px4/workspace/PX4Firmware/Build/px4io-v1_default.build/nuttx-export/libs\libnuttx.a(fs-fs_files.o)
                0x08009814                files_allocate
 .text.files_close
                0x08009868       0x3a c:/px4/workspace/PX4Firmware/Build/px4io-v1_default.build/nuttx-export/libs\libnuttx.a(fs-fs_files.o)
                0x08009868                files_close
 .text.files_release
                0x080098a2       0x2c c:/px4/workspace/PX4Firmware/Build/px4io-v1_default.build/nuttx-export/libs\libnuttx.a(fs-fs_files.o)
                0x080098a2                files_release
 .text.inode_addref
                0x080098ce       0x1a c:/px4/workspace/PX4Firmware/Build/px4io-v1_default.build/nuttx-export/libs\libnuttx.a(fs-fs_inodeaddref.o)
                0x080098ce                inode_addref
 .text.inode_find
                0x080098e8       0x32 c:/px4/workspace/PX4Firmware/Build/px4io-v1_default.build/nuttx-export/libs\libnuttx.a(fs-fs_inodefind.o)
                0x080098e8                inode_find
 .text.inode_release
                0x0800991a       0x40 c:/px4/workspace/PX4Firmware/Build/px4io-v1_default.build/nuttx-export/libs\libnuttx.a(fs-fs_inoderelease.o)
                0x0800991a                inode_release
 .text.register_driver
                0x0800995a       0x32 c:/px4/workspace/PX4Firmware/Build/px4io-v1_default.build/nuttx-export/libs\libnuttx.a(fs-fs_registerdriver.o)
                0x0800995a                register_driver
 .text.group_allocate
                0x0800998c       0x18 c:/px4/workspace/PX4Firmware/Build/px4io-v1_default.build/nuttx-export/libs\libnuttx.a(sched-group_create.o)
                0x0800998c                group_allocate
 .text.group_initialize
                0x080099a4        0xa c:/px4/workspace/PX4Firmware/Build/px4io-v1_default.build/nuttx-export/libs\libnuttx.a(sched-group_create.o)
                0x080099a4                group_initialize
 .text.group_leave
                0x080099ae       0x26 c:/px4/workspace/PX4Firmware/Build/px4io-v1_default.build/nuttx-export/libs\libnuttx.a(sched-group_leave.o)
                0x080099ae                group_leave
 .text.group_setupidlefiles
                0x080099d4       0x40 c:/px4/workspace/PX4Firmware/Build/px4io-v1_default.build/nuttx-export/libs\libnuttx.a(sched-group_setupidlefiles.o)
                0x080099d4                group_setupidlefiles
 .text.os_bringup
                0x08009a14       0x30 c:/px4/workspace/PX4Firmware/Build/px4io-v1_default.build/nuttx-export/libs\libnuttx.a(sched-os_bringup.o)
                0x08009a14                os_bringup
 .text.sched_addblocked
                0x08009a44       0x3c c:/px4/workspace/PX4Firmware/Build/px4io-v1_default.build/nuttx-export/libs\libnuttx.a(sched-sched_addblocked.o)
                0x08009a44                sched_addblocked
 .text.sched_addprioritized
                0x08009a80       0x5c c:/px4/workspace/PX4Firmware/Build/px4io-v1_default.build/nuttx-export/libs\libnuttx.a(sched-sched_addprioritized.o)
                0x08009a80                sched_addprioritized
 .text.sched_addreadytorun
                0x08009adc       0x5c c:/px4/workspace/PX4Firmware/Build/px4io-v1_default.build/nuttx-export/libs\libnuttx.a(sched-sched_addreadytorun.o)
                0x08009adc                sched_addreadytorun
 .text.sched_ufree
                0x08009b38       0x3c c:/px4/workspace/PX4Firmware/Build/px4io-v1_default.build/nuttx-export/libs\libnuttx.a(sched-sched_free.o)
                0x08009b38                sched_ufree
 .text.sched_mergepending
                0x08009b74       0x70 c:/px4/workspace/PX4Firmware/Build/px4io-v1_default.build/nuttx-export/libs\libnuttx.a(sched-sched_mergepending.o)
                0x08009b74                sched_mergepending
 .text.sched_removeblocked
                0x08009be4       0x30 c:/px4/workspace/PX4Firmware/Build/px4io-v1_default.build/nuttx-export/libs\libnuttx.a(sched-sched_removeblocked.o)
                0x08009be4                sched_removeblocked
 .text.sched_removereadytorun
                0x08009c14       0x38 c:/px4/workspace/PX4Firmware/Build/px4io-v1_default.build/nuttx-export/libs\libnuttx.a(sched-sched_removereadytorun.o)
                0x08009c14                sched_removereadytorun
 .text.sem_destroy
                0x08009c4c       0x28 c:/px4/workspace/PX4Firmware/Build/px4io-v1_default.build/nuttx-export/libs\libnuttx.a(sched-sem_destroy.o)
                0x08009c4c                sem_destroy
 .text.thread_create
                0x08009c74       0xa4 c:/px4/workspace/PX4Firmware/Build/px4io-v1_default.build/nuttx-export/libs\libnuttx.a(sched-task_create.o)
 .text.task_create
                0x08009d18       0x18 c:/px4/workspace/PX4Firmware/Build/px4io-v1_default.build/nuttx-export/libs\libnuttx.a(sched-task_create.o)
                0x08009d18                task_create
 .text.task_exit
                0x08009d30       0x4c c:/px4/workspace/PX4Firmware/Build/px4io-v1_default.build/nuttx-export/libs\libnuttx.a(sched-task_exit.o)
                0x08009d30                task_exit
 .text.task_schedsetup
                0x08009d7c       0xac c:/px4/workspace/PX4Firmware/Build/px4io-v1_default.build/nuttx-export/libs\libnuttx.a(sched-task_setup.o)
                0x08009d7c                task_schedsetup
 .text.task_argsetup
                0x08009e28       0x64 c:/px4/workspace/PX4Firmware/Build/px4io-v1_default.build/nuttx-export/libs\libnuttx.a(sched-task_setup.o)
                0x08009e28                task_argsetup
 .text.task_start
                0x08009e8c       0x28 c:/px4/workspace/PX4Firmware/Build/px4io-v1_default.build/nuttx-export/libs\libnuttx.a(sched-task_start.o)
                0x08009e8c                task_start
 .text.task_terminate
                0x08009eb4       0x78 c:/px4/workspace/PX4Firmware/Build/px4io-v1_default.build/nuttx-export/libs\libnuttx.a(sched-task_terminate.o)
                0x08009eb4                task_terminate
 .text.dq_addlast
                0x08009f2c       0x18 c:/px4/workspace/PX4Firmware/Build/px4io-v1_default.build/nuttx-export/libs\libnuttx.a(c-dq_addlast.o)
                0x08009f2c                dq_addlast
 .text.dq_rem   0x08009f44       0x1c c:/px4/workspace/PX4Firmware/Build/px4io-v1_default.build/nuttx-export/libs\libnuttx.a(c-dq_rem.o)
                0x08009f44                dq_rem
 .text.strdup   0x08009f60       0x1c c:/px4/workspace/PX4Firmware/Build/px4io-v1_default.build/nuttx-export/libs\libnuttx.a(c-lib_strdup.o)
                0x08009f60                strdup
 .text.up_timerisr
                0x08009f7c        0xa c:/px4/workspace/PX4Firmware/Build/px4io-v1_default.build/nuttx-export/libs\libnuttx.a(arch-stm32_timerisr.o)
                0x08009f7c                up_timerisr
 *fill*         0x08009f86        0x2 00
 .text.up_timerinit
                0x08009f88       0x40 c:/px4/workspace/PX4Firmware/Build/px4io-v1_default.build/nuttx-export/libs\libnuttx.a(arch-stm32_timerisr.o)
                0x08009f88                up_timerinit
 .text.up_create_stack
                0x08009fc8       0x42 c:/px4/workspace/PX4Firmware/Build/px4io-v1_default.build/nuttx-export/libs\libnuttx.a(arch-up_createstack.o)
                0x08009fc8                up_create_stack
 *fill*         0x0800a00a        0x2 00
 .text.up_doirq
                0x0800a00c       0x2c c:/px4/workspace/PX4Firmware/Build/px4io-v1_default.build/nuttx-export/libs\libnuttx.a(arch-up_doirq.o)
                0x0800a00c                up_doirq
 .text.up_release_stack
                0x0800a038       0x16 c:/px4/workspace/PX4Firmware/Build/px4io-v1_default.build/nuttx-export/libs\libnuttx.a(arch-up_releasestack.o)
                0x0800a038                up_release_stack
 .text.close    0x0800a04e       0x24 c:/px4/workspace/PX4Firmware/Build/px4io-v1_default.build/nuttx-export/libs\libnuttx.a(fs-fs_close.o)
                0x0800a04e                close
 .text.dup2     0x0800a072       0x4c c:/px4/workspace/PX4Firmware/Build/px4io-v1_default.build/nuttx-export/libs\libnuttx.a(fs-fs_filedup2.o)
                0x0800a072                dup2
 *fill*         0x0800a0be        0x2 00
 .text.fs_initialize
                0x0800a0c0       0x20 c:/px4/workspace/PX4Firmware/Build/px4io-v1_default.build/nuttx-export/libs\libnuttx.a(fs-fs_inode.o)
                0x0800a0c0                fs_initialize
 .text.inode_semtake
                0x0800a0e0       0x2c c:/px4/workspace/PX4Firmware/Build/px4io-v1_default.build/nuttx-export/libs\libnuttx.a(fs-fs_inode.o)
                0x0800a0e0                inode_semtake
 .text.inode_semgive
                0x0800a10c        0xc c:/px4/workspace/PX4Firmware/Build/px4io-v1_default.build/nuttx-export/libs\libnuttx.a(fs-fs_inode.o)
                0x0800a10c                inode_semgive
 .text.inode_free
                0x0800a118       0x1e c:/px4/workspace/PX4Firmware/Build/px4io-v1_default.build/nuttx-export/libs\libnuttx.a(fs-fs_inode.o)
                0x0800a118                inode_free
 .text.inode_nextname
                0x0800a136       0x12 c:/px4/workspace/PX4Firmware/Build/px4io-v1_default.build/nuttx-export/libs\libnuttx.a(fs-fs_inode.o)
                0x0800a136                inode_nextname
 .text.inode_search
                0x0800a148       0x9c c:/px4/workspace/PX4Firmware/Build/px4io-v1_default.build/nuttx-export/libs\libnuttx.a(fs-fs_inode.o)
                0x0800a148                inode_search
 .text.inode_alloc
                0x0800a1e4       0x36 c:/px4/workspace/PX4Firmware/Build/px4io-v1_default.build/nuttx-export/libs\libnuttx.a(fs-fs_inodereserve.o)
 *fill*         0x0800a21a        0x2 00
 .text.inode_reserve
                0x0800a21c       0xa4 c:/px4/workspace/PX4Firmware/Build/px4io-v1_default.build/nuttx-export/libs\libnuttx.a(fs-fs_inodereserve.o)
                0x0800a21c                inode_reserve
 .text.group_setuptaskfiles
                0x0800a2c0        0xe c:/px4/workspace/PX4Firmware/Build/px4io-v1_default.build/nuttx-export/libs\libnuttx.a(sched-group_setuptaskfiles.o)
                0x0800a2c0                group_setuptaskfiles
 *fill*         0x0800a2ce        0x2 00
 .text.irq_dispatch
                0x0800a2d0       0x24 c:/px4/workspace/PX4Firmware/Build/px4io-v1_default.build/nuttx-export/libs\libnuttx.a(sched-irq_dispatch.o)
                0x0800a2d0                irq_dispatch
 .text.sched_gettcb
                0x0800a2f4       0x28 c:/px4/workspace/PX4Firmware/Build/px4io-v1_default.build/nuttx-export/libs\libnuttx.a(sched-sched_gettcb.o)
                0x0800a2f4                sched_gettcb
 .text.sched_lock
                0x0800a31c       0x30 c:/px4/workspace/PX4Firmware/Build/px4io-v1_default.build/nuttx-export/libs\libnuttx.a(sched-sched_lock.o)
                0x0800a31c                sched_lock
 .text.sched_process_timer
                0x0800a34c       0x1c c:/px4/workspace/PX4Firmware/Build/px4io-v1_default.build/nuttx-export/libs\libnuttx.a(sched-sched_processtimer.o)
                0x0800a34c                sched_process_timer
 .text.sched_releasetcb
                0x0800a368       0x58 c:/px4/workspace/PX4Firmware/Build/px4io-v1_default.build/nuttx-export/libs\libnuttx.a(sched-sched_releasetcb.o)
                0x0800a368                sched_releasetcb
 .text.sched_unlock
                0x0800a3c0       0x48 c:/px4/workspace/PX4Firmware/Build/px4io-v1_default.build/nuttx-export/libs\libnuttx.a(sched-sched_unlock.o)
                0x0800a3c0                sched_unlock
 .text.task_activate
                0x0800a408       0x18 c:/px4/workspace/PX4Firmware/Build/px4io-v1_default.build/nuttx-export/libs\libnuttx.a(sched-task_activate.o)
                0x0800a408                task_activate
 .text.up_release_pending
                0x0800a420       0x38 c:/px4/workspace/PX4Firmware/Build/px4io-v1_default.build/nuttx-export/libs\libnuttx.a(arch-up_releasepending.o)
                0x0800a420                up_release_pending
 .text          0x0800a458       0x18 c:/px4/toolchain/bin/../lib/gcc/arm-none-eabi/4.6.2/armv7-m/libgcc.a(_lshrdi3.o)
                0x0800a458                __lshrdi3
                0x0800a458                __aeabi_llsr
 .text          0x0800a470      0x21c c:/px4/toolchain/bin/../lib/gcc/arm-none-eabi/4.6.2/armv7-m/libgcc.a(_arm_addsubsf3.o)
                0x0800a470                __aeabi_frsub
                0x0800a478                __subsf3
                0x0800a478                __aeabi_fsub
                0x0800a47c                __aeabi_fadd
                0x0800a47c                __addsf3
                0x0800a5dc                __aeabi_ui2f
                0x0800a5dc                __floatunsisf
                0x0800a5e4                __aeabi_i2f
                0x0800a5e4                __floatsisf
                0x0800a600                __aeabi_ul2f
                0x0800a600                __floatundisf
                0x0800a610                __aeabi_l2f
                0x0800a610                __floatdisf
 .text          0x0800a68c      0x2a0 c:/px4/toolchain/bin/../lib/gcc/arm-none-eabi/4.6.2/armv7-m/libgcc.a(_arm_muldivsf3.o)
                0x0800a68c                __mulsf3
                0x0800a68c                __aeabi_fmul
                0x0800a7f4                __aeabi_fdiv
                0x0800a7f4                __divsf3
 .text          0x0800a92c       0xec c:/px4/toolchain/bin/../lib/gcc/arm-none-eabi/4.6.2/armv7-m/libgcc.a(_arm_cmpsf2.o)
                0x0800a92c                __gesf2
                0x0800a92c                __gtsf2
                0x0800a934                __lesf2
                0x0800a934                __ltsf2
                0x0800a93c                __nesf2
                0x0800a93c                __eqsf2
                0x0800a93c                __cmpsf2
                0x0800a99c                __aeabi_cfrcmple
                0x0800a9a4                __aeabi_cfcmpeq
                0x0800a9a4                __aeabi_cfcmple
                0x0800a9b4                __aeabi_fcmpeq
                0x0800a9c8                __aeabi_fcmplt
                0x0800a9dc                __aeabi_fcmple
                0x0800a9f0                __aeabi_fcmpge
                0x0800aa04                __aeabi_fcmpgt
 .text          0x0800aa18       0x4c c:/px4/toolchain/bin/../lib/gcc/arm-none-eabi/4.6.2/armv7-m/libgcc.a(_arm_fixsfsi.o)
                0x0800aa18                __aeabi_f2iz
                0x0800aa18                __fixsfsi
 .text          0x0800aa64       0x40 c:/px4/toolchain/bin/../lib/gcc/arm-none-eabi/4.6.2/armv7-m/libgcc.a(_arm_fixunssfsi.o)
                0x0800aa64                __fixunssfsi
                0x0800aa64                __aeabi_f2uiz
 .text          0x0800aaa4       0x2c c:/px4/toolchain/bin/../lib/gcc/arm-none-eabi/4.6.2/armv7-m/libgcc.a(_aeabi_uldivmod.o)
                0x0800aaa4                __aeabi_uldivmod
 .text          0x0800aad0       0x5c c:/px4/toolchain/bin/../lib/gcc/arm-none-eabi/4.6.2/armv7-m/libgcc.a(bpabi.o)
                0x0800aad0                __gnu_ldivmod_helper
                0x0800ab00                __gnu_uldivmod_helper
 .text          0x0800ab2c        0x4 c:/px4/toolchain/bin/../lib/gcc/arm-none-eabi/4.6.2/armv7-m/libgcc.a(_dvmd_tls.o)
                0x0800ab2c                __aeabi_idiv0
                0x0800ab2c                __aeabi_ldiv0
 .text          0x0800ab30      0x2c8 c:/px4/toolchain/bin/../lib/gcc/arm-none-eabi/4.6.2/armv7-m/libgcc.a(_divdi3.o)
                0x0800ab30                __divdi3
 .text          0x0800adf8      0x298 c:/px4/toolchain/bin/../lib/gcc/arm-none-eabi/4.6.2/armv7-m/libgcc.a(_udivdi3.o)
                0x0800adf8                __udivdi3
 *(.fixup)
 *(.gnu.warning)
 *(.rodata .rodata.*)
 .rodata.pwm_channels
                0x0800b090       0x40 c:/px4/workspace/PX4Firmware/Build/px4io-v1_default.build/c/px4/workspace/PX4Firmware/src/drivers/boards/px4io-v1/module.pre.o
                0x0800b090                pwm_channels
 .rodata.pwm_timers
                0x0800b0d0       0x40 c:/px4/workspace/PX4Firmware/Build/px4io-v1_default.build/c/px4/workspace/PX4Firmware/src/drivers/boards/px4io-v1/module.pre.o
                0x0800b0d0                pwm_timers
 .rodata.str1.4
                0x0800b110      0x288 c:/px4/workspace/PX4Firmware/Build/px4io-v1_default.build/c/px4/workspace/PX4Firmware/src/modules/px4iofirmware/module.pre.o
 .rodata.r_page_config
                0x0800b398       0x14 c:/px4/workspace/PX4Firmware/Build/px4io-v1_default.build/c/px4/workspace/PX4Firmware/src/modules/px4iofirmware/module.pre.o
 .rodata.sbus_decoder
                0x0800b3ac       0xc0 c:/px4/workspace/PX4Firmware/Build/px4io-v1_default.build/c/px4/workspace/PX4Firmware/src/modules/px4iofirmware/module.pre.o
 *fill*         0x0800b46c        0x4 00
 .rodata._ZTV5Mixer
                0x0800b470       0x18 c:/px4/workspace/PX4Firmware/Build/px4io-v1_default.build/c/px4/workspace/PX4Firmware/src/modules/px4iofirmware/module.pre.o
                0x0800b470                vtable for Mixer
 .rodata._ZTV9NullMixer
                0x0800b488       0x18 c:/px4/workspace/PX4Firmware/Build/px4io-v1_default.build/c/px4/workspace/PX4Firmware/src/modules/px4iofirmware/module.pre.o
                0x0800b488                vtable for NullMixer
 .rodata._ZTV10MixerGroup
                0x0800b4a0       0x18 c:/px4/workspace/PX4Firmware/Build/px4io-v1_default.build/c/px4/workspace/PX4Firmware/src/modules/px4iofirmware/module.pre.o
                0x0800b4a0                vtable for MixerGroup
 .rodata._ZN12_GLOBAL__N_1L13_config_hex_xE
                0x0800b4b8       0x48 c:/px4/workspace/PX4Firmware/Build/px4io-v1_default.build/c/px4/workspace/PX4Firmware/src/modules/px4iofirmware/module.pre.o
 .rodata._ZN12_GLOBAL__N_1L14_config_octa_xE
                0x0800b500       0x60 c:/px4/workspace/PX4Firmware/Build/px4io-v1_default.build/c/px4/workspace/PX4Firmware/src/modules/px4iofirmware/module.pre.o
 .rodata._ZN12_GLOBAL__N_1L19_config_rotor_countE
                0x0800b560       0x24 c:/px4/workspace/PX4Firmware/Build/px4io-v1_default.build/c/px4/workspace/PX4Firmware/src/modules/px4iofirmware/module.pre.o
 .rodata._ZN12_GLOBAL__N_1L16_config_hex_plusE
                0x0800b584       0x48 c:/px4/workspace/PX4Firmware/Build/px4io-v1_default.build/c/px4/workspace/PX4Firmware/src/modules/px4iofirmware/module.pre.o
 .rodata._ZN12_GLOBAL__N_1L17_config_octa_plusE
                0x0800b5cc       0x60 c:/px4/workspace/PX4Firmware/Build/px4io-v1_default.build/c/px4/workspace/PX4Firmware/src/modules/px4iofirmware/module.pre.o
 .rodata._ZN12_GLOBAL__N_1L17_config_quad_plusE
                0x0800b62c       0x30 c:/px4/workspace/PX4Firmware/Build/px4io-v1_default.build/c/px4/workspace/PX4Firmware/src/modules/px4iofirmware/module.pre.o
 .rodata._ZN12_GLOBAL__N_113_config_indexE
                0x0800b65c       0x24 c:/px4/workspace/PX4Firmware/Build/px4io-v1_default.build/c/px4/workspace/PX4Firmware/src/modules/px4iofirmware/module.pre.o
 .rodata._ZN12_GLOBAL__N_1L17_config_quad_wideE
                0x0800b680       0x30 c:/px4/workspace/PX4Firmware/Build/px4io-v1_default.build/c/px4/workspace/PX4Firmware/src/modules/px4iofirmware/module.pre.o
 .rodata._ZN12_GLOBAL__N_1L16_config_octa_coxE
                0x0800b6b0       0x60 c:/px4/workspace/PX4Firmware/Build/px4io-v1_default.build/c/px4/workspace/PX4Firmware/src/modules/px4iofirmware/module.pre.o
 .rodata._ZN12_GLOBAL__N_1L14_config_quad_vE
                0x0800b710       0x30 c:/px4/workspace/PX4Firmware/Build/px4io-v1_default.build/c/px4/workspace/PX4Firmware/src/modules/px4iofirmware/module.pre.o
 .rodata._ZN12_GLOBAL__N_1L14_config_quad_xE
                0x0800b740       0x30 c:/px4/workspace/PX4Firmware/Build/px4io-v1_default.build/c/px4/workspace/PX4Firmware/src/modules/px4iofirmware/module.pre.o
 .rodata._ZTV15MultirotorMixer
                0x0800b770       0x18 c:/px4/workspace/PX4Firmware/Build/px4io-v1_default.build/c/px4/workspace/PX4Firmware/src/modules/px4iofirmware/module.pre.o
                0x0800b770                vtable for MultirotorMixer
 .rodata._ZTV11SimpleMixer
                0x0800b788       0x18 c:/px4/workspace/PX4Firmware/Build/px4io-v1_default.build/c/px4/workspace/PX4Firmware/src/modules/px4iofirmware/module.pre.o
                0x0800b788                vtable for SimpleMixer
 .rodata.junk_buf
                0x0800b7a0        0x4 c:/px4/workspace/PX4Firmware/Build/px4io-v1_default.build/c/px4/workspace/PX4Firmware/src/modules/px4iofirmware/module.pre.o
 .rodata.str1.1
                0x0800b7a4       0x14 c:/px4/workspace/PX4Firmware/Build/px4io-v1_default.build/nuttx-export/libs\libnuttx.a(sched-irq_unexpectedisr.o)
 .rodata.crc32_tab
                0x0800b7b8      0x400 c:/px4/workspace/PX4Firmware/Build/px4io-v1_default.build/nuttx-export/libs\libnuttx.a(c-lib_crc32.o)
 .rodata.str1.1
                0x0800bbb8       0x14 c:/px4/workspace/PX4Firmware/Build/px4io-v1_default.build/nuttx-export/libs\libnuttx.a(c-lib_sscanf.o)
 .rodata.spaces
                0x0800bbcc        0x7 c:/px4/workspace/PX4Firmware/Build/px4io-v1_default.build/nuttx-export/libs\libnuttx.a(c-lib_sscanf.o)
 .rodata.str1.1
                0x0800bbd3        0x9 c:/px4/workspace/PX4Firmware/Build/px4io-v1_default.build/nuttx-export/libs\libnuttx.a(mm-mm_sem.o)
 .rodata.str1.1
                0x0800bbdc       0x17 c:/px4/workspace/PX4Firmware/Build/px4io-v1_default.build/nuttx-export/libs\libnuttx.a(arch-stm32_dma.o)
 *fill*         0x0800bbf3        0x1 00
 .rodata.g_gpiobase
                0x0800bbf4       0x10 c:/px4/workspace/PX4Firmware/Build/px4io-v1_default.build/nuttx-export/libs\libnuttx.a(arch-stm32_gpio.o)
                0x0800bbf4                g_gpiobase
 .rodata.str1.1
                0x0800bc04       0x23 c:/px4/workspace/PX4Firmware/Build/px4io-v1_default.build/nuttx-export/libs\libnuttx.a(arch-stm32_serial.o)
 *fill*         0x0800bc27        0x1 00
 .rodata.uart_devs
                0x0800bc28        0xc c:/px4/workspace/PX4Firmware/Build/px4io-v1_default.build/nuttx-export/libs\libnuttx.a(arch-stm32_serial.o)
 .rodata.g_uart_dma_ops
                0x0800bc34       0x30 c:/px4/workspace/PX4Firmware/Build/px4io-v1_default.build/nuttx-export/libs\libnuttx.a(arch-stm32_serial.o)
 .rodata.g_uart_ops
                0x0800bc64       0x30 c:/px4/workspace/PX4Firmware/Build/px4io-v1_default.build/nuttx-export/libs\libnuttx.a(arch-stm32_serial.o)
 .rodata.str1.1
                0x0800bc94      0x160 c:/px4/workspace/PX4Firmware/Build/px4io-v1_default.build/nuttx-export/libs\libnuttx.a(arch-up_assert.o)
 .rodata.str1.1
                0x0800bdf4       0x17 c:/px4/workspace/PX4Firmware/Build/px4io-v1_default.build/nuttx-export/libs\libnuttx.a(arch-up_hardfault.o)
 .rodata.str1.1
                0x0800be0b       0x19 c:/px4/workspace/PX4Firmware/Build/px4io-v1_default.build/nuttx-export/libs\libnuttx.a(cxx-libxx_cxapurevirtual.o)
 .rodata.str1.1
                0x0800be24       0x10 c:/px4/workspace/PX4Firmware/Build/px4io-v1_default.build/nuttx-export/libs\libnuttx.a(drivers-serial.o)
 .rodata.g_serialops
                0x0800be34       0x18 c:/px4/workspace/PX4Firmware/Build/px4io-v1_default.build/nuttx-export/libs\libnuttx.a(drivers-serial.o)
 .rodata.g_idlename
                0x0800be4c        0xa c:/px4/workspace/PX4Firmware/Build/px4io-v1_default.build/nuttx-export/libs\libnuttx.a(sched-os_start.o)
 *fill*         0x0800be56        0x2 00
 .rodata.g_tasklisttable
                0x0800be58       0x30 c:/px4/workspace/PX4Firmware/Build/px4io-v1_default.build/nuttx-export/libs\libnuttx.a(sched-os_start.o)
                0x0800be58                g_tasklisttable
 .rodata.str1.1
                0x0800be88        0xb c:/px4/workspace/PX4Firmware/Build/px4io-v1_default.build/nuttx-export/libs\libnuttx.a(sched-sem_post.o)
 .rodata.str1.1
                0x0800be93        0xb c:/px4/workspace/PX4Firmware/Build/px4io-v1_default.build/nuttx-export/libs\libnuttx.a(sched-sem_wait.o)
 .rodata.str1.1
                0x0800be9e        0xc c:/px4/workspace/PX4Firmware/Build/px4io-v1_default.build/nuttx-export/libs\libnuttx.a(sched-wd_cancel.o)
 .rodata.g_nullstring
                0x0800beaa        0x7 c:/px4/workspace/PX4Firmware/Build/px4io-v1_default.build/nuttx-export/libs\libnuttx.a(c-lib_libvsprintf.o)
 .rodata.str1.1
                0x0800beb1       0x1c c:/px4/workspace/PX4Firmware/Build/px4io-v1_default.build/nuttx-export/libs\libnuttx.a(c-lib_libvsprintf.o)
 .rodata        0x0800becd        0x4 c:/px4/workspace/PX4Firmware/Build/px4io-v1_default.build/nuttx-export/libs\libnuttx.a(arch-stm32_vectors.o)
                0x0800becd                g_idle_topstack
 .rodata.str1.1
                0x0800bed1       0x17 c:/px4/workspace/PX4Firmware/Build/px4io-v1_default.build/nuttx-export/libs\libnuttx.a(arch-up_blocktask.o)
 .rodata.str1.1
                0x0800bee8       0x19 c:/px4/workspace/PX4Firmware/Build/px4io-v1_default.build/nuttx-export/libs\libnuttx.a(arch-up_unblocktask.o)
 .rodata.str1.1
                0x0800bf01        0xb c:/px4/workspace/PX4Firmware/Build/px4io-v1_default.build/nuttx-export/libs\libnuttx.a(fs-fs_files.o)
 .rodata.str1.1
                0x00000000        0xd c:/px4/workspace/PX4Firmware/Build/px4io-v1_default.build/nuttx-export/libs\libnuttx.a(sched-group_setupidlefiles.o)
 .rodata.str1.1
                0x0800bf0c       0x12 c:/px4/workspace/PX4Firmware/Build/px4io-v1_default.build/nuttx-export/libs\libnuttx.a(sched-os_bringup.o)
 .rodata.str1.1
                0x0800bf1e       0x13 c:/px4/workspace/PX4Firmware/Build/px4io-v1_default.build/nuttx-export/libs\libnuttx.a(sched-sched_addblocked.o)
 .rodata.str1.1
                0x0800bf31       0x17 c:/px4/workspace/PX4Firmware/Build/px4io-v1_default.build/nuttx-export/libs\libnuttx.a(sched-sched_addprioritized.o)
 .rodata.str1.1
                0x0800bf48       0x16 c:/px4/workspace/PX4Firmware/Build/px4io-v1_default.build/nuttx-export/libs\libnuttx.a(sched-sched_addreadytorun.o)
 .rodata.str1.1
                0x0800bf5e       0x15 c:/px4/workspace/PX4Firmware/Build/px4io-v1_default.build/nuttx-export/libs\libnuttx.a(sched-sched_mergepending.o)
 .rodata.str1.1
                0x0800bf73       0x16 c:/px4/workspace/PX4Firmware/Build/px4io-v1_default.build/nuttx-export/libs\libnuttx.a(sched-sched_removeblocked.o)
 .rodata.str1.1
                0x0800bf89       0x19 c:/px4/workspace/PX4Firmware/Build/px4io-v1_default.build/nuttx-export/libs\libnuttx.a(sched-sched_removereadytorun.o)
 .rodata.g_noname
                0x0800bfa2        0x9 c:/px4/workspace/PX4Firmware/Build/px4io-v1_default.build/nuttx-export/libs\libnuttx.a(sched-task_setup.o)
 .rodata.str1.1
                0x0800bfab       0x11 c:/px4/workspace/PX4Firmware/Build/px4io-v1_default.build/nuttx-export/libs\libnuttx.a(sched-task_terminate.o)
 .rodata.str1.1
                0x0800bfbc        0xb c:/px4/workspace/PX4Firmware/Build/px4io-v1_default.build/nuttx-export/libs\libnuttx.a(fs-fs_inode.o)
 .rodata.str1.1
                0x0800bfc7        0xd c:/px4/workspace/PX4Firmware/Build/px4io-v1_default.build/nuttx-export/libs\libnuttx.a(sched-sched_lock.o)
 *(.gnu.linkonce.t.*)
 *(.glue_7)
 .glue_7        0x00000000        0x0 linker stubs
 *(.glue_7t)
 .glue_7t       0x00000000        0x0 linker stubs
 *(.got)
 *(.gcc_except_table)
 *(.gnu.linkonce.r.*)
                0x0800bfd4                _etext = ABSOLUTE (.)

.vfp11_veneer   0x0800bfd4        0x0
 .vfp11_veneer  0x00000000        0x0 linker stubs

.v4_bx          0x0800bfd4        0x0
 .v4_bx         0x00000000        0x0 linker stubs

.init_section   0x0800bfd4        0x4
                0x0800bfd4                _sinit = ABSOLUTE (.)
 *(.init_array .init_array.*)
 .init_array    0x0800bfd4        0x4 c:/px4/workspace/PX4Firmware/Build/px4io-v1_default.build/c/px4/workspace/PX4Firmware/src/modules/px4iofirmware/module.pre.o
                0x0800bfd8                _einit = ABSOLUTE (.)

.ARM.extab
 *(.ARM.extab*)
                0x0800bfd8                __exidx_start = ABSOLUTE (.)

.ARM.exidx      0x0800bfd8        0x8
 *(.ARM.exidx*)
 .ARM.exidx     0x0800bfd8        0x8 c:/px4/toolchain/bin/../lib/gcc/arm-none-eabi/4.6.2/armv7-m/libgcc.a(_divdi3.o)
 .ARM.exidx     0x0800bfe0        0x0 c:/px4/toolchain/bin/../lib/gcc/arm-none-eabi/4.6.2/armv7-m/libgcc.a(_udivdi3.o)
                                  0x8 (size before relaxing)
                0x0800bfe0                __exidx_end = ABSOLUTE (.)
                0x0800bfe0                _eronly = ABSOLUTE (.)

.data           0x20000000      0x200 load address 0x0800bfe0
                0x20000000                _sdata = ABSOLUTE (.)
 *(.data .data.*)
 .data.dsm_fd   0x20000000        0x4 c:/px4/workspace/PX4Firmware/Build/px4io-v1_default.build/c/px4/workspace/PX4Firmware/src/modules/px4iofirmware/module.pre.o
 .data.r_page_servo_control_min
                0x20000004       0x10 c:/px4/workspace/PX4Firmware/Build/px4io-v1_default.build/c/px4/workspace/PX4Firmware/src/modules/px4iofirmware/module.pre.o
 .data.r_page_servo_control_max
                0x20000014       0x10 c:/px4/workspace/PX4Firmware/Build/px4io-v1_default.build/c/px4/workspace/PX4Firmware/src/modules/px4iofirmware/module.pre.o
 .data.r_page_setup
                0x20000024       0x1c c:/px4/workspace/PX4Firmware/Build/px4io-v1_default.build/c/px4/workspace/PX4Firmware/src/modules/px4iofirmware/module.pre.o
 .data.sbus_fd  0x20000040        0x4 c:/px4/workspace/PX4Firmware/Build/px4io-v1_default.build/c/px4/workspace/PX4Firmware/src/modules/px4iofirmware/module.pre.o
 .data.tx_len   0x20000044        0x4 c:/px4/workspace/PX4Firmware/Build/px4io-v1_default.build/c/px4/workspace/PX4Firmware/src/modules/px4iofirmware/module.pre.o
 .data.tx_buf   0x20000048        0x4 c:/px4/workspace/PX4Firmware/Build/px4io-v1_default.build/c/px4/workspace/PX4Firmware/src/modules/px4iofirmware/module.pre.o
 .data.g_dma    0x2000004c       0x70 c:/px4/workspace/PX4Firmware/Build/px4io-v1_default.build/nuttx-export/libs\libnuttx.a(arch-stm32_dma.o)
 .data.g_usart1priv
                0x200000bc       0x6c c:/px4/workspace/PX4Firmware/Build/px4io-v1_default.build/nuttx-export/libs\libnuttx.a(arch-stm32_serial.o)
 .data.g_usart2priv
                0x20000128       0x6c c:/px4/workspace/PX4Firmware/Build/px4io-v1_default.build/nuttx-export/libs\libnuttx.a(arch-stm32_serial.o)
 .data.g_usart3priv
                0x20000194       0x6c c:/px4/workspace/PX4Firmware/Build/px4io-v1_default.build/nuttx-export/libs\libnuttx.a(arch-stm32_serial.o)
 *(.gnu.linkonce.d.*)
                0x20000200                _edata = ABSOLUTE (.)

.bss            0x20000200      0xafe load address 0x0800c1e0
                0x20000200                _sbss = ABSOLUTE (.)
 *(.bss .bss.*)
 .bss.callout_queue
                0x20000200        0x8 c:/px4/workspace/PX4Firmware/Build/px4io-v1_default.build/c/px4/workspace/PX4Firmware/src/drivers/stm32/module.pre.o
 .bss.ppm_edge_history
                0x20000208       0x40 c:/px4/workspace/PX4Firmware/Build/px4io-v1_default.build/c/px4/workspace/PX4Firmware/src/drivers/stm32/module.pre.o
                0x20000208                ppm_edge_history
 .bss.ppm_pulse_history
                0x20000248       0x40 c:/px4/workspace/PX4Firmware/Build/px4io-v1_default.build/c/px4/workspace/PX4Firmware/src/drivers/stm32/module.pre.o
                0x20000248                ppm_pulse_history
 .bss.ppm_last_valid_decode
                0x20000288        0x8 c:/px4/workspace/PX4Firmware/Build/px4io-v1_default.build/c/px4/workspace/PX4Firmware/src/drivers/stm32/module.pre.o
                0x20000288                ppm_last_valid_decode
 .bss.new_channel_holdoff.5826
                0x20000290        0x4 c:/px4/workspace/PX4Firmware/Build/px4io-v1_default.build/c/px4/workspace/PX4Firmware/src/drivers/stm32/module.pre.o
 .bss.ppm_decoded_channels
                0x20000294        0x4 c:/px4/workspace/PX4Firmware/Build/px4io-v1_default.build/c/px4/workspace/PX4Firmware/src/drivers/stm32/module.pre.o
                0x20000294                ppm_decoded_channels
 .bss.ppm_edge_next
                0x20000298        0x4 c:/px4/workspace/PX4Firmware/Build/px4io-v1_default.build/c/px4/workspace/PX4Firmware/src/drivers/stm32/module.pre.o
 .bss.latency_counters
                0x2000029c       0x24 c:/px4/workspace/PX4Firmware/Build/px4io-v1_default.build/c/px4/workspace/PX4Firmware/src/drivers/stm32/module.pre.o
 .bss.base_time.5846
                0x200002c0        0x8 c:/px4/workspace/PX4Firmware/Build/px4io-v1_default.build/c/px4/workspace/PX4Firmware/src/drivers/stm32/module.pre.o
 .bss.last_count.5847
                0x200002c8        0x4 c:/px4/workspace/PX4Firmware/Build/px4io-v1_default.build/c/px4/workspace/PX4Firmware/src/drivers/stm32/module.pre.o
 .bss.ppm_pulse_next
                0x200002cc        0x4 c:/px4/workspace/PX4Firmware/Build/px4io-v1_default.build/c/px4/workspace/PX4Firmware/src/drivers/stm32/module.pre.o
 .bss.latency_baseline
                0x200002d0        0x2 c:/px4/workspace/PX4Firmware/Build/px4io-v1_default.build/c/px4/workspace/PX4Firmware/src/drivers/stm32/module.pre.o
 *fill*         0x200002d2        0x2 00
 .bss.ppm_buffer
                0x200002d4       0x28 c:/px4/workspace/PX4Firmware/Build/px4io-v1_default.build/c/px4/workspace/PX4Firmware/src/drivers/stm32/module.pre.o
                0x200002d4                ppm_buffer
 .bss.ppm_temp_buffer
                0x200002fc       0x28 c:/px4/workspace/PX4Firmware/Build/px4io-v1_default.build/c/px4/workspace/PX4Firmware/src/drivers/stm32/module.pre.o
 .bss.ppm_frame_length
                0x20000324        0x2 c:/px4/workspace/PX4Firmware/Build/px4io-v1_default.build/c/px4/workspace/PX4Firmware/src/drivers/stm32/module.pre.o
                0x20000324                ppm_frame_length
 .bss.latency_actual
                0x20000326        0x2 c:/px4/workspace/PX4Firmware/Build/px4io-v1_default.build/c/px4/workspace/PX4Firmware/src/drivers/stm32/module.pre.o
 .bss.new_channel_count.5825
                0x20000328        0x4 c:/px4/workspace/PX4Firmware/Build/px4io-v1_default.build/c/px4/workspace/PX4Firmware/src/drivers/stm32/module.pre.o
 .bss.ppm       0x2000032c       0x10 c:/px4/workspace/PX4Firmware/Build/px4io-v1_default.build/c/px4/workspace/PX4Firmware/src/drivers/stm32/module.pre.o
 .bss.adc_perf  0x2000033c        0x4 c:/px4/workspace/PX4Firmware/Build/px4io-v1_default.build/c/px4/workspace/PX4Firmware/src/modules/px4iofirmware/module.pre.o
 .bss.c_gather_dsm
                0x20000340        0x4 c:/px4/workspace/PX4Firmware/Build/px4io-v1_default.build/c/px4/workspace/PX4Firmware/src/modules/px4iofirmware/module.pre.o
 .bss.c_gather_ppm
                0x20000344        0x4 c:/px4/workspace/PX4Firmware/Build/px4io-v1_default.build/c/px4/workspace/PX4Firmware/src/modules/px4iofirmware/module.pre.o
 .bss.c_gather_sbus
                0x20000348        0x4 c:/px4/workspace/PX4Firmware/Build/px4io-v1_default.build/c/px4/workspace/PX4Firmware/src/modules/px4iofirmware/module.pre.o
 .bss.cs11.5844
                0x2000034c        0x4 c:/px4/workspace/PX4Firmware/Build/px4io-v1_default.build/c/px4/workspace/PX4Firmware/src/modules/px4iofirmware/module.pre.o
 .bss.dsm_partial_frame_count
                0x20000350        0x4 c:/px4/workspace/PX4Firmware/Build/px4io-v1_default.build/c/px4/workspace/PX4Firmware/src/modules/px4iofirmware/module.pre.o
 .bss.samples.5845
                0x20000354        0x4 c:/px4/workspace/PX4Firmware/Build/px4io-v1_default.build/c/px4/workspace/PX4Firmware/src/modules/px4iofirmware/module.pre.o
 .bss.dsm_last_rx_time
                0x20000358        0x8 c:/px4/workspace/PX4Firmware/Build/px4io-v1_default.build/c/px4/workspace/PX4Firmware/src/modules/px4iofirmware/module.pre.o
 .bss.cs10.5843
                0x20000360        0x4 c:/px4/workspace/PX4Firmware/Build/px4io-v1_default.build/c/px4/workspace/PX4Firmware/src/modules/px4iofirmware/module.pre.o
 .bss.dsm_frame
                0x20000364       0x10 c:/px4/workspace/PX4Firmware/Build/px4io-v1_default.build/c/px4/workspace/PX4Firmware/src/modules/px4iofirmware/module.pre.o
 .bss.dsm_frame_drops
                0x20000374        0x4 c:/px4/workspace/PX4Firmware/Build/px4io-v1_default.build/c/px4/workspace/PX4Firmware/src/modules/px4iofirmware/module.pre.o
 .bss.dsm_last_frame_time
                0x20000378        0x8 c:/px4/workspace/PX4Firmware/Build/px4io-v1_default.build/c/px4/workspace/PX4Firmware/src/modules/px4iofirmware/module.pre.o
 .bss.dsm_channel_shift
                0x20000380        0x4 c:/px4/workspace/PX4Firmware/Build/px4io-v1_default.build/c/px4/workspace/PX4Firmware/src/modules/px4iofirmware/module.pre.o
 .bss.last_msg_counter
                0x20000384        0x4 c:/px4/workspace/PX4Firmware/Build/px4io-v1_default.build/c/px4/workspace/PX4Firmware/src/modules/px4iofirmware/module.pre.o
 .bss.system_state
                0x20000388       0x18 c:/px4/workspace/PX4Firmware/Build/px4io-v1_default.build/c/px4/workspace/PX4Firmware/src/modules/px4iofirmware/module.pre.o
 .bss.msg_next_out
                0x200003a0        0x1 c:/px4/workspace/PX4Firmware/Build/px4io-v1_default.build/c/px4/workspace/PX4Firmware/src/modules/px4iofirmware/module.pre.o
 *fill*         0x200003a1        0x7 00
 .bss.serial_dma_call
                0x200003a8       0x20 c:/px4/workspace/PX4Firmware/Build/px4io-v1_default.build/c/px4/workspace/PX4Firmware/src/modules/px4iofirmware/module.pre.o
 .bss.msg_counter
                0x200003c8        0x4 c:/px4/workspace/PX4Firmware/Build/px4io-v1_default.build/c/px4/workspace/PX4Firmware/src/modules/px4iofirmware/module.pre.o