
Memory Configuration

Name             Origin             Length             Attributes
*default*        0x00000000         0xffffffff

Linker script and memory map

LOAD px4io.cpp.o
LOAD px4io_uploader.cpp.o
LOAD px4io_serial.cpp.o
LOAD px4io_i2c.cpp.o

.interp
 *(.interp)

.note.gnu.build-id
 *(.note.gnu.build-id)

.hash
 *(.hash)

.gnu.hash
 *(.gnu.hash)

.dynsym
 *(.dynsym)

.dynstr
 *(.dynstr)

.gnu.version
 *(.gnu.version)

.gnu.version_d
 *(.gnu.version_d)

.gnu.version_r
 *(.gnu.version_r)

.rel.init
 *(.rel.init)

.rela.init
 *(.rela.init)

.rel.text
 *(.rel.text)

.rela.text
 *(.rela.text)

.rel.fini
 *(.rel.fini)

.rela.fini
 *(.rela.fini)

.rel.rodata
 *(.rel.rodata)

.rela.rodata
 *(.rela.rodata)

.rel.data.rel.ro
 *(.rel.data.rel.ro)

.rela.data.rel.ro
 *(.rela.data.rel.ro)

.rel.data
 *(.rel.data)

.rela.data
 *(.rela.data)

.rel.tdata
 *(.rel.tdata)

.rela.tdata
 *(.rela.tdata)

.rel.tbss
 *(.rel.tbss)

.rela.tbss
 *(.rela.tbss)

.rel.ctors
 *(.rel.ctors)

.rela.ctors
 *(.rela.ctors)

.rel.dtors
 *(.rel.dtors)

.rela.dtors
 *(.rela.dtors)

.rel.got
 *(.rel.got)

.rela.got
 *(.rela.got)

.rel.bss
 *(.rel.bss)

.rela.bss
 *(.rela.bss)

.rel.iplt
 *(.rel.iplt)

.rela.iplt
 *(.rela.iplt)

.rel.plt
 *(.rel.plt)

.rela.plt
 *(.rela.plt)

.init
 *(.init)

.plt
 *(.plt)

.iplt
 *(.iplt)

.text           0x00000000        0x0
 *(.text .stub)
 .text          0x00000000        0x0 px4io.cpp.o
 .text          0x00000000        0x0 px4io_uploader.cpp.o
 .text          0x00000000        0x0 px4io_serial.cpp.o
 .text          0x00000000        0x0 px4io_i2c.cpp.o
 *(.gnu.warning)

.text._ZNK5PX4IO13system_statusEv
                0x00000000       0x24
 .text._ZNK5PX4IO13system_statusEv
                0x00000000       0x24 px4io.cpp.o
                0x00000000                PX4IO::system_status() const

.text._ZN5PX4IO27set_battery_current_scalingEff
                0x00000000       0x38
 .text._ZN5PX4IO27set_battery_current_scalingEff
                0x00000000       0x38 px4io.cpp.o
                0x00000000                PX4IO::set_battery_current_scaling(float, float)

.text._ZN5PX4IO16io_handle_alarmsEt
                0x00000000       0x28
 .text._ZN5PX4IO16io_handle_alarmsEt
                0x00000000       0x28 px4io.cpp.o
                0x00000000                PX4IO::io_handle_alarms(unsigned short)

.text._ZN5PX4IO14dsm_bind_ioctlEi
                0x00000000       0x44
 .text._ZN5PX4IO14dsm_bind_ioctlEi
                0x00000000       0x44 px4io.cpp.o
                0x00000000                PX4IO::dsm_bind_ioctl(int)

.text._ZN5PX4IO15set_update_rateEi
                0x00000000       0x58
 .text._ZN5PX4IO15set_update_rateEi
                0x00000000       0x58 px4io.cpp.o
                0x00000000                PX4IO::set_update_rate(int)

.text._ZN12_GLOBAL__N_14bindEiPPc
                0x00000000       0xb8
 .text._ZN12_GLOBAL__N_14bindEiPPc
                0x00000000       0xb8 px4io.cpp.o

.text._ZN12_GLOBAL__N_14testEv
                0x00000000      0x180
 .text._ZN12_GLOBAL__N_14testEv
                0x00000000      0x180 px4io.cpp.o

.text._ZN5PX4IO11print_debugEv
                0x00000000       0x84
 .text._ZN5PX4IO11print_debugEv
                0x00000000       0x84 px4io.cpp.o
                0x00000000                PX4IO::print_debug()

.text._ZN12_GLOBAL__N_18lockdownEiPPc
                0x00000000      0x120
 .text._ZN12_GLOBAL__N_18lockdownEiPPc
                0x00000000      0x120 px4io.cpp.o

.text._ZN5PX4IO10io_reg_getEhhPtj
                0x00000000       0x78
 .text._ZN5PX4IO10io_reg_getEhhPtj
                0x00000000       0x78 px4io.cpp.o
                0x00000000                PX4IO::io_reg_get(unsigned char, unsigned char, unsigned short*, unsigned int)

.text._ZN5PX4IO10io_reg_getEhh
                0x00000000       0x44
 .text._ZN5PX4IO10io_reg_getEhh
                0x00000000       0x44 px4io.cpp.o
                0x00000000                PX4IO::io_reg_get(unsigned char, unsigned char)

.text._ZN5PX4IO10io_reg_setEhhPKtj
                0x00000000       0x78
 .text._ZN5PX4IO10io_reg_setEhhPKtj
                0x00000000       0x78 px4io.cpp.o
                0x00000000                PX4IO::io_reg_set(unsigned char, unsigned char, unsigned short const*, unsigned int)

.text._ZN5PX4IO5writeEP4filePKcj
                0x00000000       0x54
 .text._ZN5PX4IO5writeEP4filePKcj
                0x00000000       0x54 px4io.cpp.o
                0x00000000                PX4IO::write(file*, char const*, unsigned int)

.text._ZN5PX4IO10io_reg_setEhht
                0x00000000       0x44
 .text._ZN5PX4IO10io_reg_setEhht
                0x00000000       0x44 px4io.cpp.o
                0x00000000                PX4IO::io_reg_set(unsigned char, unsigned char, unsigned short)

.text._ZN5PX4IO12print_statusEv
                0x00000000      0x7bc
 .text._ZN5PX4IO12print_statusEv
                0x00000000      0x7bc px4io.cpp.o
                0x00000000                PX4IO::print_status()

.text._ZN12_GLOBAL__N_17monitorEv
                0x00000000       0x8c
 .text._ZN12_GLOBAL__N_17monitorEv
                0x00000000       0x8c px4io.cpp.o

.text._ZN5PX4IO13io_reg_modifyEhhtt
                0x00000000       0x64
 .text._ZN5PX4IO13io_reg_modifyEhhtt
                0x00000000       0x64 px4io.cpp.o
                0x00000000                PX4IO::io_reg_modify(unsigned char, unsigned char, unsigned short, unsigned short)

.text._ZN5PX4IO22io_disable_rc_handlingEv
                0x00000000       0x34
 .text._ZN5PX4IO22io_disable_rc_handlingEv
                0x00000000       0x34 px4io.cpp.o
                0x00000000                PX4IO::io_disable_rc_handling()

.text._ZN5PX4IO19disable_rc_handlingEv
                0x00000000       0x28
 .text._ZN5PX4IO19disable_rc_handlingEv
                0x00000000       0x28 px4io.cpp.o
                0x00000000                PX4IO::disable_rc_handling()

.text._ZN5PX4IO10mixer_sendEPKcjj
                0x00000000      0x184
 .text._ZN5PX4IO10mixer_sendEPKcjj
                0x00000000      0x184 px4io.cpp.o
                0x00000000                PX4IO::mixer_send(char const*, unsigned int, unsigned int)

.text._ZN5PX4IO5ioctlEP4fileim
                0x00000000      0x524
 .text._ZN5PX4IO5ioctlEP4fileim
                0x00000000      0x524 px4io.cpp.o
                0x00000000                PX4IO::ioctl(file*, int, unsigned long)

.text._ZN5PX4IO22io_publish_pwm_outputsEv
                0x00000000       0xb4
 .text._ZN5PX4IO22io_publish_pwm_outputsEv
                0x00000000       0xb4 px4io.cpp.o
                0x00000000                PX4IO::io_publish_pwm_outputs()

.text._ZN5PX4IO16io_handle_vservoEtt
                0x00000000       0x74
 .text._ZN5PX4IO16io_handle_vservoEtt
                0x00000000       0x74 px4io.cpp.o
                0x00000000                PX4IO::io_handle_vservo(unsigned short, unsigned short)

.text._ZN5PX4IO16io_handle_statusEt
                0x00000000       0xb0
 .text._ZN5PX4IO16io_handle_statusEt
                0x00000000       0xb0 px4io.cpp.o
                0x00000000                PX4IO::io_handle_status(unsigned short)

.text._ZN5PX4IO13io_get_statusEv
                0x00000000       0x58
 .text._ZN5PX4IO13io_get_statusEv
                0x00000000       0x58 px4io.cpp.o
                0x00000000                PX4IO::io_get_status()

.text._ZN5PX4IO19io_get_raw_rc_inputER15rc_input_values
                0x00000000       0xc4
 .text._ZN5PX4IO19io_get_raw_rc_inputER15rc_input_values
                0x00000000       0xc4 px4io.cpp.o
                0x00000000                PX4IO::io_get_raw_rc_input(rc_input_values&)

.text._ZN5PX4IO17io_publish_raw_rcEv
                0x00000000       0x88
 .text._ZN5PX4IO17io_publish_raw_rcEv
                0x00000000       0x88 px4io.cpp.o
                0x00000000                PX4IO::io_publish_raw_rc()

.text._ZN5PX4IO16io_set_rc_configEv
                0x00000000      0x24c
 .text._ZN5PX4IO16io_set_rc_configEv
                0x00000000      0x24c px4io.cpp.o
                0x00000000                PX4IO::io_set_rc_config()

.text._ZN5PX4IO19io_set_arming_stateEv
                0x00000000       0x98
 .text._ZN5PX4IO19io_set_arming_stateEv
                0x00000000       0x98 px4io.cpp.o
                0x00000000                PX4IO::io_set_arming_state()

.text._ZN5PX4IO20io_set_control_stateEj
                0x00000000      0x114
 .text._ZN5PX4IO20io_set_control_stateEj
                0x00000000      0x114 px4io.cpp.o
                0x00000000                PX4IO::io_set_control_state(unsigned int)

.text._ZN5PX4IO21io_set_control_groupsEv
                0x00000000       0x44
 .text._ZN5PX4IO21io_set_control_groupsEv
                0x00000000       0x44 px4io.cpp.o
                0x00000000                PX4IO::io_set_control_groups()

.text._ZN6device6Device4lockEv
                0x00000000       0x2c
 .text._ZN6device6Device4lockEv
                0x00000000       0x2c px4io.cpp.o
                0x00000000                device::Device::lock()

.text._ZN6device6Device6unlockEv
                0x00000000       0x28
 .text._ZN6device6Device6unlockEv
                0x00000000       0x28 px4io.cpp.o
                0x00000000                device::Device::unlock()

.text._ZN5PX4IO9task_mainEv
                0x00000000      0x30c
 .text._ZN5PX4IO9task_mainEv
                0x00000000      0x30c px4io.cpp.o
                0x00000000                PX4IO::task_main()

.text._ZN5PX4IO20task_main_trampolineEiPPc
                0x00000000       0x1c
 .text._ZN5PX4IO20task_main_trampolineEiPPc
                0x00000000       0x1c px4io.cpp.o
                0x00000000                PX4IO::task_main_trampoline(int, char**)

.text._ZN5PX4IO6detectEv
                0x00000000       0x68
 .text._ZN5PX4IO6detectEv
                0x00000000       0x68 px4io.cpp.o
                0x00000000                PX4IO::detect()

.text._ZN5PX4IO4initEv
                0x00000000      0x2e8
 .text._ZN5PX4IO4initEv
                0x00000000      0x2e8 px4io.cpp.o
                0x00000000                PX4IO::init()

.text._ZN5PX4IOD2Ev
                0x00000000       0x74
 .text._ZN5PX4IOD2Ev
                0x00000000       0x74 px4io.cpp.o
                0x00000000                PX4IO::~PX4IO()
                0x00000000                PX4IO::~PX4IO()

.text._ZN5PX4IOD0Ev
                0x00000000       0x2c
 .text._ZN5PX4IOD0Ev
                0x00000000       0x2c px4io.cpp.o
                0x00000000                PX4IO::~PX4IO()

.text._ZN5PX4IOC2EPN6device6DeviceE
                0x00000000      0x120
 .text._ZN5PX4IOC2EPN6device6DeviceE
                0x00000000      0x120 px4io.cpp.o
                0x00000000                PX4IO::PX4IO(device::Device*)
                0x00000000                PX4IO::PX4IO(device::Device*)

.text._ZN12_GLOBAL__N_113get_interfaceEv
                0x00000000       0x64
 .text._ZN12_GLOBAL__N_113get_interfaceEv
                0x00000000       0x64 px4io.cpp.o

.text._ZN12_GLOBAL__N_17if_testEj
                0x00000000       0x48
 .text._ZN12_GLOBAL__N_17if_testEj
                0x00000000       0x48 px4io.cpp.o

.text._ZN12_GLOBAL__N_15startEiPPc
                0x00000000       0xb0
 .text._ZN12_GLOBAL__N_15startEiPPc
                0x00000000       0xb0 px4io.cpp.o

.text._ZN12_GLOBAL__N_16detectEiPPc
                0x00000000       0x6c
 .text._ZN12_GLOBAL__N_16detectEiPPc
                0x00000000       0x6c px4io.cpp.o

.text._ZN12_GLOBAL__N_18checkcrcEiPPc
                0x00000000      0x10c
 .text._ZN12_GLOBAL__N_18checkcrcEiPPc
                0x00000000      0x10c px4io.cpp.o

.text.px4io_main
                0x00000000      0x504
 .text.px4io_main
                0x00000000      0x504 px4io.cpp.o
                0x00000000                px4io_main

.text._ZN5PX4IO17io_handle_batteryEtt
                0x00000000       0xf0
 .text._ZN5PX4IO17io_handle_batteryEtt
                0x00000000       0xf0 px4io.cpp.o
                0x00000000                PX4IO::io_handle_battery(unsigned short, unsigned short)

.text._ZN14PX4IO_Uploader3logEPKcz
                0x00000000       0x54
 .text._ZN14PX4IO_Uploader3logEPKcz
                0x00000000       0x54 px4io_uploader.cpp.o
                0x00000000                PX4IO_Uploader::log(char const*, ...)

.text._ZN14PX4IO_UploaderC2Ev
                0x00000000       0x30
 .text._ZN14PX4IO_UploaderC2Ev
                0x00000000       0x30 px4io_uploader.cpp.o
                0x00000000                PX4IO_Uploader::PX4IO_Uploader()
                0x00000000                PX4IO_Uploader::PX4IO_Uploader()

.text._ZN14PX4IO_UploaderD2Ev
                0x00000000       0x28
 .text._ZN14PX4IO_UploaderD2Ev
                0x00000000       0x28 px4io_uploader.cpp.o
                0x00000000                PX4IO_Uploader::~PX4IO_Uploader()
                0x00000000                PX4IO_Uploader::~PX4IO_Uploader()

.text._ZL15read_with_retryiPvj
                0x00000000       0x54
 .text._ZL15read_with_retryiPvj
                0x00000000       0x54 px4io_uploader.cpp.o

.text._ZN14PX4IO_Uploader4sendEh
                0x00000000       0x40
 .text._ZN14PX4IO_Uploader4sendEh
                0x00000000       0x40 px4io_uploader.cpp.o
                0x00000000                PX4IO_Uploader::send(unsigned char)

.text._ZN14PX4IO_Uploader6rebootEv
                0x00000000       0x30
 .text._ZN14PX4IO_Uploader6rebootEv
                0x00000000       0x30 px4io_uploader.cpp.o
                0x00000000                PX4IO_Uploader::reboot()

.text._ZN14PX4IO_Uploader4sendEPhj
                0x00000000       0x40
 .text._ZN14PX4IO_Uploader4sendEPhj
                0x00000000       0x40 px4io_uploader.cpp.o
                0x00000000                PX4IO_Uploader::send(unsigned char*, unsigned int)

.text._ZN14PX4IO_Uploader4recvERhj
                0x00000000       0x54
 .text._ZN14PX4IO_Uploader4recvERhj
                0x00000000       0x54 px4io_uploader.cpp.o
                0x00000000                PX4IO_Uploader::recv(unsigned char&, unsigned int)

.text._ZN14PX4IO_Uploader8get_syncEj
                0x00000000       0x60
 .text._ZN14PX4IO_Uploader8get_syncEj
                0x00000000       0x60 px4io_uploader.cpp.o
                0x00000000                PX4IO_Uploader::get_sync(unsigned int)

.text._ZN14PX4IO_Uploader7programEj
                0x00000000       0xd8
 .text._ZN14PX4IO_Uploader7programEj
                0x00000000       0xd8 px4io_uploader.cpp.o
                0x00000000                PX4IO_Uploader::program(unsigned int)

.text._ZN14PX4IO_Uploader5eraseEv
                0x00000000       0x48
 .text._ZN14PX4IO_Uploader5eraseEv
                0x00000000       0x48 px4io_uploader.cpp.o
                0x00000000                PX4IO_Uploader::erase()

.text._ZN14PX4IO_Uploader11verify_rev2Ej
                0x00000000      0x150
 .text._ZN14PX4IO_Uploader11verify_rev2Ej
                0x00000000      0x150 px4io_uploader.cpp.o
                0x00000000                PX4IO_Uploader::verify_rev2(unsigned int)

.text._ZN14PX4IO_Uploader5drainEv
                0x00000000       0x2c
 .text._ZN14PX4IO_Uploader5drainEv
                0x00000000       0x2c px4io_uploader.cpp.o
                0x00000000                PX4IO_Uploader::drain()

.text._ZN14PX4IO_Uploader4syncEv
                0x00000000       0x4c
 .text._ZN14PX4IO_Uploader4syncEv
                0x00000000       0x4c px4io_uploader.cpp.o
                0x00000000                PX4IO_Uploader::sync()

.text._ZN14PX4IO_Uploader4recvEPhj
                0x00000000       0x48
 .text._ZN14PX4IO_Uploader4recvEPhj
                0x00000000       0x48 px4io_uploader.cpp.o
                0x00000000                PX4IO_Uploader::recv(unsigned char*, unsigned int)

.text._ZN14PX4IO_Uploader8get_infoEiRj
                0x00000000       0x54
 .text._ZN14PX4IO_Uploader8get_infoEiRj
                0x00000000       0x54 px4io_uploader.cpp.o
                0x00000000                PX4IO_Uploader::get_info(int, unsigned int&)

.text._ZN14PX4IO_Uploader11verify_rev3Ej
                0x00000000      0x124
 .text._ZN14PX4IO_Uploader11verify_rev3Ej
                0x00000000      0x124 px4io_uploader.cpp.o
                0x00000000                PX4IO_Uploader::verify_rev3(unsigned int)

.text._ZN14PX4IO_Uploader6uploadEPPKc
                0x00000000      0x248
 .text._ZN14PX4IO_Uploader6uploadEPPKc
                0x00000000      0x248 px4io_uploader.cpp.o
                0x00000000                PX4IO_Uploader::upload(char const**)

.text._ZN14PX4IO_UploaderD0Ev
                0x00000000       0x2c
 .text._ZN14PX4IO_UploaderD0Ev
                0x00000000       0x2c px4io_uploader.cpp.o
                0x00000000                PX4IO_Uploader::~PX4IO_Uploader()

.text._ZN12PX4IO_serial10_abort_dmaEv
                0x00000000       0x48
 .text._ZN12PX4IO_serial10_abort_dmaEv
                0x00000000       0x48 px4io_serial.cpp.o
                0x00000000                PX4IO_serial::_abort_dma()

.text._ZL10crc_packetP8IOPacket
                0x00000000       0x44
 .text._ZL10crc_packetP8IOPacket
                0x00000000       0x44 px4io_serial.cpp.o

.text._ZN12PX4IO_serial19_do_rx_dma_callbackEj
                0x00000000       0x54
 .text._ZN12PX4IO_serial19_do_rx_dma_callbackEj
                0x00000000       0x54 px4io_serial.cpp.o
                0x00000000                PX4IO_serial::_do_rx_dma_callback(unsigned int)

.text._ZN12PX4IO_serial13_do_interruptEv
                0x00000000       0x94
 .text._ZN12PX4IO_serial13_do_interruptEv
                0x00000000       0x94 px4io_serial.cpp.o
                0x00000000                PX4IO_serial::_do_interrupt()

.text._ZN12PX4IO_serial10_interruptEiPv
                0x00000000       0x2c
 .text._ZN12PX4IO_serial10_interruptEiPv
                0x00000000       0x2c px4io_serial.cpp.o
                0x00000000                PX4IO_serial::_interrupt(int, void*)

.text._ZN12PX4IO_serial13_dma_callbackEPvhS0_
                0x00000000       0x2c
 .text._ZN12PX4IO_serial13_dma_callbackEPvhS0_
                0x00000000       0x2c px4io_serial.cpp.o
                0x00000000                PX4IO_serial::_dma_callback(void*, unsigned char, void*)

.text._ZN12PX4IO_serial14_wait_completeEv
                0x00000000      0x16c
 .text._ZN12PX4IO_serial14_wait_completeEv
                0x00000000      0x16c px4io_serial.cpp.o
                0x00000000                PX4IO_serial::_wait_complete()

.text._ZN12PX4IO_serial4readEjPvj
                0x00000000       0xc0
 .text._ZN12PX4IO_serial4readEjPvj
                0x00000000       0xc0 px4io_serial.cpp.o
                0x00000000                PX4IO_serial::read(unsigned int, void*, unsigned int)

.text._ZN12PX4IO_serial5writeEjPvj
                0x00000000       0xcc
 .text._ZN12PX4IO_serial5writeEjPvj
                0x00000000       0xcc px4io_serial.cpp.o
                0x00000000                PX4IO_serial::write(unsigned int, void*, unsigned int)

.text._ZN12PX4IO_serial5ioctlEjRj
                0x00000000       0xfc
 .text._ZN12PX4IO_serial5ioctlEjRj
                0x00000000       0xfc px4io_serial.cpp.o
                0x00000000                PX4IO_serial::ioctl(unsigned int, unsigned int&)

.text._ZN12PX4IO_serial4initEv
                0x00000000       0xc8
 .text._ZN12PX4IO_serial4initEv
                0x00000000       0xc8 px4io_serial.cpp.o
                0x00000000                PX4IO_serial::init()

.text._ZN12PX4IO_serialD2Ev
                0x00000000       0xd4
 .text._ZN12PX4IO_serialD2Ev
                0x00000000       0xd4 px4io_serial.cpp.o
                0x00000000                PX4IO_serial::~PX4IO_serial()
                0x00000000                PX4IO_serial::~PX4IO_serial()

.text._ZN12PX4IO_serialD0Ev
                0x00000000       0x2c
 .text._ZN12PX4IO_serialD0Ev
                0x00000000       0x2c px4io_serial.cpp.o
                0x00000000                PX4IO_serial::~PX4IO_serial()

.text._ZN12PX4IO_serialC2Ev
                0x00000000       0xd8
 .text._ZN12PX4IO_serialC2Ev
                0x00000000       0xd8 px4io_serial.cpp.o
                0x00000000                PX4IO_serial::PX4IO_serial()
                0x00000000                PX4IO_serial::PX4IO_serial()

.text._Z22PX4IO_serial_interfacev
                0x00000000       0x2c
 .text._Z22PX4IO_serial_interfacev
                0x00000000       0x2c px4io_serial.cpp.o
                0x00000000                PX4IO_serial_interface()

.fini
 *(.fini)

.rodata
 *(.rodata)

.rodata.str1.1  0x00000000     0x161b
 .rodata.str1.1
                0x00000000     0x1273 px4io.cpp.o
 .rodata.str1.1
                0x00001273      0x2d3 px4io_uploader.cpp.o
 .rodata.str1.1
                0x00001546       0xd5 px4io_serial.cpp.o

.rodata._ZTV5PX4IO
                0x00000000       0x60
 .rodata._ZTV5PX4IO
                0x00000000       0x60 px4io.cpp.o
                0x00000000                vtable for PX4IO

.rodata._ZTV14PX4IO_Uploader
                0x00000000       0x10
 .rodata._ZTV14PX4IO_Uploader
                0x00000000       0x10 px4io_uploader.cpp.o
                0x00000000                vtable for PX4IO_Uploader

.rodata._ZTV12PX4IO_serial
                0x00000000       0x28
 .rodata._ZTV12PX4IO_serial
                0x00000000       0x28 px4io_serial.cpp.o
                0x00000000                vtable for PX4IO_serial

.rodata._ZL8crc8_tab
                0x00000000      0x100
 .rodata._ZL8crc8_tab
                0x00000000      0x100 px4io_serial.cpp.o

.rodata1
 *(.rodata1)

.ARM.extab
 *(.ARM.extab)

.ARM.exidx
 *(.ARM.exidx)

.eh_frame_hdr
 *(.eh_frame_hdr)

.eh_frame
 *(.eh_frame)

.gcc_except_table
 *(.gcc_except_table .gcc_except_table.*)

.eh_frame
 *(.eh_frame)

.gcc_except_table
 *(.gcc_except_table .gcc_except_table.*)

.tdata
 *(.tdata)

.tbss
 *(.tbss)

.preinit_array
 *(.preinit_array)

.jcr
 *(.jcr)

.dynamic
 *(.dynamic)

.got
 *(.got.plt)
 *(.igot.plt)
 *(.got)
 *(.igot)

.data           0x00000000        0x0
 *(.data)
 .data          0x00000000        0x0 px4io.cpp.o
 .data          0x00000000        0x0 px4io_uploader.cpp.o
 .data          0x00000000        0x0 px4io_serial.cpp.o
 .data          0x00000000        0x0 px4io_i2c.cpp.o

.data1
 *(.data1)

.bss            0x00000000        0x0
 *(.dynbss)
 *(.bss)
 .bss           0x00000000        0x0 px4io.cpp.o
 .bss           0x00000000        0x0 px4io_uploader.cpp.o
 .bss           0x00000000        0x0 px4io_serial.cpp.o
 .bss           0x00000000        0x0 px4io_i2c.cpp.o
 *(COMMON)

.bss._ZN12_GLOBAL__N_15g_devE
                0x00000000        0x4
 .bss._ZN12_GLOBAL__N_15g_devE
                0x00000000        0x4 px4io.cpp.o

.bss._ZL11g_interface
                0x00000000        0x4
 .bss._ZL11g_interface
                0x00000000        0x4 px4io_serial.cpp.o

.bss._ZN12PX4IO_serial11_dma_bufferE
                0x00000000       0x44
 .bss._ZN12PX4IO_serial11_dma_bufferE
                0x00000000       0x44 px4io_serial.cpp.o
                0x00000000                PX4IO_serial::_dma_buffer

.stab
 *(.stab)

.stabstr
 *(.stabstr)

.stab.excl
 *(.stab.excl)

.stab.exclstr
 *(.stab.exclstr)

.stab.index
 *(.stab.index)

.stab.indexstr
 *(.stab.indexstr)

.comment        0x00000000      0x1c4
 *(.comment)
 .comment       0x00000000       0x71 px4io.cpp.o
 .comment       0x00000071       0x71 px4io_uploader.cpp.o
 .comment       0x000000e2       0x71 px4io_serial.cpp.o
 .comment       0x00000153       0x71 px4io_i2c.cpp.o

.group          0x00000000        0x8
 .group         0x00000000        0x8 px4io.cpp.o

.group          0x00000000        0x8
 .group         0x00000000        0x8 px4io.cpp.o

.group          0x00000000        0x8
 .group         0x00000000        0x8 px4io.cpp.o

.debug
 *(.debug)

.line
 *(.line)

.debug_srcinfo
 *(.debug_srcinfo)

.debug_sfnames
 *(.debug_sfnames)

.debug_aranges  0x00000000      0x2d0
 *(.debug_aranges)
 .debug_aranges
                0x00000000      0x190 px4io.cpp.o
 .debug_aranges
                0x00000190       0xb0 px4io_uploader.cpp.o
 .debug_aranges
                0x00000240       0x90 px4io_serial.cpp.o

.debug_pubnames
 *(.debug_pubnames)

.debug_info     0x00000000     0x6e40
 *(.debug_info)
 .debug_info    0x00000000     0x39ff px4io.cpp.o
 .debug_info    0x000039ff     0x1b51 px4io_uploader.cpp.o
 .debug_info    0x00005550     0x1868 px4io_serial.cpp.o
 .debug_info    0x00006db8       0x88 px4io_i2c.cpp.o

.debug_abbrev   0x00000000      0xd18
 *(.debug_abbrev)
 .debug_abbrev  0x00000000      0x57d px4io.cpp.o
 .debug_abbrev  0x0000057d      0x3bf px4io_uploader.cpp.o
 .debug_abbrev  0x0000093c      0x3a7 px4io_serial.cpp.o
 .debug_abbrev  0x00000ce3       0x35 px4io_i2c.cpp.o

.debug_line     0x00000000     0x1e82
 *(.debug_line)
 .debug_line    0x00000000     0x10f8 px4io.cpp.o
 .debug_line    0x000010f8      0x666 px4io_uploader.cpp.o
 .debug_line    0x0000175e      0x6cb px4io_serial.cpp.o
 .debug_line    0x00001e29       0x59 px4io_i2c.cpp.o

.debug_frame    0x00000000      0xac4
 *(.debug_frame)
 .debug_frame   0x00000000      0x64c px4io.cpp.o
 .debug_frame   0x0000064c      0x290 px4io_uploader.cpp.o
 .debug_frame   0x000008dc      0x1e8 px4io_serial.cpp.o

.debug_str      0x00000000     0x3857
 *(.debug_str)
 .debug_str     0x00000000     0x1e54 px4io.cpp.o
 .debug_str     0x00001e54      0xca5 px4io_uploader.cpp.o
 .debug_str     0x00002af9      0xbd8 px4io_serial.cpp.o
 .debug_str     0x000036d1      0x186 px4io_i2c.cpp.o

.debug_loc      0x00000000     0x39a5
 *(.debug_loc)
 .debug_loc     0x00000000     0x265d px4io.cpp.o
 .debug_loc     0x0000265d      0xb9a px4io_uploader.cpp.o
 .debug_loc     0x000031f7      0x7ae px4io_serial.cpp.o

.debug_macinfo
 *(.debug_macinfo)

.debug_weaknames
 *(.debug_weaknames)

.debug_funcnames
 *(.debug_funcnames)

.debug_typenames
 *(.debug_typenames)

.debug_varnames
 *(.debug_varnames)

.debug_pubtypes
 *(.debug_pubtypes)

.debug_ranges   0x00000000      0x750
 *(.debug_ranges)
 .debug_ranges  0x00000000      0x4a8 px4io.cpp.o
 .debug_ranges  0x000004a8      0x120 px4io_uploader.cpp.o
 .debug_ranges  0x000005c8      0x188 px4io_serial.cpp.o

.stack
 *(.stack)

.ARM.attributes
                0x00000000       0x37
 *(.ARM.attributes)
 .ARM.attributes
                0x00000000       0x37 px4io.cpp.o
 .ARM.attributes
                0x00000037       0x37 px4io_uploader.cpp.o
 .ARM.attributes
                0x0000006e       0x37 px4io_serial.cpp.o
 .ARM.attributes
                0x000000a5       0x37 px4io_i2c.cpp.o
 *(.gnu.attributes)

.note.gnu.arm.ident
 *(.note.gnu.arm.ident)
OUTPUT(c:/px4/workspace/PX4Firmware/Build/px4fmu-v2_APM.build/c/px4/workspace/PX4Firmware/src/drivers/px4io/module.pre.o elf32-littlearm)
