Archive member included because of file (symbol)

c:/px4/workspace/PX4Firmware/Build/px4io-v2_default.build/nuttx-export/libs\libnuttx.a(sched-irq_attach.o)
                              c:/px4/workspace/PX4Firmware/Build/px4io-v2_default.build/c/px4/workspace/PX4Firmware/src/drivers/stm32/module.pre.o (irq_attach)
c:/px4/workspace/PX4Firmware/Build/px4io-v2_default.build/nuttx-export/libs\libnuttx.a(sched-irq_initialize.o)
                              c:/px4/workspace/PX4Firmware/Build/px4io-v2_default.build/nuttx-export/libs\libnuttx.a(sched-irq_attach.o) (g_irqvector)
c:/px4/workspace/PX4Firmware/Build/px4io-v2_default.build/nuttx-export/libs\libnuttx.a(sched-irq_unexpectedisr.o)
                              c:/px4/workspace/PX4Firmware/Build/px4io-v2_default.build/nuttx-export/libs\libnuttx.a(sched-irq_attach.o) (irq_unexpected_isr)
c:/px4/workspace/PX4Firmware/Build/px4io-v2_default.build/nuttx-export/libs\libnuttx.a(c-lib_abort.o)
                              (abort)
c:/px4/workspace/PX4Firmware/Build/px4io-v2_default.build/nuttx-export/libs\libnuttx.a(c-lib_cfsetspeed.o)
                              c:/px4/workspace/PX4Firmware/Build/px4io-v2_default.build/c/px4/workspace/PX4Firmware/src/modules/px4iofirmware/module.pre.o (cfsetspeed)
c:/px4/workspace/PX4Firmware/Build/px4io-v2_default.build/nuttx-export/libs\libnuttx.a(c-lib_crc32.o)
                              c:/px4/workspace/PX4Firmware/Build/px4io-v2_default.build/c/px4/workspace/PX4Firmware/src/modules/px4iofirmware/module.pre.o (crc32part)
c:/px4/workspace/PX4Firmware/Build/px4io-v2_default.build/nuttx-export/libs\libnuttx.a(c-lib_lowsyslog.o)
                              c:/px4/workspace/PX4Firmware/Build/px4io-v2_default.build/c/px4/workspace/PX4Firmware/src/modules/px4iofirmware/module.pre.o (lowsyslog)
c:/px4/workspace/PX4Firmware/Build/px4io-v2_default.build/nuttx-export/libs\libnuttx.a(c-lib_memchr.o)
                              c:/px4/workspace/PX4Firmware/Build/px4io-v2_default.build/c/px4/workspace/PX4Firmware/src/modules/px4iofirmware/module.pre.o (memchr)
c:/px4/workspace/PX4Firmware/Build/px4io-v2_default.build/nuttx-export/libs\libnuttx.a(c-lib_memcpy.o)
                              c:/px4/workspace/PX4Firmware/Build/px4io-v2_default.build/c/px4/workspace/PX4Firmware/src/modules/px4iofirmware/module.pre.o (memcpy)
c:/px4/workspace/PX4Firmware/Build/px4io-v2_default.build/nuttx-export/libs\libnuttx.a(c-lib_memset.o)
                              c:/px4/workspace/PX4Firmware/Build/px4io-v2_default.build/c/px4/workspace/PX4Firmware/src/drivers/stm32/module.pre.o (memset)
c:/px4/workspace/PX4Firmware/Build/px4io-v2_default.build/nuttx-export/libs\libnuttx.a(c-lib_printf.o)
                              c:/px4/workspace/PX4Firmware/Build/px4io-v2_default.build/c/px4/workspace/PX4Firmware/src/modules/px4iofirmware/module.pre.o (printf)
c:/px4/workspace/PX4Firmware/Build/px4io-v2_default.build/nuttx-export/libs\libnuttx.a(c-lib_sscanf.o)
                              c:/px4/workspace/PX4Firmware/Build/px4io-v2_default.build/c/px4/workspace/PX4Firmware/src/modules/px4iofirmware/module.pre.o (sscanf)
c:/px4/workspace/PX4Firmware/Build/px4io-v2_default.build/nuttx-export/libs\libnuttx.a(c-lib_strchr.o)
                              c:/px4/workspace/PX4Firmware/Build/px4io-v2_default.build/nuttx-export/libs\libnuttx.a(c-lib_sscanf.o) (strchr)
c:/px4/workspace/PX4Firmware/Build/px4io-v2_default.build/nuttx-export/libs\libnuttx.a(c-lib_strcmp.o)
                              c:/px4/workspace/PX4Firmware/Build/px4io-v2_default.build/c/px4/workspace/PX4Firmware/src/modules/px4iofirmware/module.pre.o (strcmp)
c:/px4/workspace/PX4Firmware/Build/px4io-v2_default.build/nuttx-export/libs\libnuttx.a(c-lib_strcspn.o)
                              c:/px4/workspace/PX4Firmware/Build/px4io-v2_default.build/nuttx-export/libs\libnuttx.a(c-lib_sscanf.o) (strcspn)
c:/px4/workspace/PX4Firmware/Build/px4io-v2_default.build/nuttx-export/libs\libnuttx.a(c-lib_strncpy.o)
                              c:/px4/workspace/PX4Firmware/Build/px4io-v2_default.build/nuttx-export/libs\libnuttx.a(c-lib_sscanf.o) (strncpy)
c:/px4/workspace/PX4Firmware/Build/px4io-v2_default.build/nuttx-export/libs\libnuttx.a(c-lib_strtol.o)
                              c:/px4/workspace/PX4Firmware/Build/px4io-v2_default.build/nuttx-export/libs\libnuttx.a(c-lib_sscanf.o) (strtol)
c:/px4/workspace/PX4Firmware/Build/px4io-v2_default.build/nuttx-export/libs\libnuttx.a(c-lib_strtoul.o)
                              c:/px4/workspace/PX4Firmware/Build/px4io-v2_default.build/nuttx-export/libs\libnuttx.a(c-lib_strtol.o) (strtoul)
c:/px4/workspace/PX4Firmware/Build/px4io-v2_default.build/nuttx-export/libs\libnuttx.a(c-lib_syslog.o)
                              c:/px4/workspace/PX4Firmware/Build/px4io-v2_default.build/nuttx-export/libs\libnuttx.a(c-lib_printf.o) (vsyslog)
c:/px4/workspace/PX4Firmware/Build/px4io-v2_default.build/nuttx-export/libs\libnuttx.a(c-lib_tcgetattr.o)
[...]
Memory Configuration

Name             Origin             Length             Attributes
flash            0x08001000         0x0000f000         xr
sram             0x20000000         0x00002000         xrw
*default*        0x00000000         0xffffffff

Linker script and memory map


.text           0x08001000     0xb488
                0x08001000                _stext = ABSOLUTE (.)
 *(.vectors)
 .vectors       0x08001000      0x134 c:/px4/workspace/PX4Firmware/Build/px4io-v2_default.build/nuttx-export/libs\libnuttx.a(arch-up_vectors.o)
                0x08001000                _vectors
 *(.text .text.*)
 .text.stm32_boardinitialize
                0x08001134      0x108 c:/px4/workspace/PX4Firmware/Build/px4io-v2_default.build/c/px4/workspace/PX4Firmware/src/drivers/boards/px4io-v2/module.pre.o
                0x08001134                stm32_boardinitialize
 .text.hrt_call_enter
                0x0800123c       0xf0 c:/px4/workspace/PX4Firmware/Build/px4io-v2_default.build/c/px4/workspace/PX4Firmware/src/drivers/stm32/module.pre.o
 .text.hrt_tim_isr
                0x0800132c      0x4d8 c:/px4/workspace/PX4Firmware/Build/px4io-v2_default.build/c/px4/workspace/PX4Firmware/src/drivers/stm32/module.pre.o
 .text.hrt_absolute_time
                0x08001804       0x50 c:/px4/workspace/PX4Firmware/Build/px4io-v2_default.build/c/px4/workspace/PX4Firmware/src/drivers/stm32/module.pre.o
                0x08001804                hrt_absolute_time
 .text.hrt_elapsed_time
                0x08001854       0x6c c:/px4/workspace/PX4Firmware/Build/px4io-v2_default.build/c/px4/workspace/PX4Firmware/src/drivers/stm32/module.pre.o
                0x08001854                hrt_elapsed_time
 .text.hrt_init
                0x080018c0       0xe4 c:/px4/workspace/PX4Firmware/Build/px4io-v2_default.build/c/px4/workspace/PX4Firmware/src/drivers/stm32/module.pre.o
                0x080018c0                hrt_init
 .text.hrt_call_every
                0x080019a4       0xa0 c:/px4/workspace/PX4Firmware/Build/px4io-v2_default.build/c/px4/workspace/PX4Firmware/src/drivers/stm32/module.pre.o
                0x080019a4                hrt_call_every
 .text.up_pwm_servo_set
                0x08001a44       0x64 c:/px4/workspace/PX4Firmware/Build/px4io-v2_default.build/c/px4/workspace/PX4Firmware/src/drivers/stm32/module.pre.o
                0x08001a44                up_pwm_servo_set
 .text.up_pwm_servo_init
                0x08001aa8      0x6d4 c:/px4/workspace/PX4Firmware/Build/px4io-v2_default.build/c/px4/workspace/PX4Firmware/src/drivers/stm32/module.pre.o
                0x08001aa8                up_pwm_servo_init
 .text.up_pwm_servo_set_rate_group_update
                0x0800217c       0x44 c:/px4/workspace/PX4Firmware/Build/px4io-v2_default.build/c/px4/workspace/PX4Firmware/src/drivers/stm32/module.pre.o
                0x0800217c                up_pwm_servo_set_rate_group_update
 .text.up_pwm_servo_get_rate_group
                0x080021c0       0x9c c:/px4/workspace/PX4Firmware/Build/px4io-v2_default.build/c/px4/workspace/PX4Firmware/src/drivers/stm32/module.pre.o
                0x080021c0                up_pwm_servo_get_rate_group
 .text.up_pwm_servo_arm
                0x0800225c       0x68 c:/px4/workspace/PX4Firmware/Build/px4io-v2_default.build/c/px4/workspace/PX4Firmware/src/drivers/stm32/module.pre.o
                0x0800225c                up_pwm_servo_arm
 .text.adc_init
                0x080022c4       0xc4 c:/px4/workspace/PX4Firmware/Build/px4io-v2_default.build/c/px4/workspace/PX4Firmware/src/modules/px4iofirmware/module.pre.o
 .text.adc_measure
                0x08002388       0xa0 c:/px4/workspace/PX4Firmware/Build/px4io-v2_default.build/c/px4/workspace/PX4Firmware/src/modules/px4iofirmware/module.pre.o
 .text.controls_init
                0x08002428       0xb0 c:/px4/workspace/PX4Firmware/Build/px4io-v2_default.build/c/px4/workspace/PX4Firmware/src/modules/px4iofirmware/module.pre.o
 .text.controls_tick
                0x080024d8      0x740 c:/px4/workspace/PX4Firmware/Build/px4io-v2_default.build/c/px4/workspace/PX4Firmware/src/modules/px4iofirmware/module.pre.o
 .text.dsm_guess_format
                0x08002c18      0x254 c:/px4/workspace/PX4Firmware/Build/px4io-v2_default.build/c/px4/workspace/PX4Firmware/src/modules/px4iofirmware/module.pre.o
 .text.dsm_init
                0x08002e6c       0x7c c:/px4/workspace/PX4Firmware/Build/px4io-v2_default.build/c/px4/workspace/PX4Firmware/src/modules/px4iofirmware/module.pre.o
 .text.dsm_bind
                0x08002ee8      0x100 c:/px4/workspace/PX4Firmware/Build/px4io-v2_default.build/c/px4/workspace/PX4Firmware/src/modules/px4iofirmware/module.pre.o
 .text.dsm_input
                0x08002fe8      0x738 c:/px4/workspace/PX4Firmware/Build/px4io-v2_default.build/c/px4/workspace/PX4Firmware/src/modules/px4iofirmware/module.pre.o
 .text.isr_debug
                0x08003720       0x5c c:/px4/workspace/PX4Firmware/Build/px4io-v2_default.build/c/px4/workspace/PX4Firmware/src/modules/px4iofirmware/module.pre.o
 .text.schedule_reboot
                0x0800377c       0x1c c:/px4/workspace/PX4Firmware/Build/px4io-v2_default.build/c/px4/workspace/PX4Firmware/src/modules/px4iofirmware/module.pre.o
 .text.user_start
                0x08003798      0x33c c:/px4/workspace/PX4Firmware/Build/px4io-v2_default.build/c/px4/workspace/PX4Firmware/src/modules/px4iofirmware/module.pre.o
                0x08003798                user_start
 .text.pwm_configure_rates
                0x08003ad4      0x2fc c:/px4/workspace/PX4Firmware/Build/px4io-v2_default.build/c/px4/workspace/PX4Firmware/src/modules/px4iofirmware/module.pre.o
 .text.registers_set
                0x08003dd0      0x87c c:/px4/workspace/PX4Firmware/Build/px4io-v2_default.build/c/px4/workspace/PX4Firmware/src/modules/px4iofirmware/module.pre.o
 .text.registers_get
                0x0800464c      0x2c8 c:/px4/workspace/PX4Firmware/Build/px4io-v2_default.build/c/px4/workspace/PX4Firmware/src/modules/px4iofirmware/module.pre.o
 .text.safety_check_button
                0x08004914      0x104 c:/px4/workspace/PX4Firmware/Build/px4io-v2_default.build/c/px4/workspace/PX4Firmware/src/modules/px4iofirmware/module.pre.o
 .text.failsafe_blink
                0x08004a18       0x3c c:/px4/workspace/PX4Firmware/Build/px4io-v2_default.build/c/px4/workspace/PX4Firmware/src/modules/px4iofirmware/module.pre.o
 .text.safety_init
                0x08004a54       0x38 c:/px4/workspace/PX4Firmware/Build/px4io-v2_default.build/c/px4/workspace/PX4Firmware/src/modules/px4iofirmware/module.pre.o
 .text.failsafe_led_init
                0x08004a8c       0x38 c:/px4/workspace/PX4Firmware/Build/px4io-v2_default.build/c/px4/workspace/PX4Firmware/src/modules/px4iofirmware/module.pre.o
 .text.sbus_init
                0x08004ac4       0x80 c:/px4/workspace/PX4Firmware/Build/px4io-v2_default.build/c/px4/workspace/PX4Firmware/src/modules/px4iofirmware/module.pre.o
 .text.sbus_input
                0x08004b44      0x1e0 c:/px4/workspace/PX4Firmware/Build/px4io-v2_default.build/c/px4/workspace/PX4Firmware/src/modules/px4iofirmware/module.pre.o
 .text.up_cxxinitialize
                0x08004d24       0x94 c:/px4/workspace/PX4Firmware/Build/px4io-v2_default.build/c/px4/workspace/PX4Firmware/src/modules/px4iofirmware/module.pre.o
                0x08004d24                up_cxxinitialize
 .text.perf_alloc
                0x08004db8       0x50 c:/px4/workspace/PX4Firmware/Build/px4io-v2_default.build/c/px4/workspace/PX4Firmware/src/modules/px4iofirmware/module.pre.o
                0x08004db8                perf_alloc
 .text.perf_count
                0x08004e08       0xa8 c:/px4/workspace/PX4Firmware/Build/px4io-v2_default.build/c/px4/workspace/PX4Firmware/src/modules/px4iofirmware/module.pre.o
                0x08004e08                perf_count
 .text.perf_begin
                0x08004eb0       0x1c c:/px4/workspace/PX4Firmware/Build/px4io-v2_default.build/c/px4/workspace/PX4Firmware/src/modules/px4iofirmware/module.pre.o
                0x08004eb0                perf_begin
 .text.perf_end
                0x08004ecc       0x84 c:/px4/workspace/PX4Firmware/Build/px4io-v2_default.build/c/px4/workspace/PX4Firmware/src/modules/px4iofirmware/module.pre.o
                0x08004ecc                perf_end
 .text._ZL14mixer_callbackjhhRf
                0x08004f50       0xcc c:/px4/workspace/PX4Firmware/Build/px4io-v2_default.build/c/px4/workspace/PX4Firmware/src/modules/px4iofirmware/module.pre.o
 .text.mixer_tick
                0x0800501c      0x5ac c:/px4/workspace/PX4Firmware/Build/px4io-v2_default.build/c/px4/workspace/PX4Firmware/src/modules/px4iofirmware/module.pre.o
 .text.mixer_handle_text
                0x080055c8      0x2e0 c:/px4/workspace/PX4Firmware/Build/px4io-v2_default.build/c/px4/workspace/PX4Firmware/src/modules/px4iofirmware/module.pre.o
 .text.startup._GLOBAL__sub_I_mixer_tick
                0x080058a8       0x34 c:/px4/workspace/PX4Firmware/Build/px4io-v2_default.build/c/px4/workspace/PX4Firmware/src/modules/px4iofirmware/module.pre.o
 .text._ZN5MixerD2Ev
                0x080058dc        0xc c:/px4/workspace/PX4Firmware/Build/px4io-v2_default.build/c/px4/workspace/PX4Firmware/src/modules/px4iofirmware/module.pre.o
                0x080058dc                Mixer::~Mixer()
                0x080058dc                Mixer::~Mixer()
 .text._ZN9NullMixerD2Ev
                0x080058e8        0xc c:/px4/workspace/PX4Firmware/Build/px4io-v2_default.build/c/px4/workspace/PX4Firmware/src/modules/px4iofirmware/module.pre.o
                0x080058e8                NullMixer::~NullMixer()
                0x080058e8                NullMixer::~NullMixer()
 .text._ZN9NullMixer3mixEPfj
                0x080058f4       0x10 c:/px4/workspace/PX4Firmware/Build/px4io-v2_default.build/c/px4/workspace/PX4Firmware/src/modules/px4iofirmware/module.pre.o
                0x080058f4                NullMixer::mix(float*, unsigned int)
 .text._ZN9NullMixer15groups_requiredERj
                0x08005904        0x4 c:/px4/workspace/PX4Firmware/Build/px4io-v2_default.build/c/px4/workspace/PX4Firmware/src/modules/px4iofirmware/module.pre.o
                0x08005904                NullMixer::groups_required(unsigned int&)
 .text._ZN9NullMixerD0Ev
                0x08005908       0x14 c:/px4/workspace/PX4Firmware/Build/px4io-v2_default.build/c/px4/workspace/PX4Firmware/src/modules/px4iofirmware/module.pre.o
                0x08005908                NullMixer::~NullMixer()
 .text._ZN5MixerD0Ev
                0x0800591c       0x14 c:/px4/workspace/PX4Firmware/Build/px4io-v2_default.build/c/px4/workspace/PX4Firmware/src/modules/px4iofirmware/module.pre.o
                0x0800591c                Mixer::~Mixer()
 .text._ZN5MixerC2EPFijhhRfEj
                0x08005930       0x14 c:/px4/workspace/PX4Firmware/Build/px4io-v2_default.build/c/px4/workspace/PX4Firmware/src/modules/px4iofirmware/module.pre.o
                0x08005930                Mixer::Mixer(int (*)(unsigned int, unsigned char, unsigned char, float&), unsigned int)
                0x08005930                Mixer::Mixer(int (*)(unsigned int, unsigned char, unsigned char, float&), unsigned int)
 .text._ZN5Mixer11get_controlEhh
                0x08005944       0x14 c:/px4/workspace/PX4Firmware/Build/px4io-v2_default.build/c/px4/workspace/PX4Firmware/src/modules/px4iofirmware/module.pre.o
                0x08005944                Mixer::get_control(unsigned char, unsigned char)
 .text._ZN5Mixer5scaleERK14mixer_scaler_sf
                0x08005958       0x44 c:/px4/workspace/PX4Firmware/Build/px4io-v2_default.build/c/px4/workspace/PX4Firmware/src/modules/px4iofirmware/module.pre.o
                0x08005958                Mixer::scale(mixer_scaler_s const&, float)
 .text._ZN5Mixer7findtagEPKcRjc
                0x0800599c       0x70 c:/px4/workspace/PX4Firmware/Build/px4io-v2_default.build/c/px4/workspace/PX4Firmware/src/modules/px4iofirmware/module.pre.o
                0x0800599c                Mixer::findtag(char const*, unsigned int&, char)
 .text._ZN5Mixer8skiplineEPKcRj
                0x08005a0c       0x30 c:/px4/workspace/PX4Firmware/Build/px4io-v2_default.build/c/px4/workspace/PX4Firmware/src/modules/px4iofirmware/module.pre.o
                0x08005a0c                Mixer::skipline(char const*, unsigned int&)
 .text._ZN9NullMixer9from_textEPKcRj
                0x08005a3c       0x78 c:/px4/workspace/PX4Firmware/Build/px4io-v2_default.build/c/px4/workspace/PX4Firmware/src/modules/px4iofirmware/module.pre.o
                0x08005a3c                NullMixer::from_text(char const*, unsigned int&)
 .text._ZN10MixerGroupD2Ev
                0x08005ab4       0x30 c:/px4/workspace/PX4Firmware/Build/px4io-v2_default.build/c/px4/workspace/PX4Firmware/src/modules/px4iofirmware/module.pre.o
                0x08005ab4                MixerGroup::~MixerGroup()
                0x08005ab4                MixerGroup::~MixerGroup()
 .text._ZN10MixerGroup3mixEPfj
                0x08005ae4       0x34 c:/px4/workspace/PX4Firmware/Build/px4io-v2_default.build/c/px4/workspace/PX4Firmware/src/modules/px4iofirmware/module.pre.o
                0x08005ae4                MixerGroup::mix(float*, unsigned int)
 .text._ZN10MixerGroup15groups_requiredERj
                0x08005b18       0x1c c:/px4/workspace/PX4Firmware/Build/px4io-v2_default.build/c/px4/workspace/PX4Firmware/src/modules/px4iofirmware/module.pre.o
                0x08005b18                MixerGroup::groups_required(unsigned int&)
 .text._ZN10MixerGroupD0Ev
                0x08005b34       0x34 c:/px4/workspace/PX4Firmware/Build/px4io-v2_default.build/c/px4/workspace/PX4Firmware/src/modules/px4iofirmware/module.pre.o
                0x08005b34                MixerGroup::~MixerGroup()
 .text._ZN10MixerGroupC2EPFijhhRfEj
                0x08005b68       0x18 c:/px4/workspace/PX4Firmware/Build/px4io-v2_default.build/c/px4/workspace/PX4Firmware/src/modules/px4iofirmware/module.pre.o
                0x08005b68                MixerGroup::MixerGroup(int (*)(unsigned int, unsigned char, unsigned char, float&), unsigned int)
                0x08005b68                MixerGroup::MixerGroup(int (*)(unsigned int, unsigned char, unsigned char, float&), unsigned int)
 .text._ZN10MixerGroup5resetEv
                0x08005b80       0x1c c:/px4/workspace/PX4Firmware/Build/px4io-v2_default.build/c/px4/workspace/PX4Firmware/src/modules/px4iofirmware/module.pre.o
                0x08005b80                MixerGroup::reset()
 .text._ZN10MixerGroup13load_from_bufEPKcRj
                0x08005b9c       0x8c c:/px4/workspace/PX4Firmware/Build/px4io-v2_default.build/c/px4/workspace/PX4Firmware/src/modules/px4iofirmware/module.pre.o
                0x08005b9c                MixerGroup::load_from_buf(char const*, unsigned int&)
 .text._ZN15MultirotorMixerD2Ev
                0x08005c28        0xc c:/px4/workspace/PX4Firmware/Build/px4io-v2_default.build/c/px4/workspace/PX4Firmware/src/modules/px4iofirmware/module.pre.o
                0x08005c28                MultirotorMixer::~MultirotorMixer()
                0x08005c28                MultirotorMixer::~MultirotorMixer()
 .text._ZN15MultirotorMixer15groups_requiredERj
                0x08005c34        0xc c:/px4/workspace/PX4Firmware/Build/px4io-v2_default.build/c/px4/workspace/PX4Firmware/src/modules/px4iofirmware/module.pre.o
                0x08005c34                MultirotorMixer::groups_required(unsigned int&)
 .text._ZN15MultirotorMixer3mixEPfj
                0x08005c40      0x190 c:/px4/workspace/PX4Firmware/Build/px4io-v2_default.build/c/px4/workspace/PX4Firmware/src/modules/px4iofirmware/module.pre.o
                0x08005c40                MultirotorMixer::mix(float*, unsigned int)
 .text._ZN15MultirotorMixerD0Ev
                0x08005dd0       0x14 c:/px4/workspace/PX4Firmware/Build/px4io-v2_default.build/c/px4/workspace/PX4Firmware/src/modules/px4iofirmware/module.pre.o
                0x08005dd0                MultirotorMixer::~MultirotorMixer()
 .text._ZN15MultirotorMixer9from_textEPFijhhRfEjPKcRj
                0x08005de4      0x1e0 c:/px4/workspace/PX4Firmware/Build/px4io-v2_default.build/c/px4/workspace/PX4Firmware/src/modules/px4iofirmware/module.pre.o
                0x08005de4                MultirotorMixer::from_text(int (*)(unsigned int, unsigned char, unsigned char, float&), unsigned int, char const*, unsigned int&)
 .text._ZN11SimpleMixer15groups_requiredERj
                0x08005fc4       0x2c c:/px4/workspace/PX4Firmware/Build/px4io-v2_default.build/c/px4/workspace/PX4Firmware/src/modules/px4iofirmware/module.pre.o
                0x08005fc4                SimpleMixer::groups_required(unsigned int&)
 .text._ZN11SimpleMixerD2Ev
                0x08005ff0       0x20 c:/px4/workspace/PX4Firmware/Build/px4io-v2_default.build/c/px4/workspace/PX4Firmware/src/modules/px4iofirmware/module.pre.o
                0x08005ff0                SimpleMixer::~SimpleMixer()
                0x08005ff0                SimpleMixer::~SimpleMixer()
 .text._ZN11SimpleMixer3mixEPfj
                0x08006010       0x70 c:/px4/workspace/PX4Firmware/Build/px4io-v2_default.build/c/px4/workspace/PX4Firmware/src/modules/px4iofirmware/module.pre.o
                0x08006010                SimpleMixer::mix(float*, unsigned int)
 .text._ZN11SimpleMixerD0Ev
                0x08006080       0x28 c:/px4/workspace/PX4Firmware/Build/px4io-v2_default.build/c/px4/workspace/PX4Firmware/src/modules/px4iofirmware/module.pre.o
                0x08006080                SimpleMixer::~SimpleMixer()
 .text._ZN11SimpleMixer19parse_output_scalerEPKcRjR14mixer_scaler_s
                0x080060a8       0xcc c:/px4/workspace/PX4Firmware/Build/px4io-v2_default.build/c/px4/workspace/PX4Firmware/src/modules/px4iofirmware/module.pre.o
                0x080060a8                SimpleMixer::parse_output_scaler(char const*, unsigned int&, mixer_scaler_s&)
 .text._ZN11SimpleMixer20parse_control_scalerEPKcRjR14mixer_scaler_sRhS5_
                0x08006174       0xdc c:/px4/workspace/PX4Firmware/Build/px4io-v2_default.build/c/px4/workspace/PX4Firmware/src/modules/px4iofirmware/module.pre.o
                0x08006174                SimpleMixer::parse_control_scaler(char const*, unsigned int&, mixer_scaler_s&, unsigned char&, unsigned char&)
 .text._ZN11SimpleMixer9from_textEPFijhhRfEjPKcRj
                0x08006250       0xc0 c:/px4/workspace/PX4Firmware/Build/px4io-v2_default.build/c/px4/workspace/PX4Firmware/src/modules/px4iofirmware/module.pre.o
                0x08006250                SimpleMixer::from_text(int (*)(unsigned int, unsigned char, unsigned char, float&), unsigned int, char const*, unsigned int&)
 .text.pwm_limit_init
                0x08006310       0x10 c:/px4/workspace/PX4Firmware/Build/px4io-v2_default.build/c/px4/workspace/PX4Firmware/src/modules/px4iofirmware/module.pre.o
                0x08006310                pwm_limit_init
 .text.pwm_limit_calc
                0x08006320      0x568 c:/px4/workspace/PX4Firmware/Build/px4io-v2_default.build/c/px4/workspace/PX4Firmware/src/modules/px4iofirmware/module.pre.o
                0x08006320                pwm_limit_calc
 .text.rx_dma_callback
                0x08006888      0x250 c:/px4/workspace/PX4Firmware/Build/px4io-v2_default.build/c/px4/workspace/PX4Firmware/src/modules/px4iofirmware/module.pre.o
 .text.serial_interrupt
                0x08006ad8      0x1ac c:/px4/workspace/PX4Firmware/Build/px4io-v2_default.build/c/px4/workspace/PX4Firmware/src/modules/px4iofirmware/module.pre.o
 .text.interface_init
                0x08006c84      0x1f4 c:/px4/workspace/PX4Firmware/Build/px4io-v2_default.build/c/px4/workspace/PX4Firmware/src/modules/px4iofirmware/module.pre.o
 .text.irq_attach
                0x08006e78       0x38 c:/px4/workspace/PX4Firmware/Build/px4io-v2_default.build/nuttx-export/libs\libnuttx.a(sched-irq_attach.o)
                0x08006e78                irq_attach
 .text.irq_initialize
                0x08006eb0       0x1c c:/px4/workspace/PX4Firmware/Build/px4io-v2_default.build/nuttx-export/libs\libnuttx.a(sched-irq_initialize.o)
                0x08006eb0                irq_initialize
 .text.irq_unexpected_isr
                0x08006ecc       0x14 c:/px4/workspace/PX4Firmware/Build/px4io-v2_default.build/nuttx-export/libs\libnuttx.a(sched-irq_unexpectedisr.o)
                0x08006ecc                irq_unexpected_isr
 .text.abort    0x08006ee0        0x8 c:/px4/workspace/PX4Firmware/Build/px4io-v2_default.build/nuttx-export/libs\libnuttx.a(c-lib_abort.o)
                0x08006ee0                abort
 .text.cfsetspeed
                0x08006ee8        0x6 c:/px4/workspace/PX4Firmware/Build/px4io-v2_default.build/nuttx-export/libs\libnuttx.a(c-lib_cfsetspeed.o)
                0x08006ee8                cfsetspeed
 *fill*         0x08006eee        0x2 00
 .text.crc32part
                0x08006ef0       0x28 c:/px4/workspace/PX4Firmware/Build/px4io-v2_default.build/nuttx-export/libs\libnuttx.a(c-lib_crc32.o)
                0x08006ef0                crc32part
 .text.lowvsyslog
                0x08006f18       0x18 c:/px4/workspace/PX4Firmware/Build/px4io-v2_default.build/nuttx-export/libs\libnuttx.a(c-lib_lowsyslog.o)
                0x08006f18                lowvsyslog
 .text.lowsyslog
                0x08006f30       0x18 c:/px4/workspace/PX4Firmware/Build/px4io-v2_default.build/nuttx-export/libs\libnuttx.a(c-lib_lowsyslog.o)
                0x08006f30                lowsyslog
 .text.memchr   0x08006f48       0x1c c:/px4/workspace/PX4Firmware/Build/px4io-v2_default.build/nuttx-export/libs\libnuttx.a(c-lib_memchr.o)
                0x08006f48                memchr
 .text.memcpy   0x08006f64       0x12 c:/px4/workspace/PX4Firmware/Build/px4io-v2_default.build/nuttx-export/libs\libnuttx.a(c-lib_memcpy.o)
                0x08006f64                memcpy
 .text.memset   0x08006f76        0xe c:/px4/workspace/PX4Firmware/Build/px4io-v2_default.build/nuttx-export/libs\libnuttx.a(c-lib_memset.o)
                0x08006f76                memset
 .text.findwidth
                0x08006f84       0x40 c:/px4/workspace/PX4Firmware/Build/px4io-v2_default.build/nuttx-export/libs\libnuttx.a(c-lib_sscanf.o)
 .text.vsscanf  0x08006fc4      0x370 c:/px4/workspace/PX4Firmware/Build/px4io-v2_default.build/nuttx-export/libs\libnuttx.a(c-lib_sscanf.o)
                0x08006fc4                vsscanf
 .text.sscanf   0x08007334       0x18 c:/px4/workspace/PX4Firmware/Build/px4io-v2_default.build/nuttx-export/libs\libnuttx.a(c-lib_sscanf.o)
                0x08007334                sscanf
 .text.strchr   0x0800734c       0x14 c:/px4/workspace/PX4Firmware/Build/px4io-v2_default.build/nuttx-export/libs\libnuttx.a(c-lib_strchr.o)
                0x0800734c                strchr
 .text.strcmp   0x08007360       0x16 c:/px4/workspace/PX4Firmware/Build/px4io-v2_default.build/nuttx-export/libs\libnuttx.a(c-lib_strcmp.o)
                0x08007360                strcmp
 .text.strcspn  0x08007376       0x1e c:/px4/workspace/PX4Firmware/Build/px4io-v2_default.build/nuttx-export/libs\libnuttx.a(c-lib_strcspn.o)
                0x08007376                strcspn
 .text.strncpy  0x08007394       0x24 c:/px4/workspace/PX4Firmware/Build/px4io-v2_default.build/nuttx-export/libs\libnuttx.a(c-lib_strncpy.o)
                0x08007394                strncpy
 .text.strtol   0x080073b8       0x3a c:/px4/workspace/PX4Firmware/Build/px4io-v2_default.build/nuttx-export/libs\libnuttx.a(c-lib_strtol.o)
                0x080073b8                strtol
 .text.strtoul  0x080073f2       0x48 c:/px4/workspace/PX4Firmware/Build/px4io-v2_default.build/nuttx-export/libs\libnuttx.a(c-lib_strtoul.o)
                0x080073f2                strtoul
 .text.tcgetattr
                0x0800743a        0xa c:/px4/workspace/PX4Firmware/Build/px4io-v2_default.build/nuttx-export/libs\libnuttx.a(c-lib_tcgetattr.o)
                0x0800743a                tcgetattr
 .text.tcsetattr
                0x08007444       0x10 c:/px4/workspace/PX4Firmware/Build/px4io-v2_default.build/nuttx-export/libs\libnuttx.a(c-lib_tcsetattr.o)
                0x08007444                tcsetattr
 .text.vsnprintf
                0x08007454       0x24 c:/px4/workspace/PX4Firmware/Build/px4io-v2_default.build/nuttx-export/libs\libnuttx.a(c-lib_vsnprintf.o)
                0x08007454                vsnprintf
 .text.sq_addafter
                0x08007478       0x1c c:/px4/workspace/PX4Firmware/Build/px4io-v2_default.build/nuttx-export/libs\libnuttx.a(c-sq_addafter.o)
                0x08007478                sq_addafter
 .text.sq_addfirst
                0x08007494        0xe c:/px4/workspace/PX4Firmware/Build/px4io-v2_default.build/nuttx-export/libs\libnuttx.a(c-sq_addfirst.o)
                0x08007494                sq_addfirst
 .text.sq_addlast
                0x080074a2       0x14 c:/px4/workspace/PX4Firmware/Build/px4io-v2_default.build/nuttx-export/libs\libnuttx.a(c-sq_addlast.o)
                0x080074a2                sq_addlast
 .text.sq_rem   0x080074b6       0x2c c:/px4/workspace/PX4Firmware/Build/px4io-v2_default.build/nuttx-export/libs\libnuttx.a(c-sq_rem.o)
                0x080074b6                sq_rem
 .text.sq_remafter
                0x080074e2       0x22 c:/px4/workspace/PX4Firmware/Build/px4io-v2_default.build/nuttx-export/libs\libnuttx.a(c-sq_remafter.o)
                0x080074e2                sq_remafter
 .text.calloc   0x08007504        0xe c:/px4/workspace/PX4Firmware/Build/px4io-v2_default.build/nuttx-export/libs\libnuttx.a(mm-mm_calloc.o)
                0x08007504                calloc
 *fill*         0x08007512        0x2 00
 .text.free     0x08007514       0xa8 c:/px4/workspace/PX4Firmware/Build/px4io-v2_default.build/nuttx-export/libs\libnuttx.a(mm-mm_free.o)
                0x08007514                free
 .text.mallinfo
                0x080075bc       0x64 c:/px4/workspace/PX4Firmware/Build/px4io-v2_default.build/nuttx-export/libs\libnuttx.a(mm-mm_mallinfo.o)
                0x080075bc                mallinfo
 .text.malloc   0x08007620       0x98 c:/px4/workspace/PX4Firmware/Build/px4io-v2_default.build/nuttx-export/libs\libnuttx.a(mm-mm_malloc.o)
                0x08007620                malloc
 .text.mm_seminitialize
                0x080076b8       0x18 c:/px4/workspace/PX4Firmware/Build/px4io-v2_default.build/nuttx-export/libs\libnuttx.a(mm-mm_sem.o)
                0x080076b8                mm_seminitialize
 .text.mm_trysemaphore
                0x080076d0       0x32 c:/px4/workspace/PX4Firmware/Build/px4io-v2_default.build/nuttx-export/libs\libnuttx.a(mm-mm_sem.o)
                0x080076d0                mm_trysemaphore
 *fill*         0x08007702        0x2 00
 .text.mm_takesemaphore
                0x08007704       0x40 c:/px4/workspace/PX4Firmware/Build/px4io-v2_default.build/nuttx-export/libs\libnuttx.a(mm-mm_sem.o)
                0x08007704                mm_takesemaphore
 .text.mm_givesemaphore
                0x08007744       0x2c c:/px4/workspace/PX4Firmware/Build/px4io-v2_default.build/nuttx-export/libs\libnuttx.a(mm-mm_sem.o)
                0x08007744                mm_givesemaphore
 .text.mm_size2ndx
                0x08007770       0x1a c:/px4/workspace/PX4Firmware/Build/px4io-v2_default.build/nuttx-export/libs\libnuttx.a(mm-mm_size2ndx.o)
                0x08007770                mm_size2ndx
 *fill*         0x0800778a        0x2 00
 .text.umm_initialize
                0x0800778c       0x10 c:/px4/workspace/PX4Firmware/Build/px4io-v2_default.build/nuttx-export/libs\libnuttx.a(mm-mm_user.o)
                0x0800778c                umm_initialize
 .text.umm_trysemaphore
                0x0800779c        0xc c:/px4/workspace/PX4Firmware/Build/px4io-v2_default.build/nuttx-export/libs\libnuttx.a(mm-mm_user.o)
                0x0800779c                umm_trysemaphore
 .text.umm_givesemaphore
                0x080077a8        0xc c:/px4/workspace/PX4Firmware/Build/px4io-v2_default.build/nuttx-export/libs\libnuttx.a(mm-mm_user.o)
                0x080077a8                umm_givesemaphore
 .text.zalloc   0x080077b4       0x18 c:/px4/workspace/PX4Firmware/Build/px4io-v2_default.build/nuttx-export/libs\libnuttx.a(mm-mm_zalloc.o)
                0x080077b4                zalloc
 .text.stm32_dmachandisable
                0x080077cc       0x22 c:/px4/workspace/PX4Firmware/Build/px4io-v2_default.build/nuttx-export/libs\libnuttx.a(arch-stm32_dma.o)
 *fill*         0x080077ee        0x2 00
 .text.stm32_dmainterrupt
                0x080077f0       0x54 c:/px4/workspace/PX4Firmware/Build/px4io-v2_default.build/nuttx-export/libs\libnuttx.a(arch-stm32_dma.o)
 .text.up_dmainitialize
                0x08007844       0x40 c:/px4/workspace/PX4Firmware/Build/px4io-v2_default.build/nuttx-export/libs\libnuttx.a(arch-stm32_dma.o)
                0x08007844                up_dmainitialize
 .text.stm32_dmachannel
                0x08007884       0x34 c:/px4/workspace/PX4Firmware/Build/px4io-v2_default.build/nuttx-export/libs\libnuttx.a(arch-stm32_dma.o)
                0x08007884                stm32_dmachannel
 .text.stm32_dmafree
                0x080078b8        0x6 c:/px4/workspace/PX4Firmware/Build/px4io-v2_default.build/nuttx-export/libs\libnuttx.a(arch-stm32_dma.o)
                0x080078b8                stm32_dmafree
 .text.stm32_dmasetup
                0x080078be       0x28 c:/px4/workspace/PX4Firmware/Build/px4io-v2_default.build/nuttx-export/libs\libnuttx.a(arch-stm32_dma.o)
                0x080078be                stm32_dmasetup
 .text.stm32_dmastart
                0x080078e6       0x28 c:/px4/workspace/PX4Firmware/Build/px4io-v2_default.build/nuttx-export/libs\libnuttx.a(arch-stm32_dma.o)
                0x080078e6                stm32_dmastart
 .text.stm32_dmastop
                0x0800790e        0x4 c:/px4/workspace/PX4Firmware/Build/px4io-v2_default.build/nuttx-export/libs\libnuttx.a(arch-stm32_dma.o)
                0x0800790e                stm32_dmastop
 .text.stm32_dmaresidual
                0x08007912        0x6 c:/px4/workspace/PX4Firmware/Build/px4io-v2_default.build/nuttx-export/libs\libnuttx.a(arch-stm32_dma.o)
                0x08007912                stm32_dmaresidual
 .text.stm32_gpioinit
                0x08007918        0xc c:/px4/workspace/PX4Firmware/Build/px4io-v2_default.build/nuttx-export/libs\libnuttx.a(arch-stm32_gpio.o)
                0x08007918                stm32_gpioinit
 .text.stm32_configgpio
                0x08007924       0xe0 c:/px4/workspace/PX4Firmware/Build/px4io-v2_default.build/nuttx-export/libs\libnuttx.a(arch-stm32_gpio.o)
                0x08007924                stm32_configgpio
 .text.stm32_gpiowrite
                0x08007a04       0x28 c:/px4/workspace/PX4Firmware/Build/px4io-v2_default.build/nuttx-export/libs\libnuttx.a(arch-stm32_gpio.o)
                0x08007a04                stm32_gpiowrite
 .text.stm32_gpioread
                0x08007a2c       0x2c c:/px4/workspace/PX4Firmware/Build/px4io-v2_default.build/nuttx-export/libs\libnuttx.a(arch-stm32_gpio.o)
                0x08007a2c                stm32_gpioread
 .text.stm32_irqinfo
                0x08007a58       0x74 c:/px4/workspace/PX4Firmware/Build/px4io-v2_default.build/nuttx-export/libs\libnuttx.a(arch-stm32_irq.o)
 .text.up_irqinitialize
                0x08007acc       0x68 c:/px4/workspace/PX4Firmware/Build/px4io-v2_default.build/nuttx-export/libs\libnuttx.a(arch-stm32_irq.o)
                0x08007acc                up_irqinitialize
 .text.up_disable_irq
                0x08007b34       0x1a c:/px4/workspace/PX4Firmware/Build/px4io-v2_default.build/nuttx-export/libs\libnuttx.a(arch-stm32_irq.o)
                0x08007b34                up_disable_irq
 .text.up_enable_irq
                0x08007b4e       0x18 c:/px4/workspace/PX4Firmware/Build/px4io-v2_default.build/nuttx-export/libs\libnuttx.a(arch-stm32_irq.o)
                0x08007b4e                up_enable_irq
 .text.up_maskack_irq
                0x08007b66        0x4 c:/px4/workspace/PX4Firmware/Build/px4io-v2_default.build/nuttx-export/libs\libnuttx.a(arch-stm32_irq.o)
                0x08007b66                up_maskack_irq
 *fill*         0x08007b6a        0x2 00
 .text.up_prioritize_irq
                0x08007b6c       0x44 c:/px4/workspace/PX4Firmware/Build/px4io-v2_default.build/nuttx-export/libs\libnuttx.a(arch-stm32_irq.o)
                0x08007b6c                up_prioritize_irq
 .text.up_restoreusartint
                0x08007bb0       0x26 c:/px4/workspace/PX4Firmware/Build/px4io-v2_default.build/nuttx-export/libs\libnuttx.a(arch-stm32_serial.o)
 .text.up_disableusartint
                0x08007bd6       0x20 c:/px4/workspace/PX4Firmware/Build/px4io-v2_default.build/nuttx-export/libs\libnuttx.a(arch-stm32_serial.o)
 .text.up_set_format
                0x08007bf6       0x5e c:/px4/workspace/PX4Firmware/Build/px4io-v2_default.build/nuttx-export/libs\libnuttx.a(arch-stm32_serial.o)
 .text.up_shutdown
                0x08007c54       0x1c c:/px4/workspace/PX4Firmware/Build/px4io-v2_default.build/nuttx-export/libs\libnuttx.a(arch-stm32_serial.o)
 .text.up_receive
                0x08007c70       0x16 c:/px4/workspace/PX4Firmware/Build/px4io-v2_default.build/nuttx-export/libs\libnuttx.a(arch-stm32_serial.o)
 .text.up_rxint
                0x08007c86       0x28 c:/px4/workspace/PX4Firmware/Build/px4io-v2_default.build/nuttx-export/libs\libnuttx.a(arch-stm32_serial.o)
 .text.up_rxavailable
                0x08007cae        0xc c:/px4/workspace/PX4Firmware/Build/px4io-v2_default.build/nuttx-export/libs\libnuttx.a(arch-stm32_serial.o)
 .text.up_dma_rxint
                0x08007cba        0x8 c:/px4/workspace/PX4Firmware/Build/px4io-v2_default.build/nuttx-export/libs\libnuttx.a(arch-stm32_serial.o)
 .text.up_send  0x08007cc2        0x8 c:/px4/workspace/PX4Firmware/Build/px4io-v2_default.build/nuttx-export/libs\libnuttx.a(arch-stm32_serial.o)
 .text.up_txready
                0x08007cca        0xc c:/px4/workspace/PX4Firmware/Build/px4io-v2_default.build/nuttx-export/libs\libnuttx.a(arch-stm32_serial.o)
 .text.up_setup
                0x08007cd6       0x68 c:/px4/workspace/PX4Firmware/Build/px4io-v2_default.build/nuttx-export/libs\libnuttx.a(arch-stm32_serial.o)
 .text.up_txint
                0x08007d3e       0x36 c:/px4/workspace/PX4Firmware/Build/px4io-v2_default.build/nuttx-export/libs\libnuttx.a(arch-stm32_serial.o)
 .text.up_dma_rxavailable
                0x08007d74       0x18 c:/px4/workspace/PX4Firmware/Build/px4io-v2_default.build/nuttx-export/libs\libnuttx.a(arch-stm32_serial.o)
 .text.up_dma_receive
                0x08007d8c       0x2a c:/px4/workspace/PX4Firmware/Build/px4io-v2_default.build/nuttx-export/libs\libnuttx.a(arch-stm32_serial.o)
 .text.up_ioctl
                0x08007db6       0xa6 c:/px4/workspace/PX4Firmware/Build/px4io-v2_default.build/nuttx-export/libs\libnuttx.a(arch-stm32_serial.o)
 .text.up_detach
                0x08007e5c       0x1a c:/px4/workspace/PX4Firmware/Build/px4io-v2_default.build/nuttx-export/libs\libnuttx.a(arch-stm32_serial.o)
 .text.up_attach
                0x08007e76       0x1e c:/px4/workspace/PX4Firmware/Build/px4io-v2_default.build/nuttx-export/libs\libnuttx.a(arch-stm32_serial.o)
 .text.up_dma_shutdown
                0x08007e94       0x1a c:/px4/workspace/PX4Firmware/Build/px4io-v2_default.build/nuttx-export/libs\libnuttx.a(arch-stm32_serial.o)
 *fill*         0x08007eae        0x2 00
 .text.up_dma_setup
                0x08007eb0       0x4c c:/px4/workspace/PX4Firmware/Build/px4io-v2_default.build/nuttx-export/libs\libnuttx.a(arch-stm32_serial.o)
 .text.up_interrupt_common
                0x08007efc       0x4e c:/px4/workspace/PX4Firmware/Build/px4io-v2_default.build/nuttx-export/libs\libnuttx.a(arch-stm32_serial.o)
 *fill*         0x08007f4a        0x2 00
 .text.up_interrupt_usart3
                0x08007f4c        0xc c:/px4/workspace/PX4Firmware/Build/px4io-v2_default.build/nuttx-export/libs\libnuttx.a(arch-stm32_serial.o)
 .text.up_interrupt_usart2
                0x08007f58        0xc c:/px4/workspace/PX4Firmware/Build/px4io-v2_default.build/nuttx-export/libs\libnuttx.a(arch-stm32_serial.o)
 .text.up_interrupt_usart1
                0x08007f64        0xc c:/px4/workspace/PX4Firmware/Build/px4io-v2_default.build/nuttx-export/libs\libnuttx.a(arch-stm32_serial.o)
 .text.up_dma_rxcallback.part.0
                0x08007f70       0x16 c:/px4/workspace/PX4Firmware/Build/px4io-v2_default.build/nuttx-export/libs\libnuttx.a(arch-stm32_serial.o)
 .text.up_dma_rxcallback
                0x08007f86        0xe c:/px4/workspace/PX4Firmware/Build/px4io-v2_default.build/nuttx-export/libs\libnuttx.a(arch-stm32_serial.o)
 .text.up_earlyserialinit
                0x08007f94       0x28 c:/px4/workspace/PX4Firmware/Build/px4io-v2_default.build/nuttx-export/libs\libnuttx.a(arch-stm32_serial.o)
                0x08007f94                up_earlyserialinit
 .text.up_serialinit
                0x08007fbc       0x60 c:/px4/workspace/PX4Firmware/Build/px4io-v2_default.build/nuttx-export/libs\libnuttx.a(arch-stm32_serial.o)
                0x08007fbc                up_serialinit
 .text.stm32_serial_dma_poll
                0x0800801c       0x3c c:/px4/workspace/PX4Firmware/Build/px4io-v2_default.build/nuttx-export/libs\libnuttx.a(arch-stm32_serial.o)
                0x0800801c                stm32_serial_dma_poll
 .text.up_putc  0x08008058       0x30 c:/px4/workspace/PX4Firmware/Build/px4io-v2_default.build/nuttx-export/libs\libnuttx.a(arch-stm32_serial.o)
                0x08008058                up_putc
 .text.__start  0x08008088       0x54 c:/px4/workspace/PX4Firmware/Build/px4io-v2_default.build/nuttx-export/libs\libnuttx.a(arch-stm32_start.o)
                0x08008088                __start
 .text.up_assert
                0x080080dc      0x148 c:/px4/workspace/PX4Firmware/Build/px4io-v2_default.build/nuttx-export/libs\libnuttx.a(arch-up_assert.o)
                0x080080dc                up_assert
 .text.up_hardfault
                0x08008224       0x40 c:/px4/workspace/PX4Firmware/Build/px4io-v2_default.build/nuttx-export/libs\libnuttx.a(arch-up_hardfault.o)
                0x08008224                up_hardfault
 .text.modifyreg32
                0x08008264       0x1c c:/px4/workspace/PX4Firmware/Build/px4io-v2_default.build/nuttx-export/libs\libnuttx.a(arch-up_modifyreg32.o)
                0x08008264                modifyreg32
 .text.up_svcall
                0x08008280       0x38 c:/px4/workspace/PX4Firmware/Build/px4io-v2_default.build/nuttx-export/libs\libnuttx.a(arch-up_svcall.o)
                0x08008280                up_svcall
 .text.up_systemreset
                0x080082b8       0x1c c:/px4/workspace/PX4Firmware/Build/px4io-v2_default.build/nuttx-export/libs\libnuttx.a(arch-up_systemreset.o)
                0x080082b8                up_systemreset
 .text.up_udelay
                0x080082d4       0x7c c:/px4/workspace/PX4Firmware/Build/px4io-v2_default.build/nuttx-export/libs\libnuttx.a(arch-up_udelay.o)
                0x080082d4                up_udelay
 .text.__cxa_atexit
                0x08008350        0x4 c:/px4/workspace/PX4Firmware/Build/px4io-v2_default.build/nuttx-export/libs\libnuttx.a(cxx-libxx_cxa_atexit.o)
                0x08008350                __cxa_atexit
 .text.__cxa_pure_virtual
                0x08008354       0x10 c:/px4/workspace/PX4Firmware/Build/px4io-v2_default.build/nuttx-export/libs\libnuttx.a(cxx-libxx_cxapurevirtual.o)
                0x08008354                __cxa_pure_virtual
 .text._ZdlPv   0x08008364        0x4 c:/px4/workspace/PX4Firmware/Build/px4io-v2_default.build/nuttx-export/libs\libnuttx.a(cxx-libxx_delete.o)
                0x08008364                operator delete(void*)
 .text.__aeabi_atexit
                0x08008368        0xa c:/px4/workspace/PX4Firmware/Build/px4io-v2_default.build/nuttx-export/libs\libnuttx.a(cxx-libxx_eabi_atexit.o)
                0x08008368                __aeabi_atexit
 .text._Znwj    0x08008372        0xa c:/px4/workspace/PX4Firmware/Build/px4io-v2_default.build/nuttx-export/libs\libnuttx.a(cxx-libxx_new.o)
                0x08008372                operator new(unsigned int)
 .text.ioctl    0x0800837c       0x4c c:/px4/workspace/PX4Firmware/Build/px4io-v2_default.build/nuttx-export/libs\libnuttx.a(fs-fs_ioctl.o)
                0x0800837c                ioctl
 .text.inode_checkflags
                0x080083c8       0x2a c:/px4/workspace/PX4Firmware/Build/px4io-v2_default.build/nuttx-export/libs\libnuttx.a(fs-fs_open.o)
                0x080083c8                inode_checkflags
 .text.open     0x080083f2       0x94 c:/px4/workspace/PX4Firmware/Build/px4io-v2_default.build/nuttx-export/libs\libnuttx.a(fs-fs_open.o)
                0x080083f2                open
 .text.read     0x08008486       0x62 c:/px4/workspace/PX4Firmware/Build/px4io-v2_default.build/nuttx-export/libs\libnuttx.a(fs-fs_read.o)
                0x08008486                read
 .text.uart_ioctl
                0x080084e8       0xd2 c:/px4/workspace/PX4Firmware/Build/px4io-v2_default.build/nuttx-export/libs\libnuttx.a(drivers-serial.o)
 *fill*         0x080085ba        0x2 00
 .text.uart_takesem
                0x080085bc       0x34 c:/px4/workspace/PX4Firmware/Build/px4io-v2_default.build/nuttx-export/libs\libnuttx.a(drivers-serial.o)
 .text.uart_putxmitchar
                0x080085f0       0x84 c:/px4/workspace/PX4Firmware/Build/px4io-v2_default.build/nuttx-export/libs\libnuttx.a(drivers-serial.o)
 .text.uart_write
                0x08008674       0xe4 c:/px4/workspace/PX4Firmware/Build/px4io-v2_default.build/nuttx-export/libs\libnuttx.a(drivers-serial.o)
 .text.uart_read
                0x08008758       0xee c:/px4/workspace/PX4Firmware/Build/px4io-v2_default.build/nuttx-export/libs\libnuttx.a(drivers-serial.o)
 .text.uart_open
                0x08008846       0x9e c:/px4/workspace/PX4Firmware/Build/px4io-v2_default.build/nuttx-export/libs\libnuttx.a(drivers-serial.o)
 .text.uart_close
                0x080088e4       0x80 c:/px4/workspace/PX4Firmware/Build/px4io-v2_default.build/nuttx-export/libs\libnuttx.a(drivers-serial.o)
 .text.uart_register
                0x08008964       0x54 c:/px4/workspace/PX4Firmware/Build/px4io-v2_default.build/nuttx-export/libs\libnuttx.a(drivers-serial.o)
                0x08008964                uart_register
 .text.uart_datareceived
                0x080089b8       0x10 c:/px4/workspace/PX4Firmware/Build/px4io-v2_default.build/nuttx-export/libs\libnuttx.a(drivers-serial.o)
                0x080089b8                uart_datareceived
 .text.uart_datasent
                0x080089c8       0x10 c:/px4/workspace/PX4Firmware/Build/px4io-v2_default.build/nuttx-export/libs\libnuttx.a(drivers-serial.o)
                0x080089c8                uart_datasent
 .text.uart_xmitchars
                0x080089d8       0x6e c:/px4/workspace/PX4Firmware/Build/px4io-v2_default.build/nuttx-export/libs\libnuttx.a(drivers-serialirq.o)
                0x080089d8                uart_xmitchars
 .text.uart_recvchars
                0x08008a46       0x5e c:/px4/workspace/PX4Firmware/Build/px4io-v2_default.build/nuttx-export/libs\libnuttx.a(drivers-serialirq.o)
                0x08008a46                uart_recvchars
 .text.get_errno_ptr
                0x08008aa4       0x28 c:/px4/workspace/PX4Firmware/Build/px4io-v2_default.build/nuttx-export/libs\libnuttx.a(sched-errno_getptr.o)
                0x08008aa4                get_errno_ptr
 .text.exit     0x08008acc       0x1c c:/px4/workspace/PX4Firmware/Build/px4io-v2_default.build/nuttx-export/libs\libnuttx.a(sched-exit.o)
                0x08008acc                exit
 .text.getpid   0x08008ae8       0x10 c:/px4/workspace/PX4Firmware/Build/px4io-v2_default.build/nuttx-export/libs\libnuttx.a(sched-getpid.o)
                0x08008ae8                getpid
 .text.os_start
                0x08008af8      0x124 c:/px4/workspace/PX4Firmware/Build/px4io-v2_default.build/nuttx-export/libs\libnuttx.a(sched-os_start.o)
                0x08008af8                os_start
 .text.sched_garbagecollection
                0x08008c1c       0x2c c:/px4/workspace/PX4Firmware/Build/px4io-v2_default.build/nuttx-export/libs\libnuttx.a(sched-sched_garbage.o)
                0x08008c1c                sched_garbagecollection
 .text.sched_getfiles
                0x08008c48       0x10 c:/px4/workspace/PX4Firmware/Build/px4io-v2_default.build/nuttx-export/libs\libnuttx.a(sched-sched_getfiles.o)
                0x08008c48                sched_getfiles
 .text.sem_post
                0x08008c58       0x5c c:/px4/workspace/PX4Firmware/Build/px4io-v2_default.build/nuttx-export/libs\libnuttx.a(sched-sem_post.o)
                0x08008c58                sem_post
 .text.sem_trywait
                0x08008cb4       0x4c c:/px4/workspace/PX4Firmware/Build/px4io-v2_default.build/nuttx-export/libs\libnuttx.a(sched-sem_trywait.o)
                0x08008cb4                sem_trywait
 .text.sem_wait
                0x08008d00       0x84 c:/px4/workspace/PX4Firmware/Build/px4io-v2_default.build/nuttx-export/libs\libnuttx.a(sched-sem_wait.o)
                0x08008d00                sem_wait
 .text.task_exithook
                0x08008d84       0x1e c:/px4/workspace/PX4Firmware/Build/px4io-v2_default.build/nuttx-export/libs\libnuttx.a(sched-task_exithook.o)
                0x08008d84                task_exithook
 .text.task_recover
                0x08008da2       0x26 c:/px4/workspace/PX4Firmware/Build/px4io-v2_default.build/nuttx-export/libs\libnuttx.a(sched-task_recover.o)
                0x08008da2                task_recover
 .text.wd_cancel
                0x08008dc8       0x6c c:/px4/workspace/PX4Firmware/Build/px4io-v2_default.build/nuttx-export/libs\libnuttx.a(sched-wd_cancel.o)
                0x08008dc8                wd_cancel
 .text.wd_delete
                0x08008e34       0x3c c:/px4/workspace/PX4Firmware/Build/px4io-v2_default.build/nuttx-export/libs\libnuttx.a(sched-wd_delete.o)
                0x08008e34                wd_delete
 .text.wd_initialize
                0x08008e70       0x44 c:/px4/workspace/PX4Firmware/Build/px4io-v2_default.build/nuttx-export/libs\libnuttx.a(sched-wd_initialize.o)
                0x08008e70                wd_initialize
 .text.dq_addfirst
                0x08008eb4       0x18 c:/px4/workspace/PX4Firmware/Build/px4io-v2_default.build/nuttx-export/libs\libnuttx.a(c-dq_addfirst.o)
                0x08008eb4                dq_addfirst
 .text.cfgetspeed
                0x08008ecc        0x4 c:/px4/workspace/PX4Firmware/Build/px4io-v2_default.build/nuttx-export/libs\libnuttx.a(c-lib_cfgetspeed.o)
                0x08008ecc                cfgetspeed
 .text.lib_checkbase
                0x08008ed0       0x50 c:/px4/workspace/PX4Firmware/Build/px4io-v2_default.build/nuttx-export/libs\libnuttx.a(c-lib_checkbase.o)
                0x08008ed0                lib_checkbase
 .text.lib_isbasedigit
                0x08008f20       0x4e c:/px4/workspace/PX4Firmware/Build/px4io-v2_default.build/nuttx-export/libs\libnuttx.a(c-lib_isbasedigit.o)
                0x08008f20                lib_isbasedigit
 .text.utodec   0x08008f6e       0x22 c:/px4/workspace/PX4Firmware/Build/px4io-v2_default.build/nuttx-export/libs\libnuttx.a(c-lib_libvsprintf.o)
 .text.utooct   0x08008f90       0x1c c:/px4/workspace/PX4Firmware/Build/px4io-v2_default.build/nuttx-export/libs\libnuttx.a(c-lib_libvsprintf.o)
 .text.utobin   0x08008fac       0x1c c:/px4/workspace/PX4Firmware/Build/px4io-v2_default.build/nuttx-export/libs\libnuttx.a(c-lib_libvsprintf.o)
 .text.llutodec
                0x08008fc8       0x3e c:/px4/workspace/PX4Firmware/Build/px4io-v2_default.build/nuttx-export/libs\libnuttx.a(c-lib_libvsprintf.o)
 .text.llutooct
                0x08009006       0x2a c:/px4/workspace/PX4Firmware/Build/px4io-v2_default.build/nuttx-export/libs\libnuttx.a(c-lib_libvsprintf.o)
 .text.llutobin
                0x08009030       0x24 c:/px4/workspace/PX4Firmware/Build/px4io-v2_default.build/nuttx-export/libs\libnuttx.a(c-lib_libvsprintf.o)
 .text.prejustify
                0x08009054       0x84 c:/px4/workspace/PX4Firmware/Build/px4io-v2_default.build/nuttx-export/libs\libnuttx.a(c-lib_libvsprintf.o)
 .text.utohex   0x080090d8       0x40 c:/px4/workspace/PX4Firmware/Build/px4io-v2_default.build/nuttx-export/libs\libnuttx.a(c-lib_libvsprintf.o)
 .text.utoascii
                0x08009118       0x8a c:/px4/workspace/PX4Firmware/Build/px4io-v2_default.build/nuttx-export/libs\libnuttx.a(c-lib_libvsprintf.o)
 .text.llutohex
                0x080091a2       0x4e c:/px4/workspace/PX4Firmware/Build/px4io-v2_default.build/nuttx-export/libs\libnuttx.a(c-lib_libvsprintf.o)
 .text.llutoascii
                0x080091f0       0x92 c:/px4/workspace/PX4Firmware/Build/px4io-v2_default.build/nuttx-export/libs\libnuttx.a(c-lib_libvsprintf.o)
 .text.postjustify.part.2
                0x08009282       0x20 c:/px4/workspace/PX4Firmware/Build/px4io-v2_default.build/nuttx-export/libs\libnuttx.a(c-lib_libvsprintf.o)
 *fill*         0x080092a2        0x2 00
 .text.lib_vsprintf
                0x080092a4      0x2c8 c:/px4/workspace/PX4Firmware/Build/px4io-v2_default.build/nuttx-export/libs\libnuttx.a(c-lib_libvsprintf.o)
                0x080092a4                lib_vsprintf
 .text.lowoutstream_putc
                0x0800956c       0x16 c:/px4/workspace/PX4Firmware/Build/px4io-v2_default.build/nuttx-export/libs\libnuttx.a(c-lib_lowoutstream.o)
 *fill*         0x08009582        0x2 00
 .text.lib_lowoutstream
                0x08009584       0x10 c:/px4/workspace/PX4Firmware/Build/px4io-v2_default.build/nuttx-export/libs\libnuttx.a(c-lib_lowoutstream.o)
                0x08009584                lib_lowoutstream
 .text.memoutstream_putc
                0x08009594       0x1a c:/px4/workspace/PX4Firmware/Build/px4io-v2_default.build/nuttx-export/libs\libnuttx.a(c-lib_memoutstream.o)
 *fill*         0x080095ae        0x2 00
 .text.lib_memoutstream
                0x080095b0       0x18 c:/px4/workspace/PX4Firmware/Build/px4io-v2_default.build/nuttx-export/libs\libnuttx.a(c-lib_memoutstream.o)
                0x080095b0                lib_memoutstream
 .text.nulloutstream_putc
                0x080095c8        0x8 c:/px4/workspace/PX4Firmware/Build/px4io-v2_default.build/nuttx-export/libs\libnuttx.a(c-lib_nulloutstream.o)
 .text.lib_nulloutstream
                0x080095d0       0x10 c:/px4/workspace/PX4Firmware/Build/px4io-v2_default.build/nuttx-export/libs\libnuttx.a(c-lib_nulloutstream.o)
                0x080095d0                lib_nulloutstream
 .text.lib_skipspace
                0x080095e0       0x24 c:/px4/workspace/PX4Firmware/Build/px4io-v2_default.build/nuttx-export/libs\libnuttx.a(c-lib_skipspace.o)
                0x080095e0                lib_skipspace
 .text.strcpy   0x08009604       0x10 c:/px4/workspace/PX4Firmware/Build/px4io-v2_default.build/nuttx-export/libs\libnuttx.a(c-lib_strcpy.o)
                0x08009604                strcpy
 .text.strlen   0x08009614       0x10 c:/px4/workspace/PX4Firmware/Build/px4io-v2_default.build/nuttx-export/libs\libnuttx.a(c-lib_strlen.o)
                0x08009614                strlen
 .text.sem_init
                0x08009624       0x1e c:/px4/workspace/PX4Firmware/Build/px4io-v2_default.build/nuttx-export/libs\libnuttx.a(c-sem_init.o)
                0x08009624                sem_init
 .text.sq_remfirst
                0x08009642       0x14 c:/px4/workspace/PX4Firmware/Build/px4io-v2_default.build/nuttx-export/libs\libnuttx.a(c-sq_remfirst.o)
                0x08009642                sq_remfirst
 .text.mm_addfreechunk
                0x08009656       0x36 c:/px4/workspace/PX4Firmware/Build/px4io-v2_default.build/nuttx-export/libs\libnuttx.a(mm-mm_addfreechunk.o)
                0x08009656                mm_addfreechunk
 .text.mm_addregion
                0x0800968c       0x4e c:/px4/workspace/PX4Firmware/Build/px4io-v2_default.build/nuttx-export/libs\libnuttx.a(mm-mm_initialize.o)
                0x0800968c                mm_addregion
 .text.mm_initialize
                0x080096da       0x4a c:/px4/workspace/PX4Firmware/Build/px4io-v2_default.build/nuttx-export/libs\libnuttx.a(mm-mm_initialize.o)
                0x080096da                mm_initialize
 .text.up_allocate_heap
                0x08009724       0x14 c:/px4/workspace/PX4Firmware/Build/px4io-v2_default.build/nuttx-export/libs\libnuttx.a(arch-stm32_allocateheap.o)
                0x08009724                up_allocate_heap
 .text.up_idle  0x08009738        0x4 c:/px4/workspace/PX4Firmware/Build/px4io-v2_default.build/nuttx-export/libs\libnuttx.a(arch-stm32_idle.o)
                0x08009738                up_idle
 .text.up_lowputc
                0x0800973c       0x18 c:/px4/workspace/PX4Firmware/Build/px4io-v2_default.build/nuttx-export/libs\libnuttx.a(arch-stm32_lowputc.o)
                0x0800973c                up_lowputc
 .text.stm32_lowsetup
                0x08009754       0x68 c:/px4/workspace/PX4Firmware/Build/px4io-v2_default.build/nuttx-export/libs\libnuttx.a(arch-stm32_lowputc.o)
                0x08009754                stm32_lowsetup
 .text.stm32_clockconfig
                0x080097bc       0xcc c:/px4/workspace/PX4Firmware/Build/px4io-v2_default.build/nuttx-export/libs\libnuttx.a(arch-stm32_rcc.o)
                0x080097bc                stm32_clockconfig
 .text.up_block_task
                0x08009888       0x70 c:/px4/workspace/PX4Firmware/Build/px4io-v2_default.build/nuttx-export/libs\libnuttx.a(arch-up_blocktask.o)
                0x08009888                up_block_task
 .text.up_copystate
                0x080098f8       0x12 c:/px4/workspace/PX4Firmware/Build/px4io-v2_default.build/nuttx-export/libs\libnuttx.a(arch-up_copystate.o)
                0x080098f8                up_copystate
 .text          0x0800990a       0x5e c:/px4/workspace/PX4Firmware/Build/px4io-v2_default.build/nuttx-export/libs\libnuttx.a(arch-up_exception.o)
                0x0800990a                exception_common
 .text._exit    0x08009968       0x1c c:/px4/workspace/PX4Firmware/Build/px4io-v2_default.build/nuttx-export/libs\libnuttx.a(arch-up_exit.o)
                0x08009968                _exit
 .text          0x08009984        0xa c:/px4/workspace/PX4Firmware/Build/px4io-v2_default.build/nuttx-export/libs\libnuttx.a(arch-up_fullcontextrestore.o)
                0x08009984                up_fullcontextrestore
 *fill*         0x0800998e        0x2 00
 .text.up_initialize
                0x08009990       0x28 c:/px4/workspace/PX4Firmware/Build/px4io-v2_default.build/nuttx-export/libs\libnuttx.a(arch-up_initialize.o)
                0x08009990                up_initialize
 .text.up_initial_state
                0x080099b8       0x2c c:/px4/workspace/PX4Firmware/Build/px4io-v2_default.build/nuttx-export/libs\libnuttx.a(arch-up_initialstate.o)
                0x080099b8                up_initial_state
 .text.up_interrupt_context
                0x080099e4       0x10 c:/px4/workspace/PX4Firmware/Build/px4io-v2_default.build/nuttx-export/libs\libnuttx.a(arch-up_interruptcontext.o)
                0x080099e4                up_interrupt_context
 .text.up_mdelay
                0x080099f4       0x2c c:/px4/workspace/PX4Firmware/Build/px4io-v2_default.build/nuttx-export/libs\libnuttx.a(arch-up_mdelay.o)
                0x080099f4                up_mdelay
 .text          0x08009a20        0xc c:/px4/workspace/PX4Firmware/Build/px4io-v2_default.build/nuttx-export/libs\libnuttx.a(arch-up_switchcontext.o)
                0x08009a20                up_switchcontext
 .text.up_unblock_task
                0x08009a2c       0x58 c:/px4/workspace/PX4Firmware/Build/px4io-v2_default.build/nuttx-export/libs\libnuttx.a(arch-up_unblocktask.o)
                0x08009a2c                up_unblock_task
 .text._files_close
                0x08009a84       0x2a c:/px4/workspace/PX4Firmware/Build/px4io-v2_default.build/nuttx-export/libs\libnuttx.a(fs-fs_files.o)
 *fill*         0x08009aae        0x2 00
 .text._files_semtake
                0x08009ab0       0x28 c:/px4/workspace/PX4Firmware/Build/px4io-v2_default.build/nuttx-export/libs\libnuttx.a(fs-fs_files.o)
 .text.files_initialize
                0x08009ad8        0x2 c:/px4/workspace/PX4Firmware/Build/px4io-v2_default.build/nuttx-export/libs\libnuttx.a(fs-fs_files.o)
                0x08009ad8                files_initialize
 .text.files_initlist
                0x08009ada        0x8 c:/px4/workspace/PX4Firmware/Build/px4io-v2_default.build/nuttx-export/libs\libnuttx.a(fs-fs_files.o)
                0x08009ada                files_initlist
 .text.files_releaselist
                0x08009ae2       0x20 c:/px4/workspace/PX4Firmware/Build/px4io-v2_default.build/nuttx-export/libs\libnuttx.a(fs-fs_files.o)
                0x08009ae2                files_releaselist
 .text.files_dup
                0x08009b02       0x86 c:/px4/workspace/PX4Firmware/Build/px4io-v2_default.build/nuttx-export/libs\libnuttx.a(fs-fs_files.o)
                0x08009b02                files_dup
 .text.files_allocate
                0x08009b88       0x54 c:/px4/workspace/PX4Firmware/Build/px4io-v2_default.build/nuttx-export/libs\libnuttx.a(fs-fs_files.o)
                0x08009b88                files_allocate
 .text.files_close
                0x08009bdc       0x3a c:/px4/workspace/PX4Firmware/Build/px4io-v2_default.build/nuttx-export/libs\libnuttx.a(fs-fs_files.o)
                0x08009bdc                files_close
 .text.files_release
                0x08009c16       0x2c c:/px4/workspace/PX4Firmware/Build/px4io-v2_default.build/nuttx-export/libs\libnuttx.a(fs-fs_files.o)
                0x08009c16                files_release
 .text.inode_addref
                0x08009c42       0x1a c:/px4/workspace/PX4Firmware/Build/px4io-v2_default.build/nuttx-export/libs\libnuttx.a(fs-fs_inodeaddref.o)
                0x08009c42                inode_addref
 .text.inode_find
                0x08009c5c       0x32 c:/px4/workspace/PX4Firmware/Build/px4io-v2_default.build/nuttx-export/libs\libnuttx.a(fs-fs_inodefind.o)
                0x08009c5c                inode_find
 .text.inode_release
                0x08009c8e       0x40 c:/px4/workspace/PX4Firmware/Build/px4io-v2_default.build/nuttx-export/libs\libnuttx.a(fs-fs_inoderelease.o)
                0x08009c8e                inode_release
 .text.register_driver
                0x08009cce       0x32 c:/px4/workspace/PX4Firmware/Build/px4io-v2_default.build/nuttx-export/libs\libnuttx.a(fs-fs_registerdriver.o)
                0x08009cce                register_driver
 .text.group_allocate
                0x08009d00       0x18 c:/px4/workspace/PX4Firmware/Build/px4io-v2_default.build/nuttx-export/libs\libnuttx.a(sched-group_create.o)
                0x08009d00                group_allocate
 .text.group_initialize
                0x08009d18        0xa c:/px4/workspace/PX4Firmware/Build/px4io-v2_default.build/nuttx-export/libs\libnuttx.a(sched-group_create.o)
                0x08009d18                group_initialize
 .text.group_leave
                0x08009d22       0x26 c:/px4/workspace/PX4Firmware/Build/px4io-v2_default.build/nuttx-export/libs\libnuttx.a(sched-group_leave.o)
                0x08009d22                group_leave
 .text.group_setupidlefiles
                0x08009d48       0x40 c:/px4/workspace/PX4Firmware/Build/px4io-v2_default.build/nuttx-export/libs\libnuttx.a(sched-group_setupidlefiles.o)
                0x08009d48                group_setupidlefiles
 .text.os_bringup
                0x08009d88       0x30 c:/px4/workspace/PX4Firmware/Build/px4io-v2_default.build/nuttx-export/libs\libnuttx.a(sched-os_bringup.o)
                0x08009d88                os_bringup
 .text.sched_addblocked
                0x08009db8       0x3c c:/px4/workspace/PX4Firmware/Build/px4io-v2_default.build/nuttx-export/libs\libnuttx.a(sched-sched_addblocked.o)
                0x08009db8                sched_addblocked
 .text.sched_addprioritized
                0x08009df4       0x5c c:/px4/workspace/PX4Firmware/Build/px4io-v2_default.build/nuttx-export/libs\libnuttx.a(sched-sched_addprioritized.o)
                0x08009df4                sched_addprioritized
 .text.sched_addreadytorun
                0x08009e50       0x5c c:/px4/workspace/PX4Firmware/Build/px4io-v2_default.build/nuttx-export/libs\libnuttx.a(sched-sched_addreadytorun.o)
                0x08009e50                sched_addreadytorun
 .text.sched_ufree
                0x08009eac       0x3c c:/px4/workspace/PX4Firmware/Build/px4io-v2_default.build/nuttx-export/libs\libnuttx.a(sched-sched_free.o)
                0x08009eac                sched_ufree
 .text.sched_mergepending
                0x08009ee8       0x70 c:/px4/workspace/PX4Firmware/Build/px4io-v2_default.build/nuttx-export/libs\libnuttx.a(sched-sched_mergepending.o)
                0x08009ee8                sched_mergepending
 .text.sched_removeblocked
                0x08009f58       0x30 c:/px4/workspace/PX4Firmware/Build/px4io-v2_default.build/nuttx-export/libs\libnuttx.a(sched-sched_removeblocked.o)
                0x08009f58                sched_removeblocked
 .text.sched_removereadytorun
                0x08009f88       0x38 c:/px4/workspace/PX4Firmware/Build/px4io-v2_default.build/nuttx-export/libs\libnuttx.a(sched-sched_removereadytorun.o)
                0x08009f88                sched_removereadytorun
 .text.sem_destroy
                0x08009fc0       0x28 c:/px4/workspace/PX4Firmware/Build/px4io-v2_default.build/nuttx-export/libs\libnuttx.a(sched-sem_destroy.o)
                0x08009fc0                sem_destroy
 .text.thread_create
                0x08009fe8       0xa4 c:/px4/workspace/PX4Firmware/Build/px4io-v2_default.build/nuttx-export/libs\libnuttx.a(sched-task_create.o)
 .text.task_create
                0x0800a08c       0x18 c:/px4/workspace/PX4Firmware/Build/px4io-v2_default.build/nuttx-export/libs\libnuttx.a(sched-task_create.o)
                0x0800a08c                task_create
 .text.task_exit
                0x0800a0a4       0x4c c:/px4/workspace/PX4Firmware/Build/px4io-v2_default.build/nuttx-export/libs\libnuttx.a(sched-task_exit.o)
                0x0800a0a4                task_exit
 .text.task_schedsetup
                0x0800a0f0       0xac c:/px4/workspace/PX4Firmware/Build/px4io-v2_default.build/nuttx-export/libs\libnuttx.a(sched-task_setup.o)
                0x0800a0f0                task_schedsetup
 .text.task_argsetup
                0x0800a19c       0x64 c:/px4/workspace/PX4Firmware/Build/px4io-v2_default.build/nuttx-export/libs\libnuttx.a(sched-task_setup.o)
                0x0800a19c                task_argsetup
 .text.task_start
                0x0800a200       0x28 c:/px4/workspace/PX4Firmware/Build/px4io-v2_default.build/nuttx-export/libs\libnuttx.a(sched-task_start.o)
                0x0800a200                task_start
 .text.task_terminate
                0x0800a228       0x78 c:/px4/workspace/PX4Firmware/Build/px4io-v2_default.build/nuttx-export/libs\libnuttx.a(sched-task_terminate.o)
                0x0800a228                task_terminate
 .text.dq_addlast
                0x0800a2a0       0x18 c:/px4/workspace/PX4Firmware/Build/px4io-v2_default.build/nuttx-export/libs\libnuttx.a(c-dq_addlast.o)
                0x0800a2a0                dq_addlast
 .text.dq_rem   0x0800a2b8       0x1c c:/px4/workspace/PX4Firmware/Build/px4io-v2_default.build/nuttx-export/libs\libnuttx.a(c-dq_rem.o)
                0x0800a2b8                dq_rem
 .text.strdup   0x0800a2d4       0x1c c:/px4/workspace/PX4Firmware/Build/px4io-v2_default.build/nuttx-export/libs\libnuttx.a(c-lib_strdup.o)
                0x0800a2d4                strdup
 .text.up_timerisr
                0x0800a2f0        0xa c:/px4/workspace/PX4Firmware/Build/px4io-v2_default.build/nuttx-export/libs\libnuttx.a(arch-stm32_timerisr.o)
                0x0800a2f0                up_timerisr
 *fill*         0x0800a2fa        0x2 00
 .text.up_timerinit
                0x0800a2fc       0x40 c:/px4/workspace/PX4Firmware/Build/px4io-v2_default.build/nuttx-export/libs\libnuttx.a(arch-stm32_timerisr.o)
                0x0800a2fc                up_timerinit
 .text.up_create_stack
                0x0800a33c       0x42 c:/px4/workspace/PX4Firmware/Build/px4io-v2_default.build/nuttx-export/libs\libnuttx.a(arch-up_createstack.o)
                0x0800a33c                up_create_stack
 *fill*         0x0800a37e        0x2 00
 .text.up_doirq
                0x0800a380       0x2c c:/px4/workspace/PX4Firmware/Build/px4io-v2_default.build/nuttx-export/libs\libnuttx.a(arch-up_doirq.o)
                0x0800a380                up_doirq
 .text.up_release_stack
                0x0800a3ac       0x16 c:/px4/workspace/PX4Firmware/Build/px4io-v2_default.build/nuttx-export/libs\libnuttx.a(arch-up_releasestack.o)
                0x0800a3ac                up_release_stack
 .text.close    0x0800a3c2       0x24 c:/px4/workspace/PX4Firmware/Build/px4io-v2_default.build/nuttx-export/libs\libnuttx.a(fs-fs_close.o)
                0x0800a3c2                close
 .text.dup2     0x0800a3e6       0x4c c:/px4/workspace/PX4Firmware/Build/px4io-v2_default.build/nuttx-export/libs\libnuttx.a(fs-fs_filedup2.o)
                0x0800a3e6                dup2
 *fill*         0x0800a432        0x2 00
 .text.fs_initialize
                0x0800a434       0x20 c:/px4/workspace/PX4Firmware/Build/px4io-v2_default.build/nuttx-export/libs\libnuttx.a(fs-fs_inode.o)
                0x0800a434                fs_initialize
 .text.inode_semtake
                0x0800a454       0x2c c:/px4/workspace/PX4Firmware/Build/px4io-v2_default.build/nuttx-export/libs\libnuttx.a(fs-fs_inode.o)
                0x0800a454                inode_semtake
 .text.inode_semgive
                0x0800a480        0xc c:/px4/workspace/PX4Firmware/Build/px4io-v2_default.build/nuttx-export/libs\libnuttx.a(fs-fs_inode.o)
                0x0800a480                inode_semgive
 .text.inode_free
                0x0800a48c       0x1e c:/px4/workspace/PX4Firmware/Build/px4io-v2_default.build/nuttx-export/libs\libnuttx.a(fs-fs_inode.o)
                0x0800a48c                inode_free
 .text.inode_nextname
                0x0800a4aa       0x12 c:/px4/workspace/PX4Firmware/Build/px4io-v2_default.build/nuttx-export/libs\libnuttx.a(fs-fs_inode.o)
                0x0800a4aa                inode_nextname
 .text.inode_search
                0x0800a4bc       0x9c c:/px4/workspace/PX4Firmware/Build/px4io-v2_default.build/nuttx-export/libs\libnuttx.a(fs-fs_inode.o)
                0x0800a4bc                inode_search
 .text.inode_alloc
                0x0800a558       0x36 c:/px4/workspace/PX4Firmware/Build/px4io-v2_default.build/nuttx-export/libs\libnuttx.a(fs-fs_inodereserve.o)
 *fill*         0x0800a58e        0x2 00
 .text.inode_reserve
                0x0800a590       0xa4 c:/px4/workspace/PX4Firmware/Build/px4io-v2_default.build/nuttx-export/libs\libnuttx.a(fs-fs_inodereserve.o)
                0x0800a590                inode_reserve
 .text.group_setuptaskfiles
                0x0800a634        0xe c:/px4/workspace/PX4Firmware/Build/px4io-v2_default.build/nuttx-export/libs\libnuttx.a(sched-group_setuptaskfiles.o)
                0x0800a634                group_setuptaskfiles
 *fill*         0x0800a642        0x2 00
 .text.irq_dispatch
                0x0800a644       0x24 c:/px4/workspace/PX4Firmware/Build/px4io-v2_default.build/nuttx-export/libs\libnuttx.a(sched-irq_dispatch.o)
                0x0800a644                irq_dispatch
 .text.sched_gettcb
                0x0800a668       0x28 c:/px4/workspace/PX4Firmware/Build/px4io-v2_default.build/nuttx-export/libs\libnuttx.a(sched-sched_gettcb.o)
                0x0800a668                sched_gettcb
 .text.sched_lock
                0x0800a690       0x30 c:/px4/workspace/PX4Firmware/Build/px4io-v2_default.build/nuttx-export/libs\libnuttx.a(sched-sched_lock.o)
                0x0800a690                sched_lock
 .text.sched_process_timer
                0x0800a6c0       0x1c c:/px4/workspace/PX4Firmware/Build/px4io-v2_default.build/nuttx-export/libs\libnuttx.a(sched-sched_processtimer.o)
                0x0800a6c0                sched_process_timer
 .text.sched_releasetcb
                0x0800a6dc       0x58 c:/px4/workspace/PX4Firmware/Build/px4io-v2_default.build/nuttx-export/libs\libnuttx.a(sched-sched_releasetcb.o)
                0x0800a6dc                sched_releasetcb
 .text.sched_unlock
                0x0800a734       0x48 c:/px4/workspace/PX4Firmware/Build/px4io-v2_default.build/nuttx-export/libs\libnuttx.a(sched-sched_unlock.o)
                0x0800a734                sched_unlock
 .text.task_activate
                0x0800a77c       0x18 c:/px4/workspace/PX4Firmware/Build/px4io-v2_default.build/nuttx-export/libs\libnuttx.a(sched-task_activate.o)
                0x0800a77c                task_activate
 .text.up_release_pending
                0x0800a794       0x38 c:/px4/workspace/PX4Firmware/Build/px4io-v2_default.build/nuttx-export/libs\libnuttx.a(arch-up_releasepending.o)
                0x0800a794                up_release_pending
 .text          0x0800a7cc       0x18 c:/px4/toolchain/bin/../lib/gcc/arm-none-eabi/4.6.2/armv7-m/libgcc.a(_lshrdi3.o)
                0x0800a7cc                __lshrdi3
                0x0800a7cc                __aeabi_llsr
 .text          0x0800a7e4      0x21c c:/px4/toolchain/bin/../lib/gcc/arm-none-eabi/4.6.2/armv7-m/libgcc.a(_arm_addsubsf3.o)
                0x0800a7e4                __aeabi_frsub
                0x0800a7ec                __subsf3
                0x0800a7ec                __aeabi_fsub
                0x0800a7f0                __aeabi_fadd
                0x0800a7f0                __addsf3
                0x0800a950                __aeabi_ui2f
                0x0800a950                __floatunsisf
                0x0800a958                __aeabi_i2f
                0x0800a958                __floatsisf
                0x0800a974                __aeabi_ul2f
                0x0800a974                __floatundisf
                0x0800a984                __aeabi_l2f
                0x0800a984                __floatdisf
 .text          0x0800aa00      0x2a0 c:/px4/toolchain/bin/../lib/gcc/arm-none-eabi/4.6.2/armv7-m/libgcc.a(_arm_muldivsf3.o)
                0x0800aa00                __mulsf3
                0x0800aa00                __aeabi_fmul
                0x0800ab68                __aeabi_fdiv
                0x0800ab68                __divsf3
 .text          0x0800aca0       0xec c:/px4/toolchain/bin/../lib/gcc/arm-none-eabi/4.6.2/armv7-m/libgcc.a(_arm_cmpsf2.o)
                0x0800aca0                __gesf2
                0x0800aca0                __gtsf2
                0x0800aca8                __lesf2
                0x0800aca8                __ltsf2
                0x0800acb0                __nesf2
                0x0800acb0                __eqsf2
                0x0800acb0                __cmpsf2
                0x0800ad10                __aeabi_cfrcmple
                0x0800ad18                __aeabi_cfcmpeq
                0x0800ad18                __aeabi_cfcmple
                0x0800ad28                __aeabi_fcmpeq
                0x0800ad3c                __aeabi_fcmplt
                0x0800ad50                __aeabi_fcmple
                0x0800ad64                __aeabi_fcmpge
                0x0800ad78                __aeabi_fcmpgt
 .text          0x0800ad8c       0x4c c:/px4/toolchain/bin/../lib/gcc/arm-none-eabi/4.6.2/armv7-m/libgcc.a(_arm_fixsfsi.o)
                0x0800ad8c                __aeabi_f2iz
                0x0800ad8c                __fixsfsi
 .text          0x0800add8       0x40 c:/px4/toolchain/bin/../lib/gcc/arm-none-eabi/4.6.2/armv7-m/libgcc.a(_arm_fixunssfsi.o)
                0x0800add8                __fixunssfsi
                0x0800add8                __aeabi_f2uiz
 .text          0x0800ae18       0x2c c:/px4/toolchain/bin/../lib/gcc/arm-none-eabi/4.6.2/armv7-m/libgcc.a(_aeabi_uldivmod.o)
                0x0800ae18                __aeabi_uldivmod
 .text          0x0800ae44       0x5c c:/px4/toolchain/bin/../lib/gcc/arm-none-eabi/4.6.2/armv7-m/libgcc.a(bpabi.o)
                0x0800ae44                __gnu_ldivmod_helper
                0x0800ae74                __gnu_uldivmod_helper
 .text          0x0800aea0        0x4 c:/px4/toolchain/bin/../lib/gcc/arm-none-eabi/4.6.2/armv7-m/libgcc.a(_dvmd_tls.o)
                0x0800aea0                __aeabi_idiv0
                0x0800aea0                __aeabi_ldiv0
 .text          0x0800aea4      0x2c8 c:/px4/toolchain/bin/../lib/gcc/arm-none-eabi/4.6.2/armv7-m/libgcc.a(_divdi3.o)
                0x0800aea4                __divdi3
 .text          0x0800b16c      0x298 c:/px4/toolchain/bin/../lib/gcc/arm-none-eabi/4.6.2/armv7-m/libgcc.a(_udivdi3.o)
                0x0800b16c                __udivdi3
 *(.fixup)
 *(.gnu.warning)
 *(.rodata .rodata.*)
 .rodata.pwm_channels
                0x0800b404       0x40 c:/px4/workspace/PX4Firmware/Build/px4io-v2_default.build/c/px4/workspace/PX4Firmware/src/drivers/boards/px4io-v2/module.pre.o
                0x0800b404                pwm_channels
 .rodata.pwm_timers
                0x0800b444       0x40 c:/px4/workspace/PX4Firmware/Build/px4io-v2_default.build/c/px4/workspace/PX4Firmware/src/drivers/boards/px4io-v2/module.pre.o
                0x0800b444                pwm_timers
 .rodata.str1.4
                0x0800b484      0x2d0 c:/px4/workspace/PX4Firmware/Build/px4io-v2_default.build/c/px4/workspace/PX4Firmware/src/modules/px4iofirmware/module.pre.o
 .rodata.r_page_config
                0x0800b754       0x14 c:/px4/workspace/PX4Firmware/Build/px4io-v2_default.build/c/px4/workspace/PX4Firmware/src/modules/px4iofirmware/module.pre.o
 .rodata.sbus_decoder
                0x0800b768       0xc0 c:/px4/workspace/PX4Firmware/Build/px4io-v2_default.build/c/px4/workspace/PX4Firmware/src/modules/px4iofirmware/module.pre.o
 .rodata._ZTV5Mixer
                0x0800b828       0x18 c:/px4/workspace/PX4Firmware/Build/px4io-v2_default.build/c/px4/workspace/PX4Firmware/src/modules/px4iofirmware/module.pre.o
                0x0800b828                vtable for Mixer
 .rodata._ZTV9NullMixer
                0x0800b840       0x18 c:/px4/workspace/PX4Firmware/Build/px4io-v2_default.build/c/px4/workspace/PX4Firmware/src/modules/px4iofirmware/module.pre.o
                0x0800b840                vtable for NullMixer
 .rodata._ZTV10MixerGroup
                0x0800b858       0x18 c:/px4/workspace/PX4Firmware/Build/px4io-v2_default.build/c/px4/workspace/PX4Firmware/src/modules/px4iofirmware/module.pre.o
                0x0800b858                vtable for MixerGroup
 .rodata._ZN12_GLOBAL__N_1L13_config_hex_xE
                0x0800b870       0x48 c:/px4/workspace/PX4Firmware/Build/px4io-v2_default.build/c/px4/workspace/PX4Firmware/src/modules/px4iofirmware/module.pre.o
 .rodata._ZN12_GLOBAL__N_1L14_config_octa_xE
                0x0800b8b8       0x60 c:/px4/workspace/PX4Firmware/Build/px4io-v2_default.build/c/px4/workspace/PX4Firmware/src/modules/px4iofirmware/module.pre.o
 .rodata._ZN12_GLOBAL__N_1L19_config_rotor_countE
                0x0800b918       0x24 c:/px4/workspace/PX4Firmware/Build/px4io-v2_default.build/c/px4/workspace/PX4Firmware/src/modules/px4iofirmware/module.pre.o
 .rodata._ZN12_GLOBAL__N_1L16_config_hex_plusE
                0x0800b93c       0x48 c:/px4/workspace/PX4Firmware/Build/px4io-v2_default.build/c/px4/workspace/PX4Firmware/src/modules/px4iofirmware/module.pre.o
 .rodata._ZN12_GLOBAL__N_1L17_config_octa_plusE
                0x0800b984       0x60 c:/px4/workspace/PX4Firmware/Build/px4io-v2_default.build/c/px4/workspace/PX4Firmware/src/modules/px4iofirmware/module.pre.o
 .rodata._ZN12_GLOBAL__N_1L17_config_quad_plusE
                0x0800b9e4       0x30 c:/px4/workspace/PX4Firmware/Build/px4io-v2_default.build/c/px4/workspace/PX4Firmware/src/modules/px4iofirmware/module.pre.o
 .rodata._ZN12_GLOBAL__N_113_config_indexE
                0x0800ba14       0x24 c:/px4/workspace/PX4Firmware/Build/px4io-v2_default.build/c/px4/workspace/PX4Firmware/src/modules/px4iofirmware/module.pre.o
 .rodata._ZN12_GLOBAL__N_1L17_config_quad_wideE
                0x0800ba38       0x30 c:/px4/workspace/PX4Firmware/Build/px4io-v2_default.build/c/px4/workspace/PX4Firmware/src/modules/px4iofirmware/module.pre.o
 .rodata._ZN12_GLOBAL__N_1L16_config_octa_coxE
                0x0800ba68       0x60 c:/px4/workspace/PX4Firmware/Build/px4io-v2_default.build/c/px4/workspace/PX4Firmware/src/modules/px4iofirmware/module.pre.o
 .rodata._ZN12_GLOBAL__N_1L14_config_quad_vE
                0x0800bac8       0x30 c:/px4/workspace/PX4Firmware/Build/px4io-v2_default.build/c/px4/workspace/PX4Firmware/src/modules/px4iofirmware/module.pre.o
 .rodata._ZN12_GLOBAL__N_1L14_config_quad_xE
                0x0800baf8       0x30 c:/px4/workspace/PX4Firmware/Build/px4io-v2_default.build/c/px4/workspace/PX4Firmware/src/modules/px4iofirmware/module.pre.o
 .rodata._ZTV15MultirotorMixer
                0x0800bb28       0x18 c:/px4/workspace/PX4Firmware/Build/px4io-v2_default.build/c/px4/workspace/PX4Firmware/src/modules/px4iofirmware/module.pre.o
                0x0800bb28                vtable for MultirotorMixer
 .rodata._ZTV11SimpleMixer
                0x0800bb40       0x18 c:/px4/workspace/PX4Firmware/Build/px4io-v2_default.build/c/px4/workspace/PX4Firmware/src/modules/px4iofirmware/module.pre.o
                0x0800bb40                vtable for SimpleMixer
 .rodata.crc8_tab
                0x0800bb58      0x100 c:/px4/workspace/PX4Firmware/Build/px4io-v2_default.build/c/px4/workspace/PX4Firmware/src/modules/px4iofirmware/module.pre.o
 .rodata.str1.1
                0x0800bc58       0x14 c:/px4/workspace/PX4Firmware/Build/px4io-v2_default.build/nuttx-export/libs\libnuttx.a(sched-irq_unexpectedisr.o)
 .rodata.crc32_tab
                0x0800bc6c      0x400 c:/px4/workspace/PX4Firmware/Build/px4io-v2_default.build/nuttx-export/libs\libnuttx.a(c-lib_crc32.o)
 .rodata.str1.1
                0x0800c06c       0x14 c:/px4/workspace/PX4Firmware/Build/px4io-v2_default.build/nuttx-export/libs\libnuttx.a(c-lib_sscanf.o)
 .rodata.spaces
                0x0800c080        0x7 c:/px4/workspace/PX4Firmware/Build/px4io-v2_default.build/nuttx-export/libs\libnuttx.a(c-lib_sscanf.o)
 .rodata.str1.1
                0x0800c087        0x9 c:/px4/workspace/PX4Firmware/Build/px4io-v2_default.build/nuttx-export/libs\libnuttx.a(mm-mm_sem.o)
 .rodata.str1.1
                0x0800c090       0x17 c:/px4/workspace/PX4Firmware/Build/px4io-v2_default.build/nuttx-export/libs\libnuttx.a(arch-stm32_dma.o)
 *fill*         0x0800c0a7        0x1 00
 .rodata.g_gpiobase
                0x0800c0a8       0x10 c:/px4/workspace/PX4Firmware/Build/px4io-v2_default.build/nuttx-export/libs\libnuttx.a(arch-stm32_gpio.o)
                0x0800c0a8                g_gpiobase
 .rodata.str1.1
                0x0800c0b8       0x23 c:/px4/workspace/PX4Firmware/Build/px4io-v2_default.build/nuttx-export/libs\libnuttx.a(arch-stm32_serial.o)
 *fill*         0x0800c0db        0x1 00
 .rodata.uart_devs
                0x0800c0dc        0xc c:/px4/workspace/PX4Firmware/Build/px4io-v2_default.build/nuttx-export/libs\libnuttx.a(arch-stm32_serial.o)
 .rodata.g_uart_dma_ops
                0x0800c0e8       0x30 c:/px4/workspace/PX4Firmware/Build/px4io-v2_default.build/nuttx-export/libs\libnuttx.a(arch-stm32_serial.o)
 .rodata.g_uart_ops
                0x0800c118       0x30 c:/px4/workspace/PX4Firmware/Build/px4io-v2_default.build/nuttx-export/libs\libnuttx.a(arch-stm32_serial.o)
 .rodata.str1.1
                0x0800c148      0x160 c:/px4/workspace/PX4Firmware/Build/px4io-v2_default.build/nuttx-export/libs\libnuttx.a(arch-up_assert.o)
 .rodata.str1.1
                0x0800c2a8       0x17 c:/px4/workspace/PX4Firmware/Build/px4io-v2_default.build/nuttx-export/libs\libnuttx.a(arch-up_hardfault.o)
 .rodata.str1.1
                0x0800c2bf       0x19 c:/px4/workspace/PX4Firmware/Build/px4io-v2_default.build/nuttx-export/libs\libnuttx.a(cxx-libxx_cxapurevirtual.o)
 .rodata.str1.1
                0x0800c2d8       0x10 c:/px4/workspace/PX4Firmware/Build/px4io-v2_default.build/nuttx-export/libs\libnuttx.a(drivers-serial.o)
 .rodata.g_serialops
                0x0800c2e8       0x18 c:/px4/workspace/PX4Firmware/Build/px4io-v2_default.build/nuttx-export/libs\libnuttx.a(drivers-serial.o)
 .rodata.g_idlename
                0x0800c300        0xa c:/px4/workspace/PX4Firmware/Build/px4io-v2_default.build/nuttx-export/libs\libnuttx.a(sched-os_start.o)
 *fill*         0x0800c30a        0x2 00
 .rodata.g_tasklisttable
                0x0800c30c       0x30 c:/px4/workspace/PX4Firmware/Build/px4io-v2_default.build/nuttx-export/libs\libnuttx.a(sched-os_start.o)
                0x0800c30c                g_tasklisttable
 .rodata.str1.1
                0x0800c33c        0xb c:/px4/workspace/PX4Firmware/Build/px4io-v2_default.build/nuttx-export/libs\libnuttx.a(sched-sem_post.o)
 .rodata.str1.1
                0x0800c347        0xb c:/px4/workspace/PX4Firmware/Build/px4io-v2_default.build/nuttx-export/libs\libnuttx.a(sched-sem_wait.o)
 .rodata.str1.1
                0x0800c352        0xc c:/px4/workspace/PX4Firmware/Build/px4io-v2_default.build/nuttx-export/libs\libnuttx.a(sched-wd_cancel.o)
 .rodata.g_nullstring
                0x0800c35e        0x7 c:/px4/workspace/PX4Firmware/Build/px4io-v2_default.build/nuttx-export/libs\libnuttx.a(c-lib_libvsprintf.o)
 .rodata.str1.1
                0x0800c365       0x1c c:/px4/workspace/PX4Firmware/Build/px4io-v2_default.build/nuttx-export/libs\libnuttx.a(c-lib_libvsprintf.o)
 .rodata        0x0800c381        0x4 c:/px4/workspace/PX4Firmware/Build/px4io-v2_default.build/nuttx-export/libs\libnuttx.a(arch-stm32_vectors.o)
                0x0800c381                g_idle_topstack
 .rodata.str1.1
                0x0800c385       0x17 c:/px4/workspace/PX4Firmware/Build/px4io-v2_default.build/nuttx-export/libs\libnuttx.a(arch-up_blocktask.o)
 .rodata.str1.1
                0x0800c39c       0x19 c:/px4/workspace/PX4Firmware/Build/px4io-v2_default.build/nuttx-export/libs\libnuttx.a(arch-up_unblocktask.o)
 .rodata.str1.1
                0x0800c3b5        0xb c:/px4/workspace/PX4Firmware/Build/px4io-v2_default.build/nuttx-export/libs\libnuttx.a(fs-fs_files.o)
 .rodata.str1.1
                0x00000000        0xd c:/px4/workspace/PX4Firmware/Build/px4io-v2_default.build/nuttx-export/libs\libnuttx.a(sched-group_setupidlefiles.o)
 .rodata.str1.1
                0x0800c3c0       0x12 c:/px4/workspace/PX4Firmware/Build/px4io-v2_default.build/nuttx-export/libs\libnuttx.a(sched-os_bringup.o)
 .rodata.str1.1
                0x0800c3d2       0x13 c:/px4/workspace/PX4Firmware/Build/px4io-v2_default.build/nuttx-export/libs\libnuttx.a(sched-sched_addblocked.o)
 .rodata.str1.1
                0x0800c3e5       0x17 c:/px4/workspace/PX4Firmware/Build/px4io-v2_default.build/nuttx-export/libs\libnuttx.a(sched-sched_addprioritized.o)
 .rodata.str1.1
                0x0800c3fc       0x16 c:/px4/workspace/PX4Firmware/Build/px4io-v2_default.build/nuttx-export/libs\libnuttx.a(sched-sched_addreadytorun.o)
 .rodata.str1.1
                0x0800c412       0x15 c:/px4/workspace/PX4Firmware/Build/px4io-v2_default.build/nuttx-export/libs\libnuttx.a(sched-sched_mergepending.o)
 .rodata.str1.1
                0x0800c427       0x16 c:/px4/workspace/PX4Firmware/Build/px4io-v2_default.build/nuttx-export/libs\libnuttx.a(sched-sched_removeblocked.o)
 .rodata.str1.1
                0x0800c43d       0x19 c:/px4/workspace/PX4Firmware/Build/px4io-v2_default.build/nuttx-export/libs\libnuttx.a(sched-sched_removereadytorun.o)
 .rodata.g_noname
                0x0800c456        0x9 c:/px4/workspace/PX4Firmware/Build/px4io-v2_default.build/nuttx-export/libs\libnuttx.a(sched-task_setup.o)
 .rodata.str1.1
                0x0800c45f       0x11 c:/px4/workspace/PX4Firmware/Build/px4io-v2_default.build/nuttx-export/libs\libnuttx.a(sched-task_terminate.o)
 .rodata.str1.1
                0x0800c470        0xb c:/px4/workspace/PX4Firmware/Build/px4io-v2_default.build/nuttx-export/libs\libnuttx.a(fs-fs_inode.o)
 .rodata.str1.1
                0x0800c47b        0xd c:/px4/workspace/PX4Firmware/Build/px4io-v2_default.build/nuttx-export/libs\libnuttx.a(sched-sched_lock.o)
 *(.gnu.linkonce.t.*)
 *(.glue_7)
 .glue_7        0x00000000        0x0 linker stubs
 *(.glue_7t)
 .glue_7t       0x00000000        0x0 linker stubs
 *(.got)
 *(.gcc_except_table)
 *(.gnu.linkonce.r.*)
                0x0800c488                _etext = ABSOLUTE (.)

.vfp11_veneer   0x0800c488        0x0
 .vfp11_veneer  0x00000000        0x0 linker stubs

.v4_bx          0x0800c488        0x0
 .v4_bx         0x00000000        0x0 linker stubs

.init_section   0x0800c488        0x4
                0x0800c488                _sinit = ABSOLUTE (.)
 *(.init_array .init_array.*)
 .init_array    0x0800c488        0x4 c:/px4/workspace/PX4Firmware/Build/px4io-v2_default.build/c/px4/workspace/PX4Firmware/src/modules/px4iofirmware/module.pre.o
                0x0800c48c                _einit = ABSOLUTE (.)

.ARM.extab
 *(.ARM.extab*)
                0x0800c48c                __exidx_start = ABSOLUTE (.)

.ARM.exidx      0x0800c48c        0x8
 *(.ARM.exidx*)
 .ARM.exidx     0x0800c48c        0x8 c:/px4/toolchain/bin/../lib/gcc/arm-none-eabi/4.6.2/armv7-m/libgcc.a(_divdi3.o)
 .ARM.exidx     0x0800c494        0x0 c:/px4/toolchain/bin/../lib/gcc/arm-none-eabi/4.6.2/armv7-m/libgcc.a(_udivdi3.o)
                                  0x8 (size before relaxing)
                0x0800c494                __exidx_end = ABSOLUTE (.)
                0x0800c494                _eronly = ABSOLUTE (.)

.data           0x20000000      0x1f8 load address 0x0800c494
                0x20000000                _sdata = ABSOLUTE (.)
 *(.data .data.*)
 .data.dsm_fd   0x20000000        0x4 c:/px4/workspace/PX4Firmware/Build/px4io-v2_default.build/c/px4/workspace/PX4Firmware/src/modules/px4iofirmware/module.pre.o
 .data.r_page_servo_control_min
                0x20000004       0x10 c:/px4/workspace/PX4Firmware/Build/px4io-v2_default.build/c/px4/workspace/PX4Firmware/src/modules/px4iofirmware/module.pre.o
 .data.r_page_servo_control_max
                0x20000014       0x10 c:/px4/workspace/PX4Firmware/Build/px4io-v2_default.build/c/px4/workspace/PX4Firmware/src/modules/px4iofirmware/module.pre.o
 .data.r_page_setup
                0x20000024       0x1c c:/px4/workspace/PX4Firmware/Build/px4io-v2_default.build/c/px4/workspace/PX4Firmware/src/modules/px4iofirmware/module.pre.o
 .data.sbus_fd  0x20000040        0x4 c:/px4/workspace/PX4Firmware/Build/px4io-v2_default.build/c/px4/workspace/PX4Firmware/src/modules/px4iofirmware/module.pre.o
 .data.g_dma    0x20000044       0x70 c:/px4/workspace/PX4Firmware/Build/px4io-v2_default.build/nuttx-export/libs\libnuttx.a(arch-stm32_dma.o)
 .data.g_usart1priv
                0x200000b4       0x6c c:/px4/workspace/PX4Firmware/Build/px4io-v2_default.build/nuttx-export/libs\libnuttx.a(arch-stm32_serial.o)
 .data.g_usart2priv
                0x20000120       0x6c c:/px4/workspace/PX4Firmware/Build/px4io-v2_default.build/nuttx-export/libs\libnuttx.a(arch-stm32_serial.o)
 .data.g_usart3priv
                0x2000018c       0x6c c:/px4/workspace/PX4Firmware/Build/px4io-v2_default.build/nuttx-export/libs\libnuttx.a(arch-stm32_serial.o)
 *(.gnu.linkonce.d.*)
                0x200001f8                _edata = ABSOLUTE (.)

.bss            0x200001f8      0xb12 load address 0x0800c690
                0x200001f8                _sbss = ABSOLUTE (.)
 *(.bss .bss.*)
 .bss.callout_queue
                0x200001f8        0x8 c:/px4/workspace/PX4Firmware/Build/px4io-v2_default.build/c/px4/workspace/PX4Firmware/src/drivers/stm32/module.pre.o
 .bss.ppm_edge_history
                0x20000200       0x40 c:/px4/workspace/PX4Firmware/Build/px4io-v2_default.build/c/px4/workspace/PX4Firmware/src/drivers/stm32/module.pre.o
                0x20000200                ppm_edge_history
 .bss.ppm_pulse_history
                0x20000240       0x40 c:/px4/workspace/PX4Firmware/Build/px4io-v2_default.build/c/px4/workspace/PX4Firmware/src/drivers/stm32/module.pre.o
                0x20000240                ppm_pulse_history
 .bss.ppm_last_valid_decode
                0x20000280        0x8 c:/px4/workspace/PX4Firmware/Build/px4io-v2_default.build/c/px4/workspace/PX4Firmware/src/drivers/stm32/module.pre.o
                0x20000280                ppm_last_valid_decode
 .bss.new_channel_holdoff.5826
                0x20000288        0x4 c:/px4/workspace/PX4Firmware/Build/px4io-v2_default.build/c/px4/workspace/PX4Firmware/src/drivers/stm32/module.pre.o
 .bss.ppm_decoded_channels
                0x2000028c        0x4 c:/px4/workspace/PX4Firmware/Build/px4io-v2_default.build/c/px4/workspace/PX4Firmware/src/drivers/stm32/module.pre.o
                0x2000028c                ppm_decoded_channels
 .bss.ppm_edge_next
                0x20000290        0x4 c:/px4/workspace/PX4Firmware/Build/px4io-v2_default.build/c/px4/workspace/PX4Firmware/src/drivers/stm32/module.pre.o
 .bss.latency_counters
                0x20000294       0x24 c:/px4/workspace/PX4Firmware/Build/px4io-v2_default.build/c/px4/workspace/PX4Firmware/src/drivers/stm32/module.pre.o
 .bss.base_time.5846
                0x200002b8        0x8 c:/px4/workspace/PX4Firmware/Build/px4io-v2_default.build/c/px4/workspace/PX4Firmware/src/drivers/stm32/module.pre.o
 .bss.last_count.5847
                0x200002c0        0x4 c:/px4/workspace/PX4Firmware/Build/px4io-v2_default.build/c/px4/workspace/PX4Firmware/src/drivers/stm32/module.pre.o
 .bss.ppm_pulse_next
                0x200002c4        0x4 c:/px4/workspace/PX4Firmware/Build/px4io-v2_default.build/c/px4/workspace/PX4Firmware/src/drivers/stm32/module.pre.o
 .bss.latency_baseline
                0x200002c8        0x2 c:/px4/workspace/PX4Firmware/Build/px4io-v2_default.build/c/px4/workspace/PX4Firmware/src/drivers/stm32/module.pre.o
 *fill*         0x200002ca        0x2 00
 .bss.ppm_buffer
                0x200002cc       0x28 c:/px4/workspace/PX4Firmware/Build/px4io-v2_default.build/c/px4/workspace/PX4Firmware/src/drivers/stm32/module.pre.o
                0x200002cc                ppm_buffer
 .bss.ppm_temp_buffer
                0x200002f4       0x28 c:/px4/workspace/PX4Firmware/Build/px4io-v2_default.build/c/px4/workspace/PX4Firmware/src/drivers/stm32/module.pre.o
 .bss.ppm_frame_length
                0x2000031c        0x2 c:/px4/workspace/PX4Firmware/Build/px4io-v2_default.build/c/px4/workspace/PX4Firmware/src/drivers/stm32/module.pre.o
                0x2000031c                ppm_frame_length
 .bss.latency_actual
                0x2000031e        0x2 c:/px4/workspace/PX4Firmware/Build/px4io-v2_default.build/c/px4/workspace/PX4Firmware/src/drivers/stm32/module.pre.o
 .bss.new_channel_count.5825
                0x20000320        0x4 c:/px4/workspace/PX4Firmware/Build/px4io-v2_default.build/c/px4/workspace/PX4Firmware/src/drivers/stm32/module.pre.o
 .bss.ppm       0x20000324       0x10 c:/px4/workspace/PX4Firmware/Build/px4io-v2_default.build/c/px4/workspace/PX4Firmware/src/drivers/stm32/module.pre.o
 .bss.adc_perf  0x20000334        0x4 c:/px4/workspace/PX4Firmware/Build/px4io-v2_default.build/c/px4/workspace/PX4Firmware/src/modules/px4iofirmware/module.pre.o
 .bss.c_gather_dsm
                0x20000338        0x4 c:/px4/workspace/PX4Firmware/Build/px4io-v2_default.build/c/px4/workspace/PX4Firmware/src/modules/px4iofirmware/module.pre.o
 .bss.c_gather_ppm
                0x2000033c        0x4 c:/px4/workspace/PX4Firmware/Build/px4io-v2_default.build/c/px4/workspace/PX4Firmware/src/modules/px4iofirmware/module.pre.o
 .bss.c_gather_sbus
                0x20000340        0x4 c:/px4/workspace/PX4Firmware/Build/px4io-v2_default.build/c/px4/workspace/PX4Firmware/src/modules/px4iofirmware/module.pre.o
 .bss.cs11.5844
                0x20000344        0x4 c:/px4/workspace/PX4Firmware/Build/px4io-v2_default.build/c/px4/workspace/PX4Firmware/src/modules/px4iofirmware/module.pre.o
 .bss.dsm_partial_frame_count
                0x20000348        0x4 c:/px4/workspace/PX4Firmware/Build/px4io-v2_default.build/c/px4/workspace/PX4Firmware/src/modules/px4iofirmware/module.pre.o
 .bss.samples.5845
                0x2000034c        0x4 c:/px4/workspace/PX4Firmware/Build/px4io-v2_default.build/c/px4/workspace/PX4Firmware/src/modules/px4iofirmware/module.pre.o
 .bss.dsm_last_rx_time
                0x20000350        0x8 c:/px4/workspace/PX4Firmware/Build/px4io-v2_default.build/c/px4/workspace/PX4Firmware/src/modules/px4iofirmware/module.pre.o
 .bss.cs10.5843
                0x20000358        0x4 c:/px4/workspace/PX4Firmware/Build/px4io-v2_default.build/c/px4/workspace/PX4Firmware/src/modules/px4iofirmware/module.pre.o
 .bss.dsm_frame
                0x2000035c       0x10 c:/px4/workspace/PX4Firmware/Build/px4io-v2_default.build/c/px4/workspace/PX4Firmware/src/modules/px4iofirmware/module.pre.o
 .bss.dsm_frame_drops
                0x2000036c        0x4 c:/px4/workspace/PX4Firmware/Build/px4io-v2_default.build/c/px4/workspace/PX4Firmware/src/modules/px4iofirmware/module.pre.o
 .bss.dsm_last_frame_time
                0x20000370        0x8 c:/px4/workspace/PX4Firmware/Build/px4io-v2_default.build/c/px4/workspace/PX4Firmware/src/modules/px4iofirmware/module.pre.o
 .bss.dsm_channel_shift
                0x20000378        0x4 c:/px4/workspace/PX4Firmware/Build/px4io-v2_default.build/c/px4/workspace/PX4Firmware/src/modules/px4iofirmware/module.pre.o
 .bss.last_msg_counter
                0x2000037c        0x4 c:/px4/workspace/PX4Firmware/Build/px4io-v2_default.build/c/px4/workspace/PX4Firmware/src/modules/px4iofirmware/module.pre.o
 .bss.system_state
                0x20000380       0x18 c:/px4/workspace/PX4Firmware/Build/px4io-v2_default.build/c/px4/workspace/PX4Firmware/src/modules/px4iofirmware/module.pre.o
 .bss.msg_next_out
                0x20000398        0x1 c:/px4/workspace/PX4Firmware/Build/px4io-v2_default.build/c/px4/workspace/PX4Firmware/src/modules/px4iofirmware/module.pre.o
 *fill*         0x20000399        0x7 00
 .bss.serial_dma_call
                0x200003a0       0x20 c:/px4/workspace/PX4Firmware/Build/px4io-v2_default.build/c/px4/workspace/PX4Firmware/src/modules/px4iofirmware/module.pre.o
 .bss.msg_counter
                0x200003c0        0x4 c:/px4/workspace/PX4Firmware/Build/px4io-v2_default.build/c/px4/workspace/PX4Firmware/src/modules/px4iofirmware/module.pre.o
 .bss.msg       0x200003c4       0x50 c:/px4/workspace/PX4Firmware/Build/px4io-v2_default.build/c/px4/workspace/PX4Firmware/src/modules/px4iofirmware/module.pre.o
 .bss.msg_next_in