
Memory Configuration

Name             Origin             Length             Attributes
*default*        0x00000000         0xffffffff

Linker script and memory map

LOAD tone_alarm.cpp.o

.interp
 *(.interp)

.note.gnu.build-id
 *(.note.gnu.build-id)

.hash
 *(.hash)

.gnu.hash
 *(.gnu.hash)

.dynsym
 *(.dynsym)

.dynstr
 *(.dynstr)

.gnu.version
 *(.gnu.version)

.gnu.version_d
 *(.gnu.version_d)

.gnu.version_r
 *(.gnu.version_r)

.rel.init
 *(.rel.init)

.rela.init
 *(.rela.init)

.rel.text
 *(.rel.text)

.rela.text
 *(.rela.text)

.rel.fini
 *(.rel.fini)

.rela.fini
 *(.rela.fini)

.rel.rodata
 *(.rel.rodata)

.rela.rodata
 *(.rela.rodata)

.rel.data.rel.ro
 *(.rel.data.rel.ro)

.rela.data.rel.ro
 *(.rela.data.rel.ro)

.rel.data
 *(.rel.data)

.rela.data
 *(.rela.data)

.rel.tdata
 *(.rel.tdata)

.rela.tdata
 *(.rela.tdata)

.rel.tbss
 *(.rel.tbss)

.rela.tbss
 *(.rela.tbss)

.rel.ctors
 *(.rel.ctors)

.rela.ctors
 *(.rela.ctors)

.rel.dtors
 *(.rel.dtors)

.rela.dtors
 *(.rela.dtors)

.rel.got
 *(.rel.got)

.rela.got
 *(.rela.got)

.rel.bss
 *(.rel.bss)

.rela.bss
 *(.rela.bss)

.rel.iplt
 *(.rel.iplt)

.rela.iplt
 *(.rela.iplt)

.rel.plt
 *(.rel.plt)

.rela.plt
 *(.rela.plt)

.init
 *(.init)

.plt
 *(.plt)

.iplt
 *(.iplt)

.text           0x00000000        0x0
 *(.text .stub)
 .text          0x00000000        0x0 tone_alarm.cpp.o
 *(.gnu.warning)

.text._ZN9ToneAlarm4nameEi
                0x00000000       0x2c
 .text._ZN9ToneAlarm4nameEi
                0x00000000       0x2c tone_alarm.cpp.o
                0x00000000                ToneAlarm::name(int)

.text._ZN9ToneAlarm9next_charEv
                0x00000000       0x50
 .text._ZN9ToneAlarm9next_charEv
                0x00000000       0x50 tone_alarm.cpp.o
                0x00000000                ToneAlarm::next_char()

.text._ZN9ToneAlarm9next_dotsEv
                0x00000000       0x38
 .text._ZN9ToneAlarm9next_dotsEv
                0x00000000       0x38 tone_alarm.cpp.o
                0x00000000                ToneAlarm::next_dots()

.text._ZN9ToneAlarm11next_numberEv
                0x00000000       0x44
 .text._ZN9ToneAlarm11next_numberEv
                0x00000000       0x44 tone_alarm.cpp.o
                0x00000000                ToneAlarm::next_number()

.text._ZN9ToneAlarm13rest_durationEjj
                0x00000000       0x48
 .text._ZN9ToneAlarm13rest_durationEjj
                0x00000000       0x48 tone_alarm.cpp.o
                0x00000000                ToneAlarm::rest_duration(unsigned int, unsigned int)

.text._ZN9ToneAlarm13note_durationERjjj
                0x00000000       0x70
 .text._ZN9ToneAlarm13note_durationERjjj
                0x00000000       0x70 tone_alarm.cpp.o
                0x00000000                ToneAlarm::note_duration(unsigned int&, unsigned int, unsigned int)

.text._ZN12_GLOBAL__N_19play_tuneEj
                0x00000000       0x50
 .text._ZN12_GLOBAL__N_19play_tuneEj
                0x00000000       0x50 tone_alarm.cpp.o

.text._ZN12_GLOBAL__N_111play_stringEPKcb
                0x00000000       0x60
 .text._ZN12_GLOBAL__N_111play_stringEPKcb
                0x00000000       0x60 tone_alarm.cpp.o

.text._ZN9ToneAlarm10start_tuneEPKc
                0x00000000       0x6c
 .text._ZN9ToneAlarm10start_tuneEPKc
                0x00000000       0x6c tone_alarm.cpp.o
                0x00000000                ToneAlarm::start_tune(char const*)

.text._ZN9ToneAlarm5writeEP4filePKcj
                0x00000000       0x78
 .text._ZN9ToneAlarm5writeEP4filePKcj
                0x00000000       0x78 tone_alarm.cpp.o
                0x00000000                ToneAlarm::write(file*, char const*, unsigned int)

.text._ZN9ToneAlarm5ioctlEP4fileim
                0x00000000       0x9c
 .text._ZN9ToneAlarm5ioctlEP4fileim
                0x00000000       0x9c tone_alarm.cpp.o
                0x00000000                ToneAlarm::ioctl(file*, int, unsigned long)

.text._ZN9ToneAlarm9stop_noteEv
                0x00000000       0x38
 .text._ZN9ToneAlarm9stop_noteEv
                0x00000000       0x38 tone_alarm.cpp.o
                0x00000000                ToneAlarm::stop_note()

.text._ZN9ToneAlarm15note_to_divisorEj
                0x00000000       0x6c
 .text._ZN9ToneAlarm15note_to_divisorEj
                0x00000000       0x6c tone_alarm.cpp.o
                0x00000000                ToneAlarm::note_to_divisor(unsigned int)

.text._ZN9ToneAlarm10start_noteEj
                0x00000000       0x60
 .text._ZN9ToneAlarm10start_noteEj
                0x00000000       0x60 tone_alarm.cpp.o
                0x00000000                ToneAlarm::start_note(unsigned int)

.text._ZN9ToneAlarm9next_noteEv
                0x00000000      0x284
 .text._ZN9ToneAlarm9next_noteEv
                0x00000000      0x284 tone_alarm.cpp.o
                0x00000000                ToneAlarm::next_note()

.text._ZN9ToneAlarm15next_trampolineEPv
                0x00000000       0x28
 .text._ZN9ToneAlarm15next_trampolineEPv
                0x00000000       0x28 tone_alarm.cpp.o
                0x00000000                ToneAlarm::next_trampoline(void*)

.text._ZN9ToneAlarm4initEv
                0x00000000       0x8c
 .text._ZN9ToneAlarm4initEv
                0x00000000       0x8c tone_alarm.cpp.o
                0x00000000                ToneAlarm::init()

.text._ZN9ToneAlarmD2Ev
                0x00000000       0x30
 .text._ZN9ToneAlarmD2Ev
                0x00000000       0x30 tone_alarm.cpp.o
                0x00000000                ToneAlarm::~ToneAlarm()
                0x00000000                ToneAlarm::~ToneAlarm()

.text._ZN9ToneAlarmD0Ev
                0x00000000       0x2c
 .text._ZN9ToneAlarmD0Ev
                0x00000000       0x2c tone_alarm.cpp.o
                0x00000000                ToneAlarm::~ToneAlarm()

.text._ZN9ToneAlarmC2Ev
                0x00000000      0x140
 .text._ZN9ToneAlarmC2Ev
                0x00000000      0x140 tone_alarm.cpp.o
                0x00000000                ToneAlarm::ToneAlarm()
                0x00000000                ToneAlarm::ToneAlarm()

.text.tone_alarm_main
                0x00000000      0x130
 .text.tone_alarm_main
                0x00000000      0x130 tone_alarm.cpp.o
                0x00000000                tone_alarm_main

.fini
 *(.fini)

.rodata
 *(.rodata)

.rodata.str1.1  0x00000000      0x2c2
 .rodata.str1.1
                0x00000000      0x2c2 tone_alarm.cpp.o

.rodata._ZTV9ToneAlarm
                0x00000000       0x60
 .rodata._ZTV9ToneAlarm
                0x00000000       0x60 tone_alarm.cpp.o
                0x00000000                vtable for ToneAlarm

.rodata._ZN9ToneAlarm9_note_tabE
                0x00000000        0x7
 .rodata._ZN9ToneAlarm9_note_tabE
                0x00000000        0x7 tone_alarm.cpp.o
                0x00000000                ToneAlarm::_note_tab

.rodata1
 *(.rodata1)

.ARM.extab
 *(.ARM.extab)

.ARM.exidx
 *(.ARM.exidx)

.eh_frame_hdr
 *(.eh_frame_hdr)

.eh_frame
 *(.eh_frame)

.gcc_except_table
 *(.gcc_except_table .gcc_except_table.*)

.eh_frame
 *(.eh_frame)

.gcc_except_table
 *(.gcc_except_table .gcc_except_table.*)

.tdata
 *(.tdata)

.tbss
 *(.tbss)

.preinit_array
 *(.preinit_array)

.jcr
 *(.jcr)

.dynamic
 *(.dynamic)

.got
 *(.got.plt)
 *(.igot.plt)
 *(.got)
 *(.igot)

.data           0x00000000        0x0
 *(.data)
 .data          0x00000000        0x0 tone_alarm.cpp.o

.data1
 *(.data1)

.bss            0x00000000        0x0
 *(.dynbss)
 *(.bss)
 .bss           0x00000000        0x0 tone_alarm.cpp.o
 *(COMMON)

.bss._ZN12_GLOBAL__N_15g_devE
                0x00000000        0x4
 .bss._ZN12_GLOBAL__N_15g_devE
                0x00000000        0x4 tone_alarm.cpp.o

.stab
 *(.stab)

.stabstr
 *(.stabstr)

.stab.excl
 *(.stab.excl)

.stab.exclstr
 *(.stab.exclstr)

.stab.index
 *(.stab.index)

.stab.indexstr
 *(.stab.indexstr)

.comment        0x00000000       0x71
 *(.comment)
 .comment       0x00000000       0x71 tone_alarm.cpp.o

.group          0x00000000        0x8
 .group         0x00000000        0x8 tone_alarm.cpp.o

.debug
 *(.debug)

.line
 *(.line)

.debug_srcinfo
 *(.debug_srcinfo)

.debug_sfnames
 *(.debug_sfnames)

.debug_aranges  0x00000000       0xc0
 *(.debug_aranges)
 .debug_aranges
                0x00000000       0xc0 tone_alarm.cpp.o

.debug_pubnames
 *(.debug_pubnames)

.debug_info     0x00000000     0x1b40
 *(.debug_info)
 .debug_info    0x00000000     0x1b40 tone_alarm.cpp.o

.debug_abbrev   0x00000000      0x400
 *(.debug_abbrev)
 .debug_abbrev  0x00000000      0x400 tone_alarm.cpp.o

.debug_line     0x00000000      0x6ab
 *(.debug_line)
 .debug_line    0x00000000      0x6ab tone_alarm.cpp.o

.debug_frame    0x00000000      0x29c
 *(.debug_frame)
 .debug_frame   0x00000000      0x29c tone_alarm.cpp.o

.debug_str      0x00000000      0xddd
 *(.debug_str)
 .debug_str     0x00000000      0xddd tone_alarm.cpp.o

.debug_loc      0x00000000      0xbe3
 *(.debug_loc)
 .debug_loc     0x00000000      0xbe3 tone_alarm.cpp.o

.debug_macinfo
 *(.debug_macinfo)

.debug_weaknames
 *(.debug_weaknames)

.debug_funcnames
 *(.debug_funcnames)

.debug_typenames
 *(.debug_typenames)

.debug_varnames
 *(.debug_varnames)

.debug_pubtypes
 *(.debug_pubtypes)

.debug_ranges   0x00000000      0x1f8
 *(.debug_ranges)
 .debug_ranges  0x00000000      0x1f8 tone_alarm.cpp.o

.stack
 *(.stack)

.ARM.attributes
                0x00000000       0x37
 *(.ARM.attributes)
 .ARM.attributes
                0x00000000       0x37 tone_alarm.cpp.o
 *(.gnu.attributes)

.note.gnu.arm.ident
 *(.note.gnu.arm.ident)
OUTPUT(c:/px4/workspace/PX4Firmware/Build/px4fmu-v1_APM.build/c/px4/workspace/PX4Firmware/src/drivers/stm32/tone_alarm/module.pre.o elf32-littlearm)
